ARM Linker, 5.03 [Build 76] [MDK-ARM Standard]

==============================================================================

Section Cross References

    delay.o(i.delay_init) refers to misc.o(i.SysTick_CLKSourceConfig) for SysTick_CLKSourceConfig
    delay.o(i.delay_init) refers to system_stm32f10x.o(.data) for SystemCoreClock
    delay.o(i.delay_init) refers to delay.o(.data) for fac_us
    delay.o(i.delay_ms) refers to delay.o(.data) for fac_ms
    delay.o(i.delay_us) refers to delay.o(.data) for fac_us
    key.o(i.KEY_Init) refers to stm32f10x_rcc.o(i.RCC_APB2PeriphClockCmd) for RCC_APB2PeriphClockCmd
    key.o(i.KEY_Init) refers to stm32f10x_gpio.o(i.GPIO_PinRemapConfig) for GPIO_PinRemapConfig
    key.o(i.KEY_Init) refers to stm32f10x_gpio.o(i.GPIO_Init) for GPIO_Init
    key.o(i.KEY_Scan) refers to stm32f10x_gpio.o(i.GPIO_ReadInputDataBit) for GPIO_ReadInputDataBit
    key.o(i.KEY_Scan) refers to delay.o(i.delay_ms) for delay_ms
    key.o(i.KEY_Scan) refers to key.o(.data) for key_up
    led.o(i.LED_Init) refers to stm32f10x_rcc.o(i.RCC_APB2PeriphClockCmd) for RCC_APB2PeriphClockCmd
    led.o(i.LED_Init) refers to stm32f10x_gpio.o(i.GPIO_Init) for GPIO_Init
    led.o(i.LED_Init) refers to stm32f10x_gpio.o(i.GPIO_SetBits) for GPIO_SetBits
    main.o(i.Task100ms) refers to com1010.o(i.sicp_cmd_refresh) for sicp_cmd_refresh
    main.o(i.Task100ms) refers to com4004.o(i.success_receipt) for success_receipt
    main.o(i.Task100ms) refers to com1010.o(i.sicp_cmd_data) for sicp_cmd_data
    main.o(i.Task100ms) refers to com1010.o(i.sicp_led_cmd) for sicp_led_cmd
    main.o(i.Task100ms) refers to com1010.o(i.sicp_alert_cmd) for sicp_alert_cmd
    main.o(i.Task100ms) refers to com1010.o(i.sicp_qe_action_cmd) for sicp_qe_action_cmd
    main.o(i.Task100ms) refers to com4004.o(i.rev_action_perform) for rev_action_perform
    main.o(i.Task100ms) refers to com4004.o(i.rev_qe) for rev_qe
    main.o(i.Task100ms) refers to com4004.o(i.rev_device_status) for rev_device_status
    main.o(i.Task100ms) refers to com4004.o(i.send_device_info_sub) for send_device_info_sub
    main.o(i.Task100ms) refers to com4004.o(i.send_data_sync) for send_data_sync
    main.o(i.Task100ms) refers to sensors_uart.o(i.CO2_usart3_send) for CO2_usart3_send
    main.o(i.Task100ms) refers to timer.o(.data) for SYSFlag1_
    main.o(i.Task100ms) refers to com4004.o(.data) for UART1Flag1_
    main.o(i.Task100ms) refers to com1010.o(.data) for UART2Flag1_
    main.o(i.Task1s) refers to stm32f10x_gpio.o(i.GPIO_ReadOutputDataBit) for GPIO_ReadOutputDataBit
    main.o(i.Task1s) refers to stm32f10x_gpio.o(i.GPIO_WriteBit) for GPIO_WriteBit
    main.o(i.Task1s) refers to com1010.o(i.sicp_send_heartbeart) for sicp_send_heartbeart
    main.o(i.Task1s) refers to com1010.o(i.sicp_broadcast) for sicp_broadcast
    main.o(i.Task1s) refers to com1010.o(i.sicp_cmd_refresh) for sicp_cmd_refresh
    main.o(i.Task1s) refers to timer.o(.data) for SYSFlag1_
    main.o(i.Task1s) refers to com1010.o(.data) for sicp_refr
    main.o(i.Task2ms) refers to main.o(i.test_gpio_pwm) for test_gpio_pwm
    main.o(i.Task2ms) refers to sensors_gpio.o(i.PYD1798_check) for PYD1798_check
    main.o(i.Task2ms) refers to sensors_gpio.o(i.smokeModule_check) for smokeModule_check
    main.o(i.Task2ms) refers to com4004.o(i.analyze) for analyze
    main.o(i.Task2ms) refers to com1010.o(i.rev_anaylze) for rev_anaylze
    main.o(i.Task2ms) refers to timer.o(.data) for SYSFlag1_
    main.o(i.Task2s) refers to sensors.o(i.SHT3X_read) for SHT3X_read
    main.o(i.Task2s) refers to timer.o(.data) for SYSFlag1_
    main.o(i.Task300ms) refers to sensors.o(i.ADC1_value_filter) for ADC1_value_filter
    main.o(i.Task300ms) refers to timer.o(.data) for SYSFlag1_
    main.o(i.main) refers to timer.o(i.TIM2_Init) for TIM2_Init
    main.o(i.main) refers to delay.o(i.delay_init) for delay_init
    main.o(i.main) refers to sys.o(i.NVIC_Configuration) for NVIC_Configuration
    main.o(i.main) refers to usart.o(i.uart1_init) for uart1_init
    main.o(i.main) refers to usart.o(i.uart2_init) for uart2_init
    main.o(i.main) refers to led.o(i.LED_Init) for LED_Init
    main.o(i.main) refers to main.o(i.system_init) for system_init
    main.o(i.main) refers to usart.o(i.Usart2_Send) for Usart2_Send
    main.o(i.main) refers to sensors.o(i.sensors_init_all) for sensors_init_all
    main.o(i.main) refers to main.o(i.test_gpio_config) for test_gpio_config
    main.o(i.main) refers to main.o(i.Task2ms) for Task2ms
    main.o(i.main) refers to main.o(i.Task100ms) for Task100ms
    main.o(i.main) refers to main.o(i.Task300ms) for Task300ms
    main.o(i.main) refers to main.o(i.Task1s) for Task1s
    main.o(i.main) refers to main.o(i.Task2s) for Task2s
    main.o(i.main) refers to com1010.o(.data) for Usart2_Send_Done
    main.o(i.system_init) refers to com4004.o(.bss) for ss
[...]
    .data                                    0x20000070   Section       17  list.o(.data)
    .data                                    0x20000084   Section        4  sensors.o(.data)
    filterFlag                               0x20000084   Data           4  sensors.o(.data)
    .data                                    0x20000088   Section        6  sensors_adc.o(.data)
    .data                                    0x20000090   Section        8  sensors_gpio.o(.data)
    i                                        0x20000094   Data           4  sensors_gpio.o(.data)
    .data                                    0x20000098   Section        2  sensors_sht3x.o(.data)
    .data                                    0x2000009a   Section       20  stm32f10x_rcc.o(.data)
    APBAHBPrescTable                         0x2000009a   Data          16  stm32f10x_rcc.o(.data)
    ADCPrescTable                            0x200000aa   Data           4  stm32f10x_rcc.o(.data)
    .data                                    0x200000b0   Section       20  system_stm32f10x.o(.data)
    .data                                    0x200000c4   Section        4  rand.o(.data)
    _rand_state                              0x200000c4   Data           4  rand.o(.data)
    .data                                    0x200000c8   Section        4  errno.o(.data)
    _errno                                   0x200000c8   Data           4  errno.o(.data)
    .bss                                     0x200000cc   Section    17408  malloc.o(.bss)
    .bss                                     0x200044cc   Section    42220  com4004.o(.bss)
    .bss                                     0x2000e9b8   Section      487  com1010.o(.bss)
    .bss                                     0x2000eba0   Section       92  sensors.o(.bss)
    filterData                               0x2000eba0   Data          36  sensors.o(.bss)
    .bss                                     0x2000ebfc   Section       12  sensors_gpio.o(.bss)
    .bss                                     0x2000ec08   Section       16  sensors_timer.o(.bss)
    .bss                                     0x2000ec18   Section       42  sensors_uart.o(.bss)
    STACK                                    0x2000ec48   Section     1024  startup_stm32f10x_hd.o(STACK)

    Global Symbols

    Symbol Name                              Value     Ov Type        Size  Object(Section)

    BuildAttributes$$THM_ISAv4$P$D$K$B$S$PE$A:L22UL41UL21$X:L11$S22US41US21$IEEE1$IW$USESV6$~STKCKD$USESV7$~SHL$OTIME$ROPI$IEEEX$EBA8$MICROLIB$REQ8$PRES8$EABIv2 0x00000000   Number         0  anon$$obj.o ABSOLUTE
    __ARM_use_no_argv                        0x00000000   Number         0  main.o ABSOLUTE
    __use_no_errno                           0x00000000   Number         0  useno.o ABSOLUTE
    __use_no_exception_handling              0x00000000   Number         0  useno.o ABSOLUTE
    __use_no_fp                              0x00000000   Number         0  useno.o ABSOLUTE
    __use_no_heap                            0x00000000   Number         0  useno.o ABSOLUTE
    __use_no_heap_region                     0x00000000   Number         0  useno.o ABSOLUTE
    __use_no_semihosting                     0x00000000   Number         0  useno.o ABSOLUTE
    __use_no_semihosting_swi                 0x00000000   Number         0  useno.o ABSOLUTE
    __use_no_signal_handling                 0x00000000   Number         0  useno.o ABSOLUTE
    _printf_a                                0x00000000   Number         0  stubs.o ABSOLUTE
    _printf_c                                0x00000000   Number         0  stubs.o ABSOLUTE
    _printf_charcount                        0x00000000   Number         0  stubs.o ABSOLUTE
    _printf_d                                0x00000000   Number         0  stubs.o ABSOLUTE
    _printf_e                                0x00000000   Number         0  stubs.o ABSOLUTE
    _printf_f                                0x00000000   Number         0  stubs.o ABSOLUTE
    _printf_flags                            0x00000000   Number         0  stubs.o ABSOLUTE
    _printf_fp_dec                           0x00000000   Number         0  stubs.o ABSOLUTE
    _printf_fp_hex                           0x00000000   Number         0  stubs.o ABSOLUTE
    _printf_g                                0x00000000   Number         0  stubs.o ABSOLUTE
    _printf_i                                0x00000000   Number         0  stubs.o ABSOLUTE
    _printf_int_dec                          0x00000000   Number         0  stubs.o ABSOLUTE
    _printf_l                                0x00000000   Number         0  stubs.o ABSOLUTE
    _printf_lc                               0x00000000   Number         0  stubs.o ABSOLUTE
    _printf_ll                               0x00000000   Number         0  stubs.o ABSOLUTE
    _printf_lld                              0x00000000   Number         0  stubs.o ABSOLUTE
    _printf_lli                              0x00000000   Number         0  stubs.o ABSOLUTE
    _printf_llo                              0x00000000   Number         0  stubs.o ABSOLUTE
    _printf_llu                              0x00000000   Number         0  stubs.o ABSOLUTE
    _printf_llx                              0x00000000   Number         0  stubs.o ABSOLUTE
    _printf_longlong_dec                     0x00000000   Number         0  stubs.o ABSOLUTE
    _printf_longlong_hex                     0x00000000   Number         0  stubs.o ABSOLUTE
    _printf_longlong_oct                     0x00000000   Number         0  stubs.o ABSOLUTE
    _printf_ls                               0x00000000   Number         0  stubs.o ABSOLUTE
    _printf_mbtowc                           0x00000000   Number         0  stubs.o ABSOLUTE
    _printf_n                                0x00000000   Number         0  stubs.o ABSOLUTE
    _printf_o                                0x00000000   Number         0  stubs.o ABSOLUTE
    _printf_p                                0x00000000   Number         0  stubs.o ABSOLUTE
    _printf_percent                          0x00000000   Number         0  stubs.o ABSOLUTE
    _printf_pre_padding                      0x00000000   Number         0  stubs.o ABSOLUTE
    _printf_return_value                     0x00000000   Number         0  stubs.o ABSOLUTE
    _printf_s                                0x00000000   Number         0  stubs.o ABSOLUTE
    _printf_sizespec                         0x00000000   Number         0  stubs.o ABSOLUTE
    _printf_str                              0x00000000   Number         0  stubs.o ABSOLUTE
    _printf_truncate_signed                  0x00000000   Number         0  stubs.o ABSOLUTE
    _printf_truncate_unsigned                0x00000000   Number         0  stubs.o ABSOLUTE
    _printf_u                                0x00000000   Number         0  stubs.o ABSOLUTE
    _printf_wc                               0x00000000   Number         0  stubs.o ABSOLUTE
    _printf_wctomb                           0x00000000   Number         0  stubs.o ABSOLUTE
    _printf_widthprec                        0x00000000   Number         0  stubs.o ABSOLUTE
    _printf_x                                0x00000000   Number         0  stubs.o ABSOLUTE
    __cpp_initialize__aeabi_                  - Undefined Weak Reference
    __cxa_finalize                            - Undefined Weak Reference
    __decompress                              - Undefined Weak Reference
    _clock_init                               - Undefined Weak Reference
    _microlib_exit                            - Undefined Weak Reference
    __Vectors_Size                           0x00000130   Number         0  startup_stm32f10x_hd.o ABSOLUTE
    __Vectors                                0x08000000   Data           4  startup_stm32f10x_hd.o(RESET)
    __Vectors_End                            0x08000130   Data           0  startup_stm32f10x_hd.o(RESET)
    __main                                   0x08000131   Thumb Code     0  entry.o(.ARM.Collect$$$$00000000)
    _main_stk                                0x08000131   Thumb Code     0  entry2.o(.ARM.Collect$$$$00000001)
    _main_scatterload                        0x08000135   Thumb Code     0  entry5.o(.ARM.Collect$$$$00000004)
    __main_after_scatterload                 0x08000139   Thumb Code     0  entry5.o(.ARM.Collect$$$$00000004)
    _main_clock                              0x08000139   Thumb Code     0  entry7b.o(.ARM.Collect$$$$00000008)
    _main_cpp_init                           0x08000139   Thumb Code     0  entry8b.o(.ARM.Collect$$$$0000000A)
    _main_init                               0x08000139   Thumb Code     0  entry9a.o(.ARM.Collect$$$$0000000B)
    __rt_final_cpp                           0x08000141   Thumb Code     0  entry10a.o(.ARM.Collect$$$$0000000D)
    __rt_final_exit                          0x08000141   Thumb Code     0  entry11a.o(.ARM.Collect$$$$0000000F)
    Reset_Handler                            0x08000145   Thumb Code     8  startup_stm32f10x_hd.o(.text)
    ADC1_2_IRQHandler                        0x0800015f   Thumb Code     0  startup_stm32f10x_hd.o(.text)
    ADC3_IRQHandler                          0x0800015f   Thumb Code     0  startup_stm32f10x_hd.o(.text)
    CAN1_RX1_IRQHandler                      0x0800015f   Thumb Code     0  startup_stm32f10x_hd.o(.text)
    CAN1_SCE_IRQHandler                      0x0800015f   Thumb Code     0  startup_stm32f10x_hd.o(.text)
    DMA1_Channel1_IRQHandler                 0x0800015f   Thumb Code     0  startup_stm32f10x_hd.o(.text)
    DMA1_Channel2_IRQHandler                 0x0800015f   Thumb Code     0  startup_stm32f10x_hd.o(.text)
    DMA1_Channel3_IRQHandler                 0x0800015f   Thumb Code     0  startup_stm32f10x_hd.o(.text)
    DMA1_Channel4_IRQHandler                 0x0800015f   Thumb Code     0  startup_stm32f10x_hd.o(.text)
    DMA1_Channel5_IRQHandler                 0x0800015f   Thumb Code     0  startup_stm32f10x_hd.o(.text)
    DMA1_Channel6_IRQHandler                 0x0800015f   Thumb Code     0  startup_stm32f10x_hd.o(.text)
    DMA1_Channel7_IRQHandler                 0x0800015f   Thumb Code     0  startup_stm32f10x_hd.o(.text)
    DMA2_Channel1_IRQHandler                 0x0800015f   Thumb Code     0  startup_stm32f10x_hd.o(.text)
    DMA2_Channel2_IRQHandler                 0x0800015f   Thumb Code     0  startup_stm32f10x_hd.o(.text)
    DMA2_Channel3_IRQHandler                 0x0800015f   Thumb Code     0  startup_stm32f10x_hd.o(.text)
    DMA2_Channel4_5_IRQHandler               0x0800015f   Thumb Code     0  startup_stm32f10x_hd.o(.text)
    EXTI0_IRQHandler                         0x0800015f   Thumb Code     0  startup_stm32f10x_hd.o(.text)
    EXTI15_10_IRQHandler                     0x0800015f   Thumb Code     0  startup_stm32f10x_hd.o(.text)
    EXTI1_IRQHandler                         0x0800015f   Thumb Code     0  startup_stm32f10x_hd.o(.text)
    EXTI2_IRQHandler                         0x0800015f   Thumb Code     0  startup_stm32f10x_hd.o(.text)
    EXTI3_IRQHandler                         0x0800015f   Thumb Code     0  startup_stm32f10x_hd.o(.text)
    EXTI9_5_IRQHandler                       0x0800015f   Thumb Code     0  startup_stm32f10x_hd.o(.text)
    FLASH_IRQHandler                         0x0800015f   Thumb Code     0  startup_stm32f10x_hd.o(.text)
    FSMC_IRQHandler                          0x0800015f   Thumb Code     0  startup_stm32f10x_hd.o(.text)
    I2C1_ER_IRQHandler                       0x0800015f   Thumb Code     0  startup_stm32f10x_hd.o(.text)
    I2C1_EV_IRQHandler                       0x0800015f   Thumb Code     0  startup_stm32f10x_hd.o(.text)
    I2C2_ER_IRQHandler                       0x0800015f   Thumb Code     0  startup_stm32f10x_hd.o(.text)
    I2C2_EV_IRQHandler                       0x0800015f   Thumb Code     0  startup_stm32f10x_hd.o(.text)
    PVD_IRQHandler                           0x0800015f   Thumb Code     0  startup_stm32f10x_hd.o(.text)
    RCC_IRQHandler                           0x0800015f   Thumb Code     0  startup_stm32f10x_hd.o(.text)
    RTCAlarm_IRQHandler                      0x0800015f   Thumb Code     0  startup_stm32f10x_hd.o(.text)
    RTC_IRQHandler                           0x0800015f   Thumb Code     0  startup_stm32f10x_hd.o(.text)
    SDIO_IRQHandler                          0x0800015f   Thumb Code     0  startup_stm32f10x_hd.o(.text)
    SPI1_IRQHandler                          0x0800015f   Thumb Code     0  startup_stm32f10x_hd.o(.text)
    SPI2_IRQHandler                          0x0800015f   Thumb Code     0  startup_stm32f10x_hd.o(.text)
    SPI3_IRQHandler                          0x0800015f   Thumb Code     0  startup_stm32f10x_hd.o(.text)
    TAMPER_IRQHandler                        0x0800015f   Thumb Code     0  startup_stm32f10x_hd.o(.text)
    TIM1_BRK_IRQHandler                      0x0800015f   Thumb Code     0  startup_stm32f10x_hd.o(.text)
    TIM1_CC_IRQHandler                       0x0800015f   Thumb Code     0  startup_stm32f10x_hd.o(.text)
    TIM1_TRG_COM_IRQHandler                  0x0800015f   Thumb Code     0  startup_stm32f10x_hd.o(.text)
    TIM1_UP_IRQHandler                       0x0800015f   Thumb Code     0  startup_stm32f10x_hd.o(.text)
    TIM4_IRQHandler                          0x0800015f   Thumb Code     0  startup_stm32f10x_hd.o(.text)
    TIM5_IRQHandler                          0x0800015f   Thumb Code     0  startup_stm32f10x_hd.o(.text)
    TIM6_IRQHandler                          0x0800015f   Thumb Code     0  startup_stm32f10x_hd.o(.text)
    TIM7_IRQHandler                          0x0800015f   Thumb Code     0  startup_stm32f10x_hd.o(.text)
    TIM8_BRK_IRQHandler                      0x0800015f   Thumb Code     0  startup_stm32f10x_hd.o(.text)
    TIM8_CC_IRQHandler                       0x0800015f   Thumb Code     0  startup_stm32f10x_hd.o(.text)
    TIM8_TRG_COM_IRQHandler                  0x0800015f   Thumb Code     0  startup_stm32f10x_hd.o(.text)
    TIM8_UP_IRQHandler                       0x0800015f   Thumb Code     0  startup_stm32f10x_hd.o(.text)
    UART4_IRQHandler                         0x0800015f   Thumb Code     0  startup_stm32f10x_hd.o(.text)
    UART5_IRQHandler                         0x0800015f   Thumb Code     0  startup_stm32f10x_hd.o(.text)
    USBWakeUp_IRQHandler                     0x0800015f   Thumb Code     0  startup_stm32f10x_hd.o(.text)
    USB_HP_CAN1_TX_IRQHandler                0x0800015f   Thumb Code     0  startup_stm32f10x_hd.o(.text)
    USB_LP_CAN1_RX0_IRQHandler               0x0800015f   Thumb Code     0  startup_stm32f10x_hd.o(.text)
    WWDG_IRQHandler                          0x0800015f   Thumb Code     0  startup_stm32f10x_hd.o(.text)
    tolower                                  0x08000169   Thumb Code    12  tolower.o(.text)
    rand                                     0x08000175   Thumb Code    20  rand.o(.text)
    srand                                    0x08000189   Thumb Code     6  rand.o(.text)
    __aeabi_memcpy                           0x08000199   Thumb Code    36  memcpya.o(.text)
    __aeabi_memcpy4                          0x08000199   Thumb Code     0  memcpya.o(.text)
    __aeabi_memcpy8                          0x08000199   Thumb Code     0  memcpya.o(.text)
    __aeabi_memset                           0x080001bd   Thumb Code    14  memseta.o(.text)
    __aeabi_memset4                          0x080001bd   Thumb Code     0  memseta.o(.text)
    __aeabi_memset8                          0x080001bd   Thumb Code     0  memseta.o(.text)
    __aeabi_memclr                           0x080001cb   Thumb Code     4  memseta.o(.text)
    __aeabi_memclr4                          0x080001cb   Thumb Code     0  memseta.o(.text)
    __aeabi_memclr8                          0x080001cb   Thumb Code     0  memseta.o(.text)
    _memset$wrapper                          0x080001cf   Thumb Code    18  memseta.o(.text)
    strchr                                   0x080001e1   Thumb Code    20  strchr.o(.text)
    strlen                                   0x080001f5   Thumb Code    14  strlen.o(.text)
    strcpy                                   0x08000203   Thumb Code    18  strcpy.o(.text)
    strncmp                                  0x08000215   Thumb Code    30  strncmp.o(.text)
    __aeabi_fadd                             0x08000233   Thumb Code   164  fadd.o(.text)
    __aeabi_fsub                             0x080002d7   Thumb Code     6  fadd.o(.text)
    __aeabi_frsub                            0x080002dd   Thumb Code     6  fadd.o(.text)
    __aeabi_fmul                             0x080002e3   Thumb Code   108  fmul.o(.text)
    __aeabi_fdiv                             0x0800034f   Thumb Code   128  fdiv.o(.text)
    __aeabi_dadd                             0x080003cf   Thumb Code   322  dadd.o(.text)
    __aeabi_dsub                             0x08000511   Thumb Code     6  dadd.o(.text)
    __aeabi_drsub                            0x08000517   Thumb Code     6  dadd.o(.text)
    __aeabi_dmul                             0x0800051d   Thumb Code   228  dmul.o(.text)
    __aeabi_ddiv                             0x08000601   Thumb Code   222  ddiv.o(.text)
    __aeabi_ui2f                             0x080006df   Thumb Code    10  ffltui.o(.text)
    __aeabi_i2d                              0x080006e9   Thumb Code    34  dflti.o(.text)
    __aeabi_ui2d                             0x0800070b   Thumb Code    26  dfltui.o(.text)
    __aeabi_d2iz                             0x08000725   Thumb Code    62  dfixi.o(.text)
    __aeabi_f2d                              0x08000763   Thumb Code    38  f2d.o(.text)
    __aeabi_cdcmpeq                          0x08000789   Thumb Code     0  cdcmple.o(.text)
    __aeabi_cdcmple                          0x08000789   Thumb Code    38  cdcmple.o(.text)
    __aeabi_cdrcmple                         0x080007b1   Thumb Code    38  cdrcmple.o(.text)
    __aeabi_d2f                              0x080007d9   Thumb Code    56  d2f.o(.text)
    __aeabi_uidiv                            0x08000811   Thumb Code     0  uidiv.o(.text)
    __aeabi_uidivmod                         0x08000811   Thumb Code    44  uidiv.o(.text)
    __aeabi_uldivmod                         0x0800083d   Thumb Code    98  uldiv.o(.text)
    __aeabi_llsl                             0x0800089f   Thumb Code    30  llshl.o(.text)
    _ll_shift_l                              0x0800089f   Thumb Code     0  llshl.o(.text)
    __aeabi_llsr                             0x080008bd   Thumb Code    32  llushr.o(.text)
    _ll_ushift_r                             0x080008bd   Thumb Code     0  llushr.o(.text)
    __aeabi_lasr                             0x080008dd   Thumb Code    36  llsshr.o(.text)
    _ll_sshift_r                             0x080008dd   Thumb Code     0  llsshr.o(.text)
    __I$use$fp                               0x08000901   Thumb Code     0  iusefp.o(.text)
    _float_round                             0x08000901   Thumb Code    18  fepilogue.o(.text)
    _float_epilogue                          0x08000913   Thumb Code    90  fepilogue.o(.text)
    _double_round                            0x0800096d   Thumb Code    26  depilogue.o(.text)
    _double_epilogue                         0x08000987   Thumb Code   164  depilogue.o(.text)
    __ARM_scalbn                             0x08000a2b   Thumb Code    46  dscalb.o(.text)
    scalbn                                   0x08000a2b   Thumb Code     0  dscalb.o(.text)
    __aeabi_d2ulz                            0x08000a59   Thumb Code    48  dfixul.o(.text)
    __scatterload                            0x08000a89   Thumb Code    28  init.o(.text)
    __scatterload_rt2                        0x08000a89   Thumb Code     0  init.o(.text)
    _dsqrt                                   0x08000aad   Thumb Code   162  dsqrt.o(.text)
    ADC1_DMA1_Config                         0x08000b51   Thumb Code    66  sensors_adc.o(i.ADC1_DMA1_Config)
    ADC1_GPIO_Config                         0x08000ba1   Thumb Code    62  sensors_adc.o(i.ADC1_GPIO_Config)
    ADC1_Init_All                            0x08000be9   Thumb Code    32  sensors_adc.o(i.ADC1_Init_All)
    ADC1_Mode_Config                         0x08000c11   Thumb Code   148  sensors_adc.o(i.ADC1_Mode_Config)
    ADC1_value_filter                        0x08000ca9   Thumb Code   404  sensors.o(i.ADC1_value_filter)
    ADC_Cmd                                  0x08000e71   Thumb Code    22  stm32f10x_adc.o(i.ADC_Cmd)
    ADC_DMACmd                               0x08000e87   Thumb Code    22  stm32f10x_adc.o(i.ADC_DMACmd)
    ADC_DeInit                               0x08000e9d   Thumb Code    78  stm32f10x_adc.o(i.ADC_DeInit)
    ADC_GetCalibrationStatus                 0x08000ef9   Thumb Code    20  stm32f10x_adc.o(i.ADC_GetCalibrationStatus)
    ADC_GetResetCalibrationStatus            0x08000f0d   Thumb Code    20  stm32f10x_adc.o(i.ADC_GetResetCalibrationStatus)
    ADC_Init                                 0x08000f21   Thumb Code    70  stm32f10x_adc.o(i.ADC_Init)
    ADC_RegularChannelConfig                 0x08000f71   Thumb Code   184  stm32f10x_adc.o(i.ADC_RegularChannelConfig)
    ADC_ResetCalibration                     0x08001029   Thumb Code    10  stm32f10x_adc.o(i.ADC_ResetCalibration)
    ADC_SoftwareStartConvCmd                 0x08001033   Thumb Code    22  stm32f10x_adc.o(i.ADC_SoftwareStartConvCmd)
    ADC_StartCalibration                     0x08001049   Thumb Code    10  stm32f10x_adc.o(i.ADC_StartCalibration)
    BusFault_Handler                         0x08001053   Thumb Code     4  stm32f10x_it.o(i.BusFault_Handler)
    CO2_NVIC_config                          0x08001057   Thumb Code    34  sensors_uart.o(i.CO2_NVIC_config)
    CO2_RCC_config                           0x08001079   Thumb Code    20  sensors_uart.o(i.CO2_RCC_config)
    CO2_atuo_config                          0x0800108d   Thumb Code    20  sensors_uart.o(i.CO2_atuo_config)
    CO2_gpio_config                          0x080010a5   Thumb Code    54  sensors_uart.o(i.CO2_gpio_config)
    CO2_setr_config                          0x080010e1   Thumb Code    14  sensors_uart.o(i.CO2_setr_config)
    CO2_usart3_checkSum                      0x080010f5   Thumb Code    32  sensors_uart.o(i.CO2_usart3_checkSum)
    CO2_usart3_cmd                           0x08001115   Thumb Code   142  sensors_uart.o(i.CO2_usart3_cmd)
    CO2_usart3_config                        0x080011a9   Thumb Code    68  sensors_uart.o(i.CO2_usart3_config)
    CO2_usart3_init                          0x080011f1   Thumb Code    30  sensors_uart.o(i.CO2_usart3_init)
    CO2_usart3_send                          0x08001215   Thumb Code   156  sensors_uart.o(i.CO2_usart3_send)
    Check_Sum                                0x080012b9   Thumb Code    28  com1010.o(i.Check_Sum)
    DMA_Cmd                                  0x080012d5   Thumb Code    24  stm32f10x_dma.o(i.DMA_Cmd)
    DMA_DeInit                               0x080012ed   Thumb Code   324  stm32f10x_dma.o(i.DMA_DeInit)
    DMA_GetCurrDataCounter                   0x08001439   Thumb Code     8  stm32f10x_dma.o(i.DMA_GetCurrDataCounter)
    DMA_Init                                 0x08001441   Thumb Code    60  stm32f10x_dma.o(i.DMA_Init)
    DMA_SetCurrDataCounter                   0x0800147d   Thumb Code     4  stm32f10x_dma.o(i.DMA_SetCurrDataCounter)
    DebugMon_Handler                         0x08001481   Thumb Code     2  stm32f10x_it.o(i.DebugMon_Handler)
    DelayMicroSeconds                        0x08001483   Thumb Code   138  sensors.o(i.DelayMicroSeconds)
    EXTI4_IRQHandler                         0x0800150d   Thumb Code    16  sensors_gpio.o(i.EXTI4_IRQHandler)
    EXTI_ClearITPendingBit                   0x08001531   Thumb Code     6  stm32f10x_exti.o(i.EXTI_ClearITPendingBit)
    GP2Y1023_NVIC_config                     0x0800153d   Thumb Code    34  sensors_timer.o(i.GP2Y1023_NVIC_config)
    GP2Y1023_gpio_config                     0x08001561   Thumb Code    38  sensors_timer.o(i.GP2Y1023_gpio_config)
    GP2Y1023_pwm_init                        0x0800158d   Thumb Code    40  sensors_timer.o(i.GP2Y1023_pwm_init)
    GP2Y1023_timer_config                    0x080015b9   Thumb Code   134  sensors_timer.o(i.GP2Y1023_timer_config)
    GPIO_Init                                0x08001645   Thumb Code   274  stm32f10x_gpio.o(i.GPIO_Init)
    GPIO_ReadOutputDataBit                   0x08001757   Thumb Code    18  stm32f10x_gpio.o(i.GPIO_ReadOutputDataBit)
    GPIO_ResetBits                           0x08001769   Thumb Code     4  stm32f10x_gpio.o(i.GPIO_ResetBits)
    GPIO_SetBits                             0x0800176d   Thumb Code     4  stm32f10x_gpio.o(i.GPIO_SetBits)
    GPIO_WriteBit                            0x08001771   Thumb Code    10  stm32f10x_gpio.o(i.GPIO_WriteBit)
    HardFault_Handler                        0x0800177b   Thumb Code     4  stm32f10x_it.o(i.HardFault_Handler)
    I2c_Init                                 0x08001781   Thumb Code    50  sensors_i2c_hal.o(i.I2c_Init)
    I2c_ReadByte                             0x080017bd   Thumb Code   160  sensors_i2c_hal.o(i.I2c_ReadByte)
    I2c_StartCondition                       0x08001861   Thumb Code    60  sensors_i2c_hal.o(i.I2c_StartCondition)
    I2c_StopCondition                        0x080018a1   Thumb Code    60  sensors_i2c_hal.o(i.I2c_StopCondition)
    I2c_WaitWhileClockStreching              0x080018e1   Thumb Code    44  sensors_i2c_hal.o(i.I2c_WaitWhileClockStreching)
    I2c_WriteByte                            0x08001911   Thumb Code   122  sensors_i2c_hal.o(i.I2c_WriteByte)
    LED_Init                                 0x08001991   Thumb Code   128  led.o(i.LED_Init)
    MYDMA_Enable                             0x08001a15   Thumb Code    32  usart.o(i.MYDMA_Enable)
    MemManage_Handler                        0x08001a35   Thumb Code     4  stm32f10x_it.o(i.MemManage_Handler)
    NMI_Handler                              0x08001a39   Thumb Code     2  stm32f10x_it.o(i.NMI_Handler)
    NVIC_Configuration                       0x08001a3b   Thumb Code    12  sys.o(i.NVIC_Configuration)
    NVIC_Init                                0x08001a49   Thumb Code   102  misc.o(i.NVIC_Init)
    NVIC_PriorityGroupConfig                 0x08001abd   Thumb Code    10  misc.o(i.NVIC_PriorityGroupConfig)
    NVIC_SetVectorTable                      0x08001ad1   Thumb Code    12  misc.o(i.NVIC_SetVectorTable)
    PYD1798_check                            0x08001ae5   Thumb Code    32  sensors_gpio.o(i.PYD1798_check)
    PYD1798_gpio_init                        0x08001b09   Thumb Code    36  sensors_gpio.o(i.PYD1798_gpio_init)
    PYD1798_pin_in                           0x08001b35   Thumb Code    24  sensors_gpio.o(i.PYD1798_pin_in)
    PYD1798_pin_out                          0x08001b51   Thumb Code    24  sensors_gpio.o(i.PYD1798_pin_out)
    PYD1798_readdigipyro                     0x08001b6d   Thumb Code   154  sensors_gpio.o(i.PYD1798_readdigipyro)
    PendSV_Handler                           0x08001c11   Thumb Code     2  stm32f10x_it.o(i.PendSV_Handler)
    RCC_ADCCLKConfig                         0x08001c15   Thumb Code    18  stm32f10x_rcc.o(i.RCC_ADCCLKConfig)
    RCC_AHBPeriphClockCmd                    0x08001c2d   Thumb Code    26  stm32f10x_rcc.o(i.RCC_AHBPeriphClockCmd)
    RCC_APB1PeriphClockCmd                   0x08001c4d   Thumb Code    26  stm32f10x_rcc.o(i.RCC_APB1PeriphClockCmd)
    RCC_APB1PeriphResetCmd                   0x08001c6d   Thumb Code    26  stm32f10x_rcc.o(i.RCC_APB1PeriphResetCmd)
    RCC_APB2PeriphClockCmd                   0x08001c8d   Thumb Code    26  stm32f10x_rcc.o(i.RCC_APB2PeriphClockCmd)
    RCC_APB2PeriphResetCmd                   0x08001cad   Thumb Code    26  stm32f10x_rcc.o(i.RCC_APB2PeriphResetCmd)
    RCC_GetClocksFreq                        0x08001ccd   Thumb Code   192  stm32f10x_rcc.o(i.RCC_GetClocksFreq)
    SHT3X_CalcCrc                            0x08001da1   Thumb Code    58  sensors_sht3x.o(i.SHT3X_CalcCrc)
    SHT3X_CalcHumidity                       0x08001ddd   Thumb Code    28  sensors_sht3x.o(i.SHT3X_CalcHumidity)
    SHT3X_CalcTemperature                    0x08001e01   Thumb Code    40  sensors_sht3x.o(i.SHT3X_CalcTemperature)
    SHT3X_CheckCrc                           0x08001e35   Thumb Code    30  sensors_sht3x.o(i.SHT3X_CheckCrc)
    SHT3X_Init                               0x08001e53   Thumb Code    40  sensors_sht3x.o(i.SHT3X_Init)
    SHT3X_Read2BytesAndCrc                   0x08001e7b   Thumb Code    88  sensors_sht3x.o(i.SHT3X_Read2BytesAndCrc)
    SHT3X_ReadMeasurementBuffer              0x08001ed3   Thumb Code    90  sensors_sht3x.o(i.SHT3X_ReadMeasurementBuffer)
    SHT3X_SetI2cAdr                          0x08001f2d   Thumb Code    22  sensors_sht3x.o(i.SHT3X_SetI2cAdr)
    SHT3X_SoftReset                          0x08001f4d   Thumb Code    36  sensors_sht3x.o(i.SHT3X_SoftReset)
    SHT3X_StartPeriodicMeasurment            0x08001f71   Thumb Code   300  sensors_sht3x.o(i.SHT3X_StartPeriodicMeasurment)
    SHT3X_StartReadAccess                    0x0800209d   Thumb Code    20  sensors_sht3x.o(i.SHT3X_StartReadAccess)
    SHT3X_StartWriteAccess                   0x080020b5   Thumb Code    20  sensors_sht3x.o(i.SHT3X_StartWriteAccess)
    SHT3X_StopAccess                         0x080020cd   Thumb Code     8  sensors_sht3x.o(i.SHT3X_StopAccess)
    SHT3X_WriteCommand                       0x080020d5   Thumb Code    24  sensors_sht3x.o(i.SHT3X_WriteCommand)
    SHT3X_read                               0x080020ed   Thumb Code    34  sensors.o(i.SHT3X_read)
    SVC_Handler                              0x08002115   Thumb Code     2  stm32f10x_it.o(i.SVC_Handler)
    SysTick_CLKSourceConfig                  0x080021fd   Thumb Code    40  misc.o(i.SysTick_CLKSourceConfig)
    SysTick_Handler                          0x08002225   Thumb Code     2  stm32f10x_it.o(i.SysTick_Handler)
    SystemInit                               0x08002229   Thumb Code    78  system_stm32f10x.o(i.SystemInit)
    TIM2_IRQHandler                          0x080023a1   Thumb Code   186  timer.o(i.TIM2_IRQHandler)
    TIM2_Init                                0x08002465   Thumb Code   110  timer.o(i.TIM2_Init)
    TIM3_IRQHandler                          0x080024d5   Thumb Code    90  sensors_timer.o(i.TIM3_IRQHandler)
    TIM_ClearITPendingBit                    0x08002539   Thumb Code     6  stm32f10x_tim.o(i.TIM_ClearITPendingBit)
    TIM_Cmd                                  0x0800253f   Thumb Code    24  stm32f10x_tim.o(i.TIM_Cmd)
    TIM_DeInit                               0x08002559   Thumb Code   424  stm32f10x_tim.o(i.TIM_DeInit)
    TIM_GetCapture1                          0x08002741   Thumb Code     6  stm32f10x_tim.o(i.TIM_GetCapture1)
    TIM_GetCapture2                          0x08002747   Thumb Code     6  stm32f10x_tim.o(i.TIM_GetCapture2)
    TIM_GetITStatus                          0x0800274d   Thumb Code    34  stm32f10x_tim.o(i.TIM_GetITStatus)
    TIM_ITConfig                             0x0800276f   Thumb Code    18  stm32f10x_tim.o(i.TIM_ITConfig)
    TIM_PWMIConfig                           0x08002781   Thumb Code   124  stm32f10x_tim.o(i.TIM_PWMIConfig)
    TIM_SelectInputTrigger                   0x080027fd   Thumb Code    18  stm32f10x_tim.o(i.TIM_SelectInputTrigger)
    TIM_SelectMasterSlaveMode                0x0800280f   Thumb Code    18  stm32f10x_tim.o(i.TIM_SelectMasterSlaveMode)
    TIM_SelectSlaveMode                      0x08002821   Thumb Code    18  stm32f10x_tim.o(i.TIM_SelectSlaveMode)
    TIM_SetIC1Prescaler                      0x08002833   Thumb Code    18  stm32f10x_tim.o(i.TIM_SetIC1Prescaler)
    TIM_SetIC2Prescaler                      0x08002845   Thumb Code    26  stm32f10x_tim.o(i.TIM_SetIC2Prescaler)
    TIM_TimeBaseInit                         0x08002861   Thumb Code   122  stm32f10x_tim.o(i.TIM_TimeBaseInit)
    Task100ms                                0x08002905   Thumb Code   184  main.o(i.Task100ms)
    Task1s                                   0x080029d1   Thumb Code   208  main.o(i.Task1s)
    Task2ms                                  0x08002aad   Thumb Code    46  main.o(i.Task2ms)
    Task2s                                   0x08002ae1   Thumb Code    30  main.o(i.Task2s)
    Task300ms                                0x08002b05   Thumb Code    30  main.o(i.Task300ms)
    USART1_IRQHandler                        0x08002b29   Thumb Code   176  usart.o(i.USART1_IRQHandler)
    USART2_IRQHandler                        0x08002c05   Thumb Code   104  usart.o(i.USART2_IRQHandler)
    USART3_IRQHandler                        0x08002c85   Thumb Code   152  sensors_uart.o(i.USART3_IRQHandler)
    USART_ClearFlag                          0x08002d25   Thumb Code    18  stm32f10x_usart.o(i.USART_ClearFlag)
    USART_ClearITPendingBit                  0x08002d37   Thumb Code    30  stm32f10x_usart.o(i.USART_ClearITPendingBit)
    USART_Cmd                                0x08002d55   Thumb Code    24  stm32f10x_usart.o(i.USART_Cmd)
    USART_DMACmd                             0x08002d6d   Thumb Code    18  stm32f10x_usart.o(i.USART_DMACmd)
    USART_DeInit                             0x08002d81   Thumb Code   134  stm32f10x_usart.o(i.USART_DeInit)
    USART_GetITStatus                        0x08002e1d   Thumb Code    84  stm32f10x_usart.o(i.USART_GetITStatus)
    USART_ITConfig                           0x08002e71   Thumb Code    74  stm32f10x_usart.o(i.USART_ITConfig)
    USART_Init                               0x08002ebd   Thumb Code   210  stm32f10x_usart.o(i.USART_Init)
    USART_ReceiveData                        0x08002f95   Thumb Code    10  stm32f10x_usart.o(i.USART_ReceiveData)
    UsageFault_Handler                       0x08002f9f   Thumb Code     4  stm32f10x_it.o(i.UsageFault_Handler)
    Usart1_Send                              0x08002fa5   Thumb Code    56  usart.o(i.Usart1_Send)
    Usart2_Send                              0x08002ff1   Thumb Code    50  usart.o(i.Usart2_Send)
    __0printf                                0x08003035   Thumb Code    22  printfa.o(i.__0printf)
    __1printf                                0x08003035   Thumb Code     0  printfa.o(i.__0printf)
    __2printf                                0x08003035   Thumb Code     0  printfa.o(i.__0printf)
    __c89printf                              0x08003035   Thumb Code     0  printfa.o(i.__0printf)
    printf                                   0x08003035   Thumb Code     0  printfa.o(i.__0printf)
    __0sprintf                               0x08003055   Thumb Code    34  printfa.o(i.__0sprintf)
    __1sprintf                               0x08003055   Thumb Code     0  printfa.o(i.__0sprintf)
    __2sprintf                               0x08003055   Thumb Code     0  printfa.o(i.__0sprintf)
    __c89sprintf                             0x08003055   Thumb Code     0  printfa.o(i.__0sprintf)
    sprintf                                  0x08003055   Thumb Code     0  printfa.o(i.__0sprintf)
    __ARM_fpclassify                         0x0800307d   Thumb Code    40  fpclassify.o(i.__ARM_fpclassify)
    __kernel_poly                            0x080030a5   Thumb Code   170  poly.o(i.__kernel_poly)
    __mathlib_dbl_underflow                  0x08003151   Thumb Code    10  dunder.o(i.__mathlib_dbl_underflow)
    __scatterload_copy                       0x08003161   Thumb Code    14  handlers.o(i.__scatterload_copy)
    __scatterload_null                       0x0800316f   Thumb Code     2  handlers.o(i.__scatterload_null)
    __scatterload_zeroinit                   0x08003171   Thumb Code    14  handlers.o(i.__scatterload_zeroinit)
    __set_errno                              0x08003181   Thumb Code     6  errno.o(i.__set_errno)
    addNodeToUartTxSLLast                    0x08003a39   Thumb Code   148  list.o(i.addNodeToUartTxSLLast)
    analyze                                  0x08003ad9   Thumb Code   100  com4004.o(i.analyze)
    ascii2hex                                0x08003b55   Thumb Code    52  com1010.o(i.ascii2hex)
    cJSON_AddItemToArray                     0x08003b89   Thumb Code    42  cjson.o(i.cJSON_AddItemToArray)
    cJSON_AddItemToObject                    0x08003bb5   Thumb Code    44  cjson.o(i.cJSON_AddItemToObject)
    cJSON_CreateArray                        0x08003be5   Thumb Code    18  cjson.o(i.cJSON_CreateArray)
    cJSON_CreateNumber                       0x08003bf7   Thumb Code    36  cjson.o(i.cJSON_CreateNumber)
    cJSON_CreateObject                       0x08003c1b   Thumb Code    18  cjson.o(i.cJSON_CreateObject)
    cJSON_CreateString                       0x08003c2d   Thumb Code    28  cjson.o(i.cJSON_CreateString)
    cJSON_Delete                             0x08003c49   Thumb Code    74  cjson.o(i.cJSON_Delete)
    cJSON_GetArrayItem                       0x08003c99   Thumb Code    18  cjson.o(i.cJSON_GetArrayItem)
    cJSON_GetArraySize                       0x08003cab   Thumb Code    18  cjson.o(i.cJSON_GetArraySize)
    cJSON_GetObjectItem                      0x08003cbd   Thumb Code    30  cjson.o(i.cJSON_GetObjectItem)
    cJSON_Parse                              0x08003cfd   Thumb Code    16  cjson.o(i.cJSON_Parse)
    cJSON_ParseWithOpts                      0x08003d0d   Thumb Code    96  cjson.o(i.cJSON_ParseWithOpts)
    cJSON_PrintUnformatted                   0x08003d71   Thumb Code    16  cjson.o(i.cJSON_PrintUnformatted)
    calc_send_r_length                       0x08003df9   Thumb Code   194  com4004.o(i.calc_send_r_length)
    clear_sicp_buf                           0x08003ebd   Thumb Code    20  com1010.o(i.clear_sicp_buf)
    clear_tx_buf                             0x08003ed5   Thumb Code    94  com4004.o(i.clear_tx_buf)
    deal_action_backlight                    0x08003f3d   Thumb Code   314  com4004.o(i.deal_action_backlight)
    deal_action_perform                      0x080040d1   Thumb Code  1334  com4004.o(i.deal_action_perform)
    deal_action_refresh                      0x08004611   Thumb Code   104  com4004.o(i.deal_action_refresh)
    deal_config_mesh                         0x08004681   Thumb Code   376  com4004.o(i.deal_config_mesh)
    deal_config_ss                           0x08004801   Thumb Code   672  com4004.o(i.deal_config_ss)
    deal_config_st                           0x08004b79   Thumb Code   478  com4004.o(i.deal_config_st)
    deal_config_stragy_hpst                  0x08004da1   Thumb Code  2152  com4004.o(i.deal_config_stragy_hpst)
    deal_config_strategy_htsp                0x08005609   Thumb Code  2306  com4004.o(i.deal_config_strategy_htsp)
    deal_data_sync                           0x08005f15   Thumb Code    40  com4004.o(i.deal_data_sync)
    deal_deepsyn_config_ss                   0x08005f41   Thumb Code   732  com4004.o(i.deal_deepsyn_config_ss)
    deal_device_info                         0x080062e1   Thumb Code  2180  com1010.o(i.deal_device_info)
    deal_device_list                         0x08006b6d   Thumb Code   908  com4004.o(i.deal_device_list)
    deal_device_status                       0x08006f29   Thumb Code  1652  com4004.o(i.deal_device_status)
    deal_mal_cmd                             0x080075b1   Thumb Code   354  com1010.o(i.deal_mal_cmd)
    deal_qe                                  0x08007725   Thumb Code   504  com4004.o(i.deal_qe)
    deal_rev_status                          0x08007921   Thumb Code   504  com1010.o(i.deal_rev_status)
    deal_sc_data_cmd                         0x08007b29   Thumb Code   236  com1010.o(i.deal_sc_data_cmd)
    dela_alarm                               0x08007c1d   Thumb Code    46  com4004.o(i.dela_alarm)
    delay_1us                                0x08007c51   Thumb Code   112  sensors.o(i.delay_1us)
    delay_init                               0x08007cc1   Thumb Code    50  delay.o(i.delay_init)
    deleteNodeFromUartTxSLHead               0x08007d05   Thumb Code   100  list.o(i.deleteNodeFromUartTxSLHead)
    floor                                    0x08007d71   Thumb Code   204  floor.o(i.floor)
    fputc                                    0x08007e4d   Thumb Code    22  usart.o(i.fputc)
    get_sspbuf                               0x08007e69   Thumb Code   100  usart.o(i.get_sspbuf)
    hex2ascii                                0x08007ed5   Thumb Code    30  com1010.o(i.hex2ascii)
    init_tx_message                          0x08007ef5   Thumb Code   110  com4004.o(i.init_tx_message)
    main                                     0x08007f6d   Thumb Code    94  main.o(i.main)
    mem_free                                 0x08007fd9   Thumb Code    66  malloc.o(i.mem_free)
    mem_init                                 0x08008021   Thumb Code    38  malloc.o(i.mem_init)
    mem_malloc                               0x0800804d   Thumb Code   116  malloc.o(i.mem_malloc)
    mem_perused                              0x080080c5   Thumb Code    36  malloc.o(i.mem_perused)
    myfree                                   0x080080ed   Thumb Code    24  malloc.o(i.myfree)
    mymalloc                                 0x08008109   Thumb Code    26  malloc.o(i.mymalloc)
    mymemcpy                                 0x08008129   Thumb Code    26  malloc.o(i.mymemcpy)
    mymemset                                 0x08008143   Thumb Code    20  malloc.o(i.mymemset)
    pow                                      0x08008871   Thumb Code  2510  pow.o(i.pow)
    random                                   0x0800992d   Thumb Code    38  com4004.o(i.random)
    rev_action_perform                       0x08009955   Thumb Code  2018  com4004.o(i.rev_action_perform)
    rev_analyze                              0x0800a14d   Thumb Code   862  com4004.o(i.rev_analyze)
    rev_anaylze                              0x0800a5d9   Thumb Code  2684  com1010.o(i.rev_anaylze)
    rev_deal                                 0x0800b071   Thumb Code   300  com1010.o(i.rev_deal)
    rev_device_status                        0x0800b1b1   Thumb Code   702  com4004.o(i.rev_device_status)
    rev_heart_beat                           0x0800b499   Thumb Code    24  com4004.o(i.rev_heart_beat)
    rev_qe                                   0x0800b4b1   Thumb Code  2888  com4004.o(i.rev_qe)
    send_action_message                      0x0800c00d   Thumb Code   108  com1010.o(i.send_action_message)
    send_data_sync                           0x0800c079   Thumb Code   874  com4004.o(i.send_data_sync)
    send_deepin_data_sync                    0x0800c445   Thumb Code  1336  com4004.o(i.send_deepin_data_sync)
    send_device_info_sub                     0x0800c995   Thumb Code  2226  com4004.o(i.send_device_info_sub)
    send_message                             0x0800d24d   Thumb Code   200  com4004.o(i.send_message)
    send_message_without_payload             0x0800d315   Thumb Code    60  com4004.o(i.send_message_without_payload)
    sensors_init_all                         0x0800d351   Thumb Code    70  sensors.o(i.sensors_init_all)
    sicp_alert_cmd                           0x0800d40d   Thumb Code   208  com1010.o(i.sicp_alert_cmd)
    sicp_ble_cmd                             0x0800d4ed   Thumb Code   122  com1010.o(i.sicp_ble_cmd)
    sicp_broadcast                           0x0800d56d   Thumb Code    70  com1010.o(i.sicp_broadcast)
    sicp_cmd_data                            0x0800d5b9   Thumb Code   140  com1010.o(i.sicp_cmd_data)
    sicp_cmd_refresh                         0x0800d64d   Thumb Code   230  com1010.o(i.sicp_cmd_refresh)
    sicp_config_cmd                          0x0800d73d   Thumb Code   760  com1010.o(i.sicp_config_cmd)
    sicp_led_cmd                             0x0800da45   Thumb Code  1110  com1010.o(i.sicp_led_cmd)
    sicp_qe_action_cmd                       0x0800dea1   Thumb Code   544  com1010.o(i.sicp_qe_action_cmd)
    sicp_receipt                             0x0800e0d5   Thumb Code    60  com1010.o(i.sicp_receipt)
    sicp_send_heartbeart                     0x0800e111   Thumb Code   542  com1010.o(i.sicp_send_heartbeart)
    sicp_send_message                        0x0800e33d   Thumb Code    88  com1010.o(i.sicp_send_message)
    smokeModule_check                        0x0800e3b1   Thumb Code    26  sensors_gpio.o(i.smokeModule_check)
    sqrt                                     0x0800e3d5   Thumb Code    76  sqrt.o(i.sqrt)
    ssp_parse                                0x0800e421   Thumb Code   290  com4004.o(i.ssp_parse)
    success_receipt                          0x0800e54d   Thumb Code   104  com4004.o(i.success_receipt)
    system_init                              0x0800e609   Thumb Code   178  main.o(i.system_init)
    test_gpio_config                         0x0800e6c9   Thumb Code    46  main.o(i.test_gpio_config)
    test_gpio_pwm                            0x0800e6fd   Thumb Code    40  main.o(i.test_gpio_pwm)
    uart1_init                               0x0800e72d   Thumb Code   262  usart.o(i.uart1_init)
    uart2_init                               0x0800e845   Thumb Code   162  usart.o(i.uart2_init)
    __mathlib_zero                           0x0800e980   Data           8  qnan.o(.constdata)
    Region$$Table$$Base                      0x0800e988   Number         0  anon$$obj.o(Region$$Table)
    Region$$Table$$Limit                     0x0800e9a8   Number         0  anon$$obj.o(Region$$Table)
    __stdout                                 0x20000008   Data           4  usart.o(.data)
    mallco_dev                               0x20000018   Data          20  malloc.o(.data)
    Usart1_Rec_Cnt                           0x2000002c   Data           2  com4004.o(.data)
    Usart1_Send_Length                       0x2000002e   Data           2  com4004.o(.data)
    Usart1_Send_Cnt                          0x20000030   Data           2  com4004.o(.data)
    Usart1_Send_Done                         0x20000032   Data           1  com4004.o(.data)
    ss_ap_message_id_H                       0x20000033   Data           1  com4004.o(.data)
    ss_ap_message_id_L                       0x20000034   Data           1  com4004.o(.data)
    ss_ar                                    0x20000035   Data           3  com4004.o(.data)
    ss_ds                                    0x20000038   Data           3  com4004.o(.data)
    ss_cst_count                             0x2000003b   Data           1  com4004.o(.data)
    ss_des_message_id_H                      0x2000003c   Data           1  com4004.o(.data)
    ss_des_message_id_L                      0x2000003d   Data           1  com4004.o(.data)
    ss_qe_message_id_H                       0x2000003e   Data           1  com4004.o(.data)
    ss_qe_message_id_L                       0x2000003f   Data           1  com4004.o(.data)
    ss_csht_stid                             0x20000040   Data           1  com4004.o(.data)
    ss_di_message_id_H                       0x20000041   Data           1  com4004.o(.data)
    ss_di_message_id_L                       0x20000042   Data           1  com4004.o(.data)
    UART1Flag1_                              0x20000043   Data           1  com4004.o(.data)
    UART1Flag2_                              0x20000044   Data           1  com4004.o(.data)
    UART1Flag3_                              0x20000045   Data           1  com4004.o(.data)
    UART1Flag4_                              0x20000046   Data           1  com4004.o(.data)
    UART1Flag5_                              0x20000047   Data           1  com4004.o(.data)
    UART1Flag6_                              0x20000048   Data           1  com4004.o(.data)
    UART1Flag7_                              0x20000049   Data           1  com4004.o(.data)
    UART1Flag8_                              0x2000004a   Data           1  com4004.o(.data)
    ssp_length                               0x2000004c   Data           2  com4004.o(.data)
    SYSFlag1_                                0x2000004e   Data           1  timer.o(.data)
    systime                                  0x20000050   Data           8  timer.o(.data)
    UART2Flag1_                              0x20000058   Data           1  com1010.o(.data)
    UART2Flag2_                              0x20000059   Data           1  com1010.o(.data)
    Usart2_Rec_Cnt                           0x2000005a   Data           1  com1010.o(.data)
    Usart2_Send_Length                       0x2000005c   Data           2  com1010.o(.data)
    Usart2_Send_Cnt                          0x2000005e   Data           2  com1010.o(.data)
    Usart2_Send_Done                         0x20000060   Data           1  com1010.o(.data)
    heartbeat_cnt                            0x20000061   Data           1  com1010.o(.data)
    sicp_refr                                0x20000062   Data           1  com1010.o(.data)
    broadcast_cnt                            0x20000063   Data           1  com1010.o(.data)
    action_type                              0x20000064   Data           1  com1010.o(.data)
    action_timecnt                           0x20000065   Data           1  com1010.o(.data)
    action_sendcnt                           0x20000066   Data           1  com1010.o(.data)
    rev_action_success_cnt                   0x20000067   Data           1  com1010.o(.data)
    rev_action_fail_cnt                      0x20000068   Data           1  com1010.o(.data)
    ns                                       0x20000069   Data           5  com1010.o(.data)
    rev_mesh_id_H                            0x2000006e   Data           1  com1010.o(.data)
    rev_mesh_id_L                            0x2000006f   Data           1  com1010.o(.data)
    uartTxSLHead                             0x20000070   Data           4  list.o(.data)
    uartTxSLLast                             0x20000074   Data           4  list.o(.data)
    uartRxSLHead                             0x20000078   Data           4  list.o(.data)
    uartRxSLLast                             0x2000007c   Data           4  list.o(.data)
    mutex                                    0x20000080   Data           1  list.o(.data)
    ADC1_ConvertedValue                      0x20000088   Data           6  sensors_adc.o(.data)
    smokeModule_value                        0x20000090   Data           4  sensors_gpio.o(.data)
    _i2cWriteHeader                          0x20000098   Data           1  sensors_sht3x.o(.data)
    _i2cReadHeader                           0x20000099   Data           1  sensors_sht3x.o(.data)
    SystemCoreClock                          0x200000b0   Data           4  system_stm32f10x.o(.data)
    AHBPrescTable                            0x200000b4   Data          16  system_stm32f10x.o(.data)
    membase                                  0x200000cc   Data       16384  malloc.o(.bss)
    memmapbase                               0x200040cc   Data        1024  malloc.o(.bss)
    DMA_Rece_Buf                             0x200044cc   Data        1024  com4004.o(.bss)
    USART1_Send_Buf                          0x200048cc   Data        1024  com4004.o(.bss)
    Txto4004                                 0x20004ccc   Data        1336  com4004.o(.bss)
    Rxfr4004                                 0x20005204   Data        1336  com4004.o(.bss)
    ss                                       0x2000573c   Data       12512  com4004.o(.bss)
    ss_ap                                    0x2000881c   Data         732  com4004.o(.bss)
    ss_ab                                    0x20008af8   Data         104  com4004.o(.bss)
    ss_sensedata                             0x20008b60   Data          20  com4004.o(.bss)
    ss_cs                                    0x20008b74   Data         296  com4004.o(.bss)
    ss_cst                                   0x20008c9c   Data        4400  com4004.o(.bss)
    ss_des                                   0x20009dcc   Data          10  com4004.o(.bss)
    ss_qe                                    0x20009dd8   Data         536  com4004.o(.bss)
    ss_rt                                    0x20009ff0   Data          88  com4004.o(.bss)
    ss_alarm                                 0x2000a048   Data          12  com4004.o(.bss)
    ss_cshp                                  0x2000a054   Data       16640  com4004.o(.bss)
    send_buf                                 0x2000e154   Data         100  com4004.o(.bss)
    rev_buf                                  0x2000e1b8   Data        1024  com4004.o(.bss)
    ssp_buf                                  0x2000e5b8   Data        1024  com4004.o(.bss)
    Usart2_Rece_Buf                          0x2000e9b8   Data         100  com1010.o(.bss)
    USART2_Send_Buf                          0x2000ea1c   Data         100  com1010.o(.bss)
    sicp_buf                                 0x2000ea80   Data         100  com1010.o(.bss)
    action                                   0x2000eae4   Data         170  com1010.o(.bss)
    action_qe                                0x2000eb8e   Data          17  com1010.o(.bss)
    sensors_value                            0x2000ebc4   Data          24  sensors.o(.bss)
    ADC1_value                               0x2000ebdc   Data          12  sensors.o(.bss)
    sht3x_value                              0x2000ebe8   Data          20  sensors.o(.bss)
    sensor_data                              0x2000ebfc   Data          12  sensors_gpio.o(.bss)
    GP2Y1023_value                           0x2000ec08   Data          16  sensors_timer.o(.bss)
    CO2_uart                                 0x2000ec18   Data          42  sensors_uart.o(.bss)
    __initial_sp                             0x2000f048   Data           0  startup_stm32f10x_hd.o(STACK)



==============================================================================

Memory Map of the image

  Image Entry point : 0x08000131

  Load Region LR_IROM1 (Base: 0x08000000, Size: 0x0000ea74, Max: 0x00080000, ABSOLUTE)

    Execution Region ER_IROM1 (Base: 0x08000000, Size: 0x0000e9a8, Max: 0x00080000, ABSOLUTE)

    Base Addr    Size         Type   Attr      Idx    E Section Name        Object

    0x08000000   0x00000130   Data   RO         4910    RESET               startup_stm32f10x_hd.o
    0x08000130   0x00000000   Code   RO         4929  * .ARM.Collect$$$$00000000  mc_w.l(entry.o)
    0x08000130   0x00000004   Code   RO         5285    .ARM.Collect$$$$00000001  mc_w.l(entry2.o)
    0x08000134   0x00000004   Code   RO         5288    .ARM.Collect$$$$00000004  mc_w.l(entry5.o)
    0x08000138   0x00000000   Code   RO         5290    .ARM.Collect$$$$00000008  mc_w.l(entry7b.o)
    0x08000138   0x00000000   Code   RO         5292    .ARM.Collect$$$$0000000A  mc_w.l(entry8b.o)
    0x08000138   0x00000008   Code   RO         5293    .ARM.Collect$$$$0000000B  mc_w.l(entry9a.o)
    0x08000140   0x00000000   Code   RO         5295    .ARM.Collect$$$$0000000D  mc_w.l(entry10a.o)
    0x08000140   0x00000000   Code   RO         5297    .ARM.Collect$$$$0000000F  mc_w.l(entry11a.o)
    0x08000140   0x00000004   Code   RO         5286    .ARM.Collect$$$$00002712  mc_w.l(entry2.o)
    0x08000144   0x00000024   Code   RO         4911    .text               startup_stm32f10x_hd.o
    0x08000168   0x0000000c   Code   RO         4932    .text               mc_w.l(tolower.o)
    0x08000174   0x00000024   Code   RO         4934    .text               mc_w.l(rand.o)
    0x08000198   0x00000024   Code   RO         4937    .text               mc_w.l(memcpya.o)
    0x080001bc   0x00000024   Code   RO         4939    .text               mc_w.l(memseta.o)
    0x080001e0   0x00000014   Code   RO         4941    .text               mc_w.l(strchr.o)
    0x080001f4   0x0000000e   Code   RO         4943    .text               mc_w.l(strlen.o)
    0x08000202   0x00000012   Code   RO         4945    .text               mc_w.l(strcpy.o)
    0x08000214   0x0000001e   Code   RO         4947    .text               mc_w.l(strncmp.o)
    0x08000232   0x000000b0   Code   RO         5240    .text               mf_w.l(fadd.o)
    0x080002e2   0x0000006c   Code   RO         5242    .text               mf_w.l(fmul.o)
    0x0800034e   0x00000080   Code   RO         5244    .text               mf_w.l(fdiv.o)
    0x080003ce   0x0000014e   Code   RO         5246    .text               mf_w.l(dadd.o)
    0x0800051c   0x000000e4   Code   RO         5248    .text               mf_w.l(dmul.o)
    0x08000600   0x000000de   Code   RO         5250    .text               mf_w.l(ddiv.o)
    0x080006de   0x0000000a   Code   RO         5252    .text               mf_w.l(ffltui.o)
    0x080006e8   0x00000022   Code   RO         5254    .text               mf_w.l(dflti.o)
    0x0800070a   0x0000001a   Code   RO         5256    .text               mf_w.l(dfltui.o)
    0x08000724   0x0000003e   Code   RO         5260    .text               mf_w.l(dfixi.o)
    0x08000762   0x00000026   Code   RO         5262    .text               mf_w.l(f2d.o)
    0x08000788   0x00000028   Code   RO         5264    .text               mf_w.l(cdcmple.o)
    0x080007b0   0x00000028   Code   RO         5266    .text               mf_w.l(cdrcmple.o)
    0x080007d8   0x00000038   Code   RO         5268    .text               mf_w.l(d2f.o)
    0x08000810   0x0000002c   Code   RO         5299    .text               mc_w.l(uidiv.o)
    0x0800083c   0x00000062   Code   RO         5301    .text               mc_w.l(uldiv.o)
    0x0800089e   0x0000001e   Code   RO         5303    .text               mc_w.l(llshl.o)
    0x080008bc   0x00000020   Code   RO         5305    .text               mc_w.l(llushr.o)
    0x080008dc   0x00000024   Code   RO         5307    .text               mc_w.l(llsshr.o)
    0x08000900   0x00000000   Code   RO         5318    .text               mc_w.l(iusefp.o)
    0x08000900   0x0000006c   Code   RO         5319    .text               mf_w.l(fepilogue.o)
    0x0800096c   0x000000be   Code   RO         5321    .text               mf_w.l(depilogue.o)
    0x08000a2a   0x0000002e   Code   RO         5323    .text               mf_w.l(dscalb.o)
    0x08000a58   0x00000030   Code   RO         5325    .text               mf_w.l(dfixul.o)
    0x08000a88   0x00000024   Code   RO         5327    .text               mc_w.l(init.o)
    0x08000aac   0x000000a2   Code   RO         5329    .text               mf_w.l(dsqrt.o)
    0x08000b4e   0x00000002   PAD
    0x08000b50   0x00000050   Code   RO         1343    i.ADC1_DMA1_Config  sensors_adc.o
    0x08000ba0   0x00000048   Code   RO         1344    i.ADC1_GPIO_Config  sensors_adc.o
    0x08000be8   0x00000028   Code   RO         1345    i.ADC1_Init_All     sensors_adc.o
    0x08000c10   0x00000098   Code   RO         1346    i.ADC1_Mode_Config  sensors_adc.o
    0x08000ca8   0x000001c8   Code   RO         1297    i.ADC1_value_filter  sensors.o
    0x08000e70   0x00000016   Code   RO         1877    i.ADC_Cmd           stm32f10x_adc.o
    0x08000e86   0x00000016   Code   RO         1878    i.ADC_DMACmd        stm32f10x_adc.o
    0x08000e9c   0x0000005c   Code   RO         1879    i.ADC_DeInit        stm32f10x_adc.o
    0x08000ef8   0x00000014   Code   RO         1885    i.ADC_GetCalibrationStatus  stm32f10x_adc.o
    0x08000f0c   0x00000014   Code   RO         1891    i.ADC_GetResetCalibrationStatus  stm32f10x_adc.o
    0x08000f20   0x00000050   Code   RO         1895    i.ADC_Init          stm32f10x_adc.o
    0x08000f70   0x000000b8   Code   RO         1899    i.ADC_RegularChannelConfig  stm32f10x_adc.o
    0x08001028   0x0000000a   Code   RO         1900    i.ADC_ResetCalibration  stm32f10x_adc.o
    0x08001032   0x00000016   Code   RO         1902    i.ADC_SoftwareStartConvCmd  stm32f10x_adc.o
    0x08001048   0x0000000a   Code   RO         1904    i.ADC_StartCalibration  stm32f10x_adc.o
    0x08001052   0x00000004   Code   RO          248    i.BusFault_Handler  stm32f10x_it.o
    0x08001056   0x00000022   Code   RO         1734    i.CO2_NVIC_config   sensors_uart.o
    0x08001078   0x00000014   Code   RO         1735    i.CO2_RCC_config    sensors_uart.o
    0x0800108c   0x00000018   Code   RO         1737    i.CO2_atuo_config   sensors_uart.o
    0x080010a4   0x0000003c   Code   RO         1738    i.CO2_gpio_config   sensors_uart.o
    0x080010e0   0x00000014   Code   RO         1739    i.CO2_setr_config   sensors_uart.o
    0x080010f4   0x00000020   Code   RO         1740    i.CO2_usart3_checkSum  sensors_uart.o
    0x08001114   0x00000094   Code   RO         1741    i.CO2_usart3_cmd    sensors_uart.o
    0x080011a8   0x00000048   Code   RO         1742    i.CO2_usart3_config  sensors_uart.o
    0x080011f0   0x00000024   Code   RO         1743    i.CO2_usart3_init   sensors_uart.o
    0x08001214   0x000000a4   Code   RO         1744    i.CO2_usart3_send   sensors_uart.o
    0x080012b8   0x0000001c   Code   RO         1092    i.Check_Sum         com1010.o
    0x080012d4   0x00000018   Code   RO         2583    i.DMA_Cmd           stm32f10x_dma.o
    0x080012ec   0x0000014c   Code   RO         2584    i.DMA_DeInit        stm32f10x_dma.o
    0x08001438   0x00000008   Code   RO         2585    i.DMA_GetCurrDataCounter  stm32f10x_dma.o
    0x08001440   0x0000003c   Code   RO         2589    i.DMA_Init          stm32f10x_dma.o
    0x0800147c   0x00000004   Code   RO         2590    i.DMA_SetCurrDataCounter  stm32f10x_dma.o
    0x08001480   0x00000002   Code   RO          249    i.DebugMon_Handler  stm32f10x_it.o
    0x08001482   0x0000008a   Code   RO         1298    i.DelayMicroSeconds  sensors.o
    0x0800150c   0x00000024   Code   RO         1379    i.EXTI4_IRQHandler  sensors_gpio.o
    0x08001530   0x0000000c   Code   RO         2654    i.EXTI_ClearITPendingBit  stm32f10x_exti.o
    0x0800153c   0x00000022   Code   RO         1692    i.GP2Y1023_NVIC_config  sensors_timer.o
    0x0800155e   0x00000002   PAD
    0x08001560   0x0000002c   Code   RO         1693    i.GP2Y1023_gpio_config  sensors_timer.o
    0x0800158c   0x0000002c   Code   RO         1694    i.GP2Y1023_pwm_init  sensors_timer.o
    0x080015b8   0x0000008c   Code   RO         1695    i.GP2Y1023_timer_config  sensors_timer.o
    0x08001644   0x00000112   Code   RO         3016    i.GPIO_Init         stm32f10x_gpio.o
    0x08001756   0x00000012   Code   RO         3022    i.GPIO_ReadOutputDataBit  stm32f10x_gpio.o
    0x08001768   0x00000004   Code   RO         3023    i.GPIO_ResetBits    stm32f10x_gpio.o
    0x0800176c   0x00000004   Code   RO         3024    i.GPIO_SetBits      stm32f10x_gpio.o
    0x08001770   0x0000000a   Code   RO         3027    i.GPIO_WriteBit     stm32f10x_gpio.o
    0x0800177a   0x00000004   Code   RO          250    i.HardFault_Handler  stm32f10x_it.o
    0x0800177e   0x00000002   PAD
    0x08001780   0x0000003c   Code   RO         1474    i.I2c_Init          sensors_i2c_hal.o
    0x080017bc   0x000000a4   Code   RO         1475    i.I2c_ReadByte      sensors_i2c_hal.o
    0x08001860   0x00000040   Code   RO         1476    i.I2c_StartCondition  sensors_i2c_hal.o
    0x080018a0   0x00000040   Code   RO         1477    i.I2c_StopCondition  sensors_i2c_hal.o
    0x080018e0   0x00000030   Code   RO         1478    i.I2c_WaitWhileClockStreching  sensors_i2c_hal.o
    0x08001910   0x00000080   Code   RO         1479    i.I2c_WriteByte     sensors_i2c_hal.o
    0x08001990   0x00000084   Code   RO          143    i.LED_Init          led.o
    0x08001a14   0x00000020   Code   RO          323    i.MYDMA_Enable      usart.o
    0x08001a34   0x00000004   Code   RO          251    i.MemManage_Handler  stm32f10x_it.o
    0x08001a38   0x00000002   Code   RO          252    i.NMI_Handler       stm32f10x_it.o
    0x08001a3a   0x0000000c   Code   RO          311    i.NVIC_Configuration  sys.o
    0x08001a46   0x00000002   PAD
    0x08001a48   0x00000074   Code   RO         1835    i.NVIC_Init         misc.o
    0x08001abc   0x00000014   Code   RO         1836    i.NVIC_PriorityGroupConfig  misc.o
    0x08001ad0   0x00000014   Code   RO         1837    i.NVIC_SetVectorTable  misc.o
    0x08001ae4   0x00000024   Code   RO         1385    i.PYD1798_check     sensors_gpio.o
    0x08001b08   0x0000002c   Code   RO         1386    i.PYD1798_gpio_init  sensors_gpio.o
    0x08001b34   0x0000001c   Code   RO         1387    i.PYD1798_pin_in    sensors_gpio.o
    0x08001b50   0x0000001c   Code   RO         1388    i.PYD1798_pin_out   sensors_gpio.o
    0x08001b6c   0x000000a4   Code   RO         1389    i.PYD1798_readdigipyro  sensors_gpio.o
    0x08001c10   0x00000002   Code   RO          253    i.PendSV_Handler    stm32f10x_it.o
    0x08001c12   0x00000002   PAD
    0x08001c14   0x00000018   Code   RO         3439    i.RCC_ADCCLKConfig  stm32f10x_rcc.o
    0x08001c2c   0x00000020   Code   RO         3440    i.RCC_AHBPeriphClockCmd  stm32f10x_rcc.o
    0x08001c4c   0x00000020   Code   RO         3441    i.RCC_APB1PeriphClockCmd  stm32f10x_rcc.o
    0x08001c6c   0x00000020   Code   RO         3442    i.RCC_APB1PeriphResetCmd  stm32f10x_rcc.o
    0x08001c8c   0x00000020   Code   RO         3443    i.RCC_APB2PeriphClockCmd  stm32f10x_rcc.o
    0x08001cac   0x00000020   Code   RO         3444    i.RCC_APB2PeriphResetCmd  stm32f10x_rcc.o
    0x08001ccc   0x000000d4   Code   RO         3451    i.RCC_GetClocksFreq  stm32f10x_rcc.o
    0x08001da0   0x0000003a   Code   RO         1521    i.SHT3X_CalcCrc     sensors_sht3x.o
    0x08001dda   0x00000002   PAD
    0x08001ddc   0x00000024   Code   RO         1522    i.SHT3X_CalcHumidity  sensors_sht3x.o
    0x08001e00   0x00000034   Code   RO         1525    i.SHT3X_CalcTemperature  sensors_sht3x.o
    0x08001e34   0x0000001e   Code   RO         1526    i.SHT3X_CheckCrc    sensors_sht3x.o
    0x08001e52   0x00000028   Code   RO         1534    i.SHT3X_Init        sensors_sht3x.o
    0x08001e7a   0x00000058   Code   RO         1535    i.SHT3X_Read2BytesAndCrc  sensors_sht3x.o
    0x08001ed2   0x0000005a   Code   RO         1537    i.SHT3X_ReadMeasurementBuffer  sensors_sht3x.o
    0x08001f2c   0x00000020   Code   RO         1539    i.SHT3X_SetI2cAdr   sensors_sht3x.o
    0x08001f4c   0x00000024   Code   RO         1540    i.SHT3X_SoftReset   sensors_sht3x.o
    0x08001f70   0x0000012c   Code   RO         1541    i.SHT3X_StartPeriodicMeasurment  sensors_sht3x.o
    0x0800209c   0x00000018   Code   RO         1542    i.SHT3X_StartReadAccess  sensors_sht3x.o
    0x080020b4   0x00000018   Code   RO         1543    i.SHT3X_StartWriteAccess  sensors_sht3x.o
    0x080020cc   0x00000008   Code   RO         1544    i.SHT3X_StopAccess  sensors_sht3x.o
    0x080020d4   0x00000018   Code   RO         1546    i.SHT3X_WriteCommand  sensors_sht3x.o
    0x080020ec   0x00000028   Code   RO         1299    i.SHT3X_read        sensors.o
    0x08002114   0x00000002   Code   RO          254    i.SVC_Handler       stm32f10x_it.o
    0x08002116   0x00000008   Code   RO         4864    i.SetSysClock       system_stm32f10x.o
    0x0800211e   0x00000002   PAD
    0x08002120   0x000000dc   Code   RO         4865    i.SetSysClockTo72   system_stm32f10x.o
    0x080021fc   0x00000028   Code   RO         1839    i.SysTick_CLKSourceConfig  misc.o
    0x08002224   0x00000002   Code   RO          255    i.SysTick_Handler   stm32f10x_it.o
    0x08002226   0x00000002   PAD
    0x08002228   0x00000060   Code   RO         4867    i.SystemInit        system_stm32f10x.o
    0x08002288   0x00000080   Code   RO         4068    i.TI1_Config        stm32f10x_tim.o
    0x08002308   0x00000098   Code   RO         4069    i.TI2_Config        stm32f10x_tim.o
    0x080023a0   0x000000c4   Code   RO         1068    i.TIM2_IRQHandler   timer.o
    0x08002464   0x0000006e   Code   RO         1069    i.TIM2_Init         timer.o
    0x080024d2   0x00000002   PAD
    0x080024d4   0x00000064   Code   RO         1696    i.TIM3_IRQHandler   sensors_timer.o
    0x08002538   0x00000006   Code   RO         4079    i.TIM_ClearITPendingBit  stm32f10x_tim.o
    0x0800253e   0x00000018   Code   RO         4084    i.TIM_Cmd           stm32f10x_tim.o
    0x08002556   0x00000002   PAD
    0x08002558   0x000001e8   Code   RO         4089    i.TIM_DeInit        stm32f10x_tim.o
    0x08002740   0x00000006   Code   RO         4099    i.TIM_GetCapture1   stm32f10x_tim.o
    0x08002746   0x00000006   Code   RO         4100    i.TIM_GetCapture2   stm32f10x_tim.o
    0x0800274c   0x00000022   Code   RO         4105    i.TIM_GetITStatus   stm32f10x_tim.o
    0x0800276e   0x00000012   Code   RO         4109    i.TIM_ITConfig      stm32f10x_tim.o
    0x08002780   0x0000007c   Code   RO         4132    i.TIM_PWMIConfig    stm32f10x_tim.o
    0x080027fc   0x00000012   Code   RO         4137    i.TIM_SelectInputTrigger  stm32f10x_tim.o
    0x0800280e   0x00000012   Code   RO         4138    i.TIM_SelectMasterSlaveMode  stm32f10x_tim.o
    0x08002820   0x00000012   Code   RO         4142    i.TIM_SelectSlaveMode  stm32f10x_tim.o
    0x08002832   0x00000012   Code   RO         4150    i.TIM_SetIC1Prescaler  stm32f10x_tim.o
    0x08002844   0x0000001a   Code   RO         4151    i.TIM_SetIC2Prescaler  stm32f10x_tim.o
    0x0800285e   0x00000002   PAD
    0x08002860   0x000000a4   Code   RO         4155    i.TIM_TimeBaseInit  stm32f10x_tim.o
    0x08002904   0x000000cc   Code   RO          158    i.Task100ms         main.o
    0x080029d0   0x000000dc   Code   RO          159    i.Task1s            main.o
    0x08002aac   0x00000034   Code   RO          160    i.Task2ms           main.o
    0x08002ae0   0x00000024   Code   RO          161    i.Task2s            main.o
    0x08002b04   0x00000024   Code   RO          162    i.Task300ms         main.o
    0x08002b28   0x000000dc   Code   RO          324    i.USART1_IRQHandler  usart.o
    0x08002c04   0x00000080   Code   RO          325    i.USART2_IRQHandler  usart.o
    0x08002c84   0x000000a0   Code   RO         1747    i.USART3_IRQHandler  sensors_uart.o
    0x08002d24   0x00000012   Code   RO         4616    i.USART_ClearFlag   stm32f10x_usart.o
    0x08002d36   0x0000001e   Code   RO         4617    i.USART_ClearITPendingBit  stm32f10x_usart.o
    0x08002d54   0x00000018   Code   RO         4620    i.USART_Cmd         stm32f10x_usart.o
    0x08002d6c   0x00000012   Code   RO         4621    i.USART_DMACmd      stm32f10x_usart.o
    0x08002d7e   0x00000002   PAD
    0x08002d80   0x0000009c   Code   RO         4622    i.USART_DeInit      stm32f10x_usart.o
    0x08002e1c   0x00000054   Code   RO         4624    i.USART_GetITStatus  stm32f10x_usart.o
    0x08002e70   0x0000004a   Code   RO         4626    i.USART_ITConfig    stm32f10x_usart.o
    0x08002eba   0x00000002   PAD
    0x08002ebc   0x000000d8   Code   RO         4627    i.USART_Init        stm32f10x_usart.o
    0x08002f94   0x0000000a   Code   RO         4634    i.USART_ReceiveData  stm32f10x_usart.o
    0x08002f9e   0x00000004   Code   RO          256    i.UsageFault_Handler  stm32f10x_it.o
    0x08002fa2   0x00000002   PAD
    0x08002fa4   0x0000004c   Code   RO          326    i.Usart1_Send       usart.o
    0x08002ff0   0x00000044   Code   RO          327    i.Usart2_Send       usart.o
    0x08003034   0x00000020   Code   RO         5184    i.__0printf         mc_w.l(printfa.o)
    0x08003054   0x00000028   Code   RO         5186    i.__0sprintf        mc_w.l(printfa.o)
    0x0800307c   0x00000028   Code   RO         5272    i.__ARM_fpclassify  m_ws.l(fpclassify.o)
    0x080030a4   0x000000aa   Code   RO         5274    i.__kernel_poly     m_ws.l(poly.o)
    0x0800314e   0x00000002   PAD
    0x08003150   0x00000010   Code   RO         5270    i.__mathlib_dbl_underflow  m_ws.l(dunder.o)
    0x08003160   0x0000000e   Code   RO         5333    i.__scatterload_copy  mc_w.l(handlers.o)
    0x0800316e   0x00000002   Code   RO         5334    i.__scatterload_null  mc_w.l(handlers.o)
    0x08003170   0x0000000e   Code   RO         5335    i.__scatterload_zeroinit  mc_w.l(handlers.o)
    0x0800317e   0x00000002   PAD
    0x08003180   0x0000000c   Code   RO         5313    i.__set_errno       mc_w.l(errno.o)
    0x0800318c   0x0000015c   Code   RO         5191    i._fp_digits        mc_w.l(printfa.o)
    0x080032e8   0x000006f0   Code   RO         5192    i._printf_core      mc_w.l(printfa.o)
    0x080039d8   0x00000026   Code   RO         5193    i._printf_post_padding  mc_w.l(printfa.o)
    0x080039fe   0x00000030   Code   RO         5194    i._printf_pre_padding  mc_w.l(printfa.o)
    0x08003a2e   0x0000000a   Code   RO         5196    i._sputc            mc_w.l(printfa.o)
    0x08003a38   0x000000a0   Code   RO         1250    i.addNodeToUartTxSLLast  list.o
    0x08003ad8   0x0000007c   Code   RO          824    i.analyze           com4004.o
    0x08003b54   0x00000034   Code   RO         1093    i.ascii2hex         com1010.o
    0x08003b88   0x0000002a   Code   RO          413    i.cJSON_AddItemToArray  cjson.o
    0x08003bb2   0x00000002   PAD
    0x08003bb4   0x00000030   Code   RO          414    i.cJSON_AddItemToObject  cjson.o
    0x08003be4   0x00000012   Code   RO          415    i.cJSON_CreateArray  cjson.o
    0x08003bf6   0x00000024   Code   RO          422    i.cJSON_CreateNumber  cjson.o
    0x08003c1a   0x00000012   Code   RO          423    i.cJSON_CreateObject  cjson.o
    0x08003c2c   0x0000001c   Code   RO          424    i.cJSON_CreateString  cjson.o
    0x08003c48   0x00000050   Code   RO          427    i.cJSON_Delete      cjson.o
    0x08003c98   0x00000012   Code   RO          433    i.cJSON_GetArrayItem  cjson.o
    0x08003caa   0x00000012   Code   RO          434    i.cJSON_GetArraySize  cjson.o
    0x08003cbc   0x0000001e   Code   RO          436    i.cJSON_GetObjectItem  cjson.o
    0x08003cda   0x00000002   PAD
    0x08003cdc   0x00000020   Code   RO          439    i.cJSON_New_Item    cjson.o
    0x08003cfc   0x00000010   Code   RO          440    i.cJSON_Parse       cjson.o
    0x08003d0c   0x00000064   Code   RO          441    i.cJSON_ParseWithOpts  cjson.o
    0x08003d70   0x00000010   Code   RO          443    i.cJSON_PrintUnformatted  cjson.o
    0x08003d80   0x0000004c   Code   RO          446    i.cJSON_strcasecmp  cjson.o
    0x08003dcc   0x0000002c   Code   RO          447    i.cJSON_strdup      cjson.o
    0x08003df8   0x000000c2   Code   RO          825    i.calc_send_r_length  com4004.o
    0x08003eba   0x00000002   PAD
    0x08003ebc   0x00000018   Code   RO         1094    i.clear_sicp_buf    com1010.o
    0x08003ed4   0x00000068   Code   RO          826    i.clear_tx_buf      com4004.o
    0x08003f3c   0x00000194   Code   RO          827    i.deal_action_backlight  com4004.o
    0x080040d0   0x00000540   Code   RO          828    i.deal_action_perform  com4004.o
    0x08004610   0x00000070   Code   RO          829    i.deal_action_refresh  com4004.o
    0x08004680   0x00000180   Code   RO          830    i.deal_config_mesh  com4004.o
    0x08004800   0x00000378   Code   RO          831    i.deal_config_ss    com4004.o
    0x08004b78   0x00000228   Code   RO          832    i.deal_config_st    com4004.o
    0x08004da0   0x00000868   Code   RO          833    i.deal_config_stragy_hpst  com4004.o
    0x08005608   0x0000090c   Code   RO          834    i.deal_config_strategy_htsp  com4004.o
    0x08005f14   0x0000002c   Code   RO          835    i.deal_data_sync    com4004.o
    0x08005f40   0x000003a0   Code   RO          836    i.deal_deepsyn_config_ss  com4004.o
    0x080062e0   0x0000088c   Code   RO         1095    i.deal_device_info  com1010.o
    0x08006b6c   0x000003bc   Code   RO          837    i.deal_device_list  com4004.o
    0x08006f28   0x00000688   Code   RO          838    i.deal_device_status  com4004.o
    0x080075b0   0x00000174   Code   RO         1096    i.deal_mal_cmd      com1010.o
    0x08007724   0x000001fc   Code   RO          839    i.deal_qe           com4004.o
    0x08007920   0x00000208   Code   RO         1097    i.deal_rev_status   com1010.o
    0x08007b28   0x000000f4   Code   RO         1098    i.deal_sc_data_cmd  com1010.o
    0x08007c1c   0x00000034   Code   RO          840    i.dela_alarm        com4004.o
    0x08007c50   0x00000070   Code   RO         1300    i.delay_1us         sensors.o
    0x08007cc0   0x00000044   Code   RO            1    i.delay_init        delay.o
    0x08007d04   0x0000006c   Code   RO         1254    i.deleteNodeFromUartTxSLHead  list.o
    0x08007d70   0x000000dc   Code   RO         4916    i.floor             m_ws.l(floor.o)
    0x08007e4c   0x0000001c   Code   RO          330    i.fputc             usart.o
    0x08007e68   0x0000006c   Code   RO          331    i.get_sspbuf        usart.o
    0x08007ed4   0x0000001e   Code   RO         1100    i.hex2ascii         com1010.o
    0x08007ef2   0x00000002   PAD
    0x08007ef4   0x00000078   Code   RO          843    i.init_tx_message   com4004.o
    0x08007f6c   0x0000006c   Code   RO          163    i.main              main.o
    0x08007fd8   0x00000048   Code   RO          743    i.mem_free          malloc.o
    0x08008020   0x0000002c   Code   RO          744    i.mem_init          malloc.o
    0x0800804c   0x00000078   Code   RO          745    i.mem_malloc        malloc.o
    0x080080c4   0x00000028   Code   RO          746    i.mem_perused       malloc.o
    0x080080ec   0x0000001c   Code   RO          747    i.myfree            malloc.o
    0x08008108   0x00000020   Code   RO          748    i.mymalloc          malloc.o
    0x08008128   0x0000001a   Code   RO          749    i.mymemcpy          malloc.o
    0x08008142   0x00000014   Code   RO          750    i.mymemset          malloc.o
    0x08008156   0x00000002   PAD
    0x08008158   0x000000ac   Code   RO          449    i.parse_array       cjson.o
    0x08008204   0x00000114   Code   RO          450    i.parse_hex4        cjson.o
    0x08008318   0x000001bc   Code   RO          451    i.parse_number      cjson.o
    0x080084d4   0x00000114   Code   RO          452    i.parse_object      cjson.o
    0x080085e8   0x000001cc   Code   RO          453    i.parse_string      cjson.o
    0x080087b4   0x000000bc   Code   RO          454    i.parse_value       cjson.o
    0x08008870   0x000009e0   Code   RO         4920    i.pow               m_ws.l(pow.o)
    0x08009250   0x0000016c   Code   RO          455    i.print_array       cjson.o
    0x080093bc   0x00000134   Code   RO          456    i.print_number      cjson.o
    0x080094f0   0x00000274   Code   RO          457    i.print_object      cjson.o
    0x08009764   0x0000000c   Code   RO          458    i.print_string      cjson.o
    0x08009770   0x00000128   Code   RO          459    i.print_string_ptr  cjson.o
    0x08009898   0x00000094   Code   RO          460    i.print_value       cjson.o
    0x0800992c   0x00000026   Code   RO          846    i.random            com4004.o
    0x08009952   0x00000002   PAD
    0x08009954   0x000007f8   Code   RO          847    i.rev_action_perform  com4004.o
    0x0800a14c   0x0000048c   Code   RO          848    i.rev_analyze       com4004.o
    0x0800a5d8   0x00000a98   Code   RO         1101    i.rev_anaylze       com1010.o
    0x0800b070   0x00000140   Code   RO         1102    i.rev_deal          com1010.o
    0x0800b1b0   0x000002e8   Code   RO          849    i.rev_device_status  com4004.o
    0x0800b498   0x00000018   Code   RO          850    i.rev_heart_beat    com4004.o
    0x0800b4b0   0x00000b5c   Code   RO          851    i.rev_qe            com4004.o
    0x0800c00c   0x0000006c   Code   RO         1103    i.send_action_message  com1010.o
    0x0800c078   0x000003cc   Code   RO          853    i.send_data_sync    com4004.o
    0x0800c444   0x00000550   Code   RO          854    i.send_deepin_data_sync  com4004.o
    0x0800c994   0x000008b8   Code   RO          855    i.send_device_info_sub  com4004.o
    0x0800d24c   0x000000c8   Code   RO          857    i.send_message      com4004.o
    0x0800d314   0x0000003c   Code   RO          858    i.send_message_without_payload  com4004.o
    0x0800d350   0x000000bc   Code   RO         1301    i.sensors_init_all  sensors.o
    0x0800d40c   0x000000e0   Code   RO         1105    i.sicp_alert_cmd    com1010.o
    0x0800d4ec   0x00000080   Code   RO         1106    i.sicp_ble_cmd      com1010.o
    0x0800d56c   0x0000004c   Code   RO         1107    i.sicp_broadcast    com1010.o
    0x0800d5b8   0x00000094   Code   RO         1108    i.sicp_cmd_data     com1010.o
    0x0800d64c   0x000000f0   Code   RO         1109    i.sicp_cmd_refresh  com1010.o
    0x0800d73c   0x00000308   Code   RO         1110    i.sicp_config_cmd   com1010.o
    0x0800da44   0x0000045c   Code   RO         1111    i.sicp_led_cmd      com1010.o
    0x0800dea0   0x00000234   Code   RO         1112    i.sicp_qe_action_cmd  com1010.o
    0x0800e0d4   0x0000003c   Code   RO         1113    i.sicp_receipt      com1010.o
    0x0800e110   0x0000022c   Code   RO         1114    i.sicp_send_heartbeart  com1010.o
    0x0800e33c   0x00000060   Code   RO         1115    i.sicp_send_message  com1010.o
    0x0800e39c   0x00000012   Code   RO          461    i.skip              cjson.o
    0x0800e3ae   0x00000002   PAD
    0x0800e3b0   0x00000024   Code   RO         1390    i.smokeModule_check  sensors_gpio.o
    0x0800e3d4   0x0000004c   Code   RO         5278    i.sqrt              m_ws.l(sqrt.o)
    0x0800e420   0x0000012c   Code   RO          860    i.ssp_parse         com4004.o
    0x0800e54c   0x000000b4   Code   RO          861    i.success_receipt   com4004.o
    0x0800e600   0x00000006   Code   RO          462    i.suffix_object     cjson.o
    0x0800e606   0x00000002   PAD
    0x0800e608   0x000000c0   Code   RO          164    i.system_init       main.o
    0x0800e6c8   0x00000034   Code   RO          165    i.test_gpio_config  main.o
    0x0800e6fc   0x00000030   Code   RO          166    i.test_gpio_pwm     main.o
    0x0800e72c   0x00000118   Code   RO          332    i.uart1_init        usart.o
    0x0800e844   0x000000ac   Code   RO          333    i.uart2_init        usart.o
    0x0800e8f0   0x00000007   Data   RO          463    .constdata          cjson.o
    0x0800e8f7   0x00000001   PAD
    0x0800e8f8   0x00000088   Data   RO         4921    .constdata          m_ws.l(pow.o)
    0x0800e980   0x00000008   Data   RO         5276    .constdata          m_ws.l(qnan.o)
    0x0800e988   0x00000020   Data   RO         5331    Region$$Table       anon$$obj.o


    Execution Region RW_IRAM1 (Base: 0x20000000, Size: 0x0000f048, Max: 0x00010000, ABSOLUTE)

    Base Addr    Size         Type   Attr      Idx    E Section Name        Object

    0x20000000   0x00000004   Data   RW            4    .data               delay.o
    0x20000004   0x00000001   Data   RW          167    .data               main.o
    0x20000005   0x00000003   PAD
    0x20000008   0x00000004   Data   RW          334    .data               usart.o
    0x2000000c   0x0000000c   Data   RW          464    .data               cjson.o
    0x20000018   0x00000014   Data   RW          754    .data               malloc.o
    0x2000002c   0x00000022   Data   RW          863    .data               com4004.o
    0x2000004e   0x0000000a   Data   RW         1070    .data               timer.o
    0x20000058   0x00000018   Data   RW         1117    .data               com1010.o
    0x20000070   0x00000011   Data   RW         1255    .data               list.o
    0x20000081   0x00000003   PAD
    0x20000084   0x00000004   Data   RW         1303    .data               sensors.o
    0x20000088   0x00000006   Data   RW         1347    .data               sensors_adc.o
    0x2000008e   0x00000002   PAD
    0x20000090   0x00000008   Data   RW         1393    .data               sensors_gpio.o
    0x20000098   0x00000002   Data   RW         1548    .data               sensors_sht3x.o
    0x2000009a   0x00000014   Data   RW         3471    .data               stm32f10x_rcc.o
    0x200000ae   0x00000002   PAD
    0x200000b0   0x00000014   Data   RW         4868    .data               system_stm32f10x.o
    0x200000c4   0x00000004   Data   RW         4935    .data               mc_w.l(rand.o)
    0x200000c8   0x00000004   Data   RW         5314    .data               mc_w.l(errno.o)
    0x200000cc   0x00004400   Zero   RW          752    .bss                malloc.o
    0x200044cc   0x0000a4ec   Zero   RW          862    .bss                com4004.o
    0x2000e9b8   0x000001e7   Zero   RW         1116    .bss                com1010.o
    0x2000eb9f   0x00000001   PAD
    0x2000eba0   0x0000005c   Zero   RW         1302    .bss                sensors.o
    0x2000ebfc   0x0000000c   Zero   RW         1392    .bss                sensors_gpio.o
    0x2000ec08   0x00000010   Zero   RW         1697    .bss                sensors_timer.o
    0x2000ec18   0x0000002a   Zero   RW         1748    .bss                sensors_uart.o
    0x2000ec42   0x00000006   PAD
    0x2000ec48   0x00000400   Zero   RW         4908    STACK               startup_stm32f10x_hd.o


==============================================================================

Image component sizes


      Code (inc. data)   RO Data    RW Data    ZI Data      Debug   Object Name

      4216        232          7         12          0      20754   cjson.o
     10582        338          0         24        487      17316   com1010.o
     25076       2166          0         34      42220      35931   com4004.o
         0          0          0          0          0         32   core_cm3.o
        68         18          0          4          0     264949   delay.o
       132          4          0          0          0        439   led.o
       268         20          0         17          0       2093   list.o
       948         92          0          1          0       7831   main.o
       382         30          0         20      17408     209821   malloc.o
       196         32          0          0          0       2067   misc.o
       934        176          0          4         92      12903   sensors.o
       344         36          0          6          0       2403   sensors_adc.o
       372         60          0          8         12       3733   sensors_gpio.o
       528         32          0          0          0       3525   sensors_i2c_hal.o
       842         56          0          2          0       7812   sensors_sht3x.o
       362         26          0          0         16       2861   sensors_timer.o
       770         54          0          0         42       6107   sensors_uart.o
        36          8        304          0       1024        736   startup_stm32f10x_hd.o
       482         24          0          0          0      15722   stm32f10x_adc.o
       428          8          0          0          0       3904   stm32f10x_dma.o
        12          6          0          0          0        421   stm32f10x_exti.o
       310          0          0          0          0       3589   stm32f10x_gpio.o
        26          0          0          0          0       3210   stm32f10x_it.o
       396         56          0         20          0       5755   stm32f10x_rcc.o
      1248        148          0          0          0       8663   stm32f10x_tim.o
       630         28          0          0          0       6288   stm32f10x_usart.o
        12          0          0          0          0        369   sys.o
       324         26          0         20          0       1821   system_stm32f10x.o
       306         10          0         10          0       1542   timer.o
      1112        148          0          4          0       6284   usart.o

    ----------------------------------------------------------------------
     51384       3834        344        196      61308     658881   Object Totals
         0          0         32          0          0          0   (incl. Generated)
        42          0          1         10          7          0   (incl. Padding)

    ----------------------------------------------------------------------

      Code (inc. data)   RO Data    RW Data    ZI Data      Debug   Library Member Name

        16          6          0          0          0         68   dunder.o
       220         16          0          0          0         84   floor.o
        40          0          0          0          0         68   fpclassify.o
       170          0          0          0          0         96   poly.o
      2528        190        136          0          0        332   pow.o
         0          0          8          0          0          0   qnan.o
        76          0          0          0          0         84   sqrt.o
         0          0          0          0          0          0   entry.o
         0          0          0          0          0          0   entry10a.o
         0          0          0          0          0          0   entry11a.o
         8          4          0          0          0          0   entry2.o
         4          0          0          0          0          0   entry5.o
         0          0          0          0          0          0   entry7b.o
         0          0          0          0          0          0   entry8b.o
         8          4          0          0          0          0   entry9a.o
        12          6          0          4          0         68   errno.o
        30          0          0          0          0          0   handlers.o
        36          8          0          0          0         68   init.o
         0          0          0          0          0          0   iusefp.o
        30          0          0          0          0         68   llshl.o
        36          0          0          0          0         68   llsshr.o
        32          0          0          0          0         68   llushr.o
        36          0          0          0          0         68   memcpya.o
        36          0          0          0          0        108   memseta.o
      2292         96          0          0          0        596   printfa.o
        36         10          0          4          0        136   rand.o
        20          0          0          0          0         68   strchr.o
        18          0          0          0          0         68   strcpy.o
        14          0          0          0          0         68   strlen.o
        30          0          0          0          0         80   strncmp.o
        12          0          0          0          0         68   tolower.o
        44          0          0          0          0         80   uidiv.o
        98          0          0          0          0         92   uldiv.o
        40          2          0          0          0         68   cdcmple.o
        40          2          0          0          0         68   cdrcmple.o
        56          0          0          0          0         88   d2f.o
       334          0          0          0          0        148   dadd.o
       222          0          0          0          0        100   ddiv.o
       190          0          0          0          0        176   depilogue.o
        62          0          0          0          0         80   dfixi.o
        48          0          0          0          0         68   dfixul.o
        34          0          0          0          0         76   dflti.o
        26          0          0          0          0         76   dfltui.o
       228          0          0          0          0         96   dmul.o
        46          0          0          0          0         80   dscalb.o
       162          0          0          0          0        100   dsqrt.o
        38          0          0          0          0         68   f2d.o
       176          0          0          0          0        140   fadd.o
       128          0          0          0          0         88   fdiv.o
       108          0          0          0          0        168   fepilogue.o
        10          0          0          0          0         68   ffltui.o
       108          0          0          0          0         76   fmul.o

    ----------------------------------------------------------------------
      7944        344        144          8          0       4336   Library Totals
         6          0          0          0          0          0   (incl. Padding)

    ----------------------------------------------------------------------

      Code (inc. data)   RO Data    RW Data    ZI Data      Debug   Library Name

      3050        212        144          0          0        732   m_ws.l
      2832        128          0          8          0       1772   mc_w.l
      2056          4          0          0          0       1832   mf_w.l

    ----------------------------------------------------------------------
      7944        344        144          8          0       4336   Library Totals

    ----------------------------------------------------------------------

==============================================================================


      Code (inc. data)   RO Data    RW Data    ZI Data      Debug   

     59328       4178        488        204      61308     648657   Grand Totals
     59328       4178        488        204      61308     648657   ELF Image Totals
     59328       4178        488        204          0          0   ROM Totals

==============================================================================

    Total RO  Size (Code + RO Data)                59816 (  58.41kB)
    Total RW  Size (RW Data + ZI Data)             61512 (  60.07kB)
    Total ROM Size (Code + RO Data + RW Data)      60020 (  58.61kB)

==============================================================================

