ARM Linker, 5.03 [Build 76] [MDK-ARM Standard]

==============================================================================

Section Cross References

    delay.o(i.delay_init) refers to misc.o(i.SysTick_CLKSourceConfig) for SysTick_CLKSourceConfig
    delay.o(i.delay_init) refers to system_stm32f10x.o(.data) for SystemCoreClock
    delay.o(i.delay_init) refers to delay.o(.data) for fac_us
    delay.o(i.delay_ms) refers to delay.o(.data) for fac_ms
    delay.o(i.delay_us) refers to delay.o(.data) for fac_us
    key.o(i.KEY_Init) refers to stm32f10x_rcc.o(i.RCC_APB2PeriphClockCmd) for RCC_APB2PeriphClockCmd
    key.o(i.KEY_Init) refers to stm32f10x_gpio.o(i.GPIO_PinRemapConfig) for GPIO_PinRemapConfig
    key.o(i.KEY_Init) refers to stm32f10x_gpio.o(i.GPIO_Init) for GPIO_Init
    key.o(i.KEY_Scan) refers to stm32f10x_gpio.o(i.GPIO_ReadInputDataBit) for GPIO_ReadInputDataBit
    key.o(i.KEY_Scan) refers to delay.o(i.delay_ms) for delay_ms
    key.o(i.KEY_Scan) refers to key.o(.data) for key_up
    led.o(i.LED_Init) refers to stm32f10x_rcc.o(i.RCC_APB2PeriphClockCmd) for RCC_APB2PeriphClockCmd
    led.o(i.LED_Init) refers to stm32f10x_gpio.o(i.GPIO_Init) for GPIO_Init
    led.o(i.LED_Init) refers to stm32f10x_gpio.o(i.GPIO_SetBits) for GPIO_SetBits
    main.o(i.Task100ms) refers to usart.o(i.Usart2_Send) for Usart2_Send
    main.o(i.Task100ms) refers to com1010.o(i.sicp_cmd_refresh) for sicp_cmd_refresh
    main.o(i.Task100ms) refers to com4004.o(i.success_receipt) for success_receipt
    main.o(i.Task100ms) refers to com1010.o(i.sicp_cmd_data) for sicp_cmd_data
    main.o(i.Task100ms) refers to com1010.o(i.sicp_led_cmd) for sicp_led_cmd
    main.o(i.Task100ms) refers to com1010.o(i.sicp_alert_cmd) for sicp_alert_cmd
    main.o(i.Task100ms) refers to com1010.o(i.sicp_qe_action_cmd) for sicp_qe_action_cmd
    main.o(i.Task100ms) refers to com4004.o(i.rev_action_perform) for rev_action_perform
    main.o(i.Task100ms) refers to com4004.o(i.rev_qe) for rev_qe
    main.o(i.Task100ms) refers to com4004.o(i.send_device_info_sub) for send_device_info_sub
    main.o(i.Task100ms) refers to com4004.o(i.send_data_sync) for send_data_sync
    main.o(i.Task100ms) refers to com4004.o(i.send_rt) for send_rt
    main.o(i.Task100ms) refers to sensors_uart.o(i.CO2_usart3_send) for CO2_usart3_send
    main.o(i.Task100ms) refers to timer.o(.data) for SYSFlag1_
    main.o(i.Task100ms) refers to main.o(.data) for tick400ms
    main.o(i.Task100ms) refers to list.o(.data) for uart2TxSLHead
    main.o(i.Task100ms) refers to com4004.o(.data) for UART1Flag1_
    main.o(i.Task100ms) refers to com1010.o(.data) for UART2Flag1_
    main.o(i.Task1s) refers to com4004.o(i.send_device_info_ss) for send_device_info_ss
    main.o(i.Task1s) refers to stm32f10x_gpio.o(i.GPIO_ReadOutputDataBit) for GPIO_ReadOutputDataBit
    main.o(i.Task1s) refers to stm32f10x_gpio.o(i.GPIO_WriteBit) for GPIO_WriteBit
    main.o(i.Task1s) refers to com1010.o(i.sicp_send_heartbeart) for sicp_send_heartbeart
    main.o(i.Task1s) refers to com1010.o(i.sicp_broadcast) for sicp_broadcast
    main.o(i.Task1s) refers to com1010.o(i.sicp_cmd_refresh) for sicp_cmd_refresh
    main.o(i.Task1s) refers to timer.o(.data) for SYSFlag1_
    main.o(i.Task1s) refers to main.o(.data) for sys_time
    main.o(i.Task1s) refers to com1010.o(.data) for sicp_refr
    main.o(i.Task2ms) refers to sensors_gpio.o(i.PYD1798_check) for PYD1798_check
    main.o(i.Task2ms) refers to sensors_gpio.o(i.smokeModule_check) for smokeModule_check
    main.o(i.Task2ms) refers to com4004.o(i.analyze) for analyze
    main.o(i.Task2ms) refers to com1010.o(i.rev_anaylze) for rev_anaylze
    main.o(i.Task2ms) refers to timer.o(.data) for SYSFlag1_
    main.o(i.Task2s) refers to sensors.o(i.SHT3X_read) for SHT3X_read
    main.o(i.Task2s) refers to timer.o(.data) for SYSFlag1_
    main.o(i.Task300ms) refers to sensors.o(i.ADC1_value_filter) for ADC1_value_filter
    main.o(i.Task300ms) refers to timer.o(.data) for SYSFlag1_
    main.o(i.main) refers to timer.o(i.TIM2_Init) for TIM2_Init
    main.o(i.main) refers to delay.o(i.delay_init) for delay_init
    main.o(i.main) refers to sys.o(i.NVIC_Configuration) for NVIC_Configuration
    main.o(i.main) refers to usart.o(i.uart1_init) for uart1_init
    main.o(i.main) refers to usart.o(i.uart2_init) for uart2_init
    main.o(i.main) refers to led.o(i.LED_Init) for LED_Init
    main.o(i.main) refers to main.o(i.system_init) for system_init
    main.o(i.main) refers to usart.o(i.Usart2_Send) for Usart2_Send
    main.o(i.main) refers to sensors.o(i.sensors_init_all) for sensors_init_all
    main.o(i.main) refers to main.o(i.test_gpio_config) for test_gpio_config
    main.o(i.main) refers to main.o(i.Task2ms) for Task2ms
    main.o(i.main) refers to main.o(i.Task100ms) for Task100ms
    main.o(i.main) refers to main.o(i.Task300ms) for Task300ms
[...]
    STACK                                    0x2000ec18   Section     1024  startup_stm32f10x_hd.o(STACK)

    Global Symbols

    Symbol Name                              Value     Ov Type        Size  Object(Section)

    BuildAttributes$$THM_ISAv4$P$D$K$B$S$PE$A:L22UL41UL21$X:L11$S22US41US21$IEEE1$IW$USESV6$~STKCKD$USESV7$~SHL$OTIME$ROPI$IEEEX$EBA8$MICROLIB$REQ8$PRES8$EABIv2 0x00000000   Number         0  anon$$obj.o ABSOLUTE
    __ARM_use_no_argv                        0x00000000   Number         0  main.o ABSOLUTE
    __use_no_errno                           0x00000000   Number         0  useno.o ABSOLUTE
    __use_no_exception_handling              0x00000000   Number         0  useno.o ABSOLUTE
    __use_no_fp                              0x00000000   Number         0  useno.o ABSOLUTE
    __use_no_heap                            0x00000000   Number         0  useno.o ABSOLUTE
    __use_no_heap_region                     0x00000000   Number         0  useno.o ABSOLUTE
    __use_no_semihosting                     0x00000000   Number         0  useno.o ABSOLUTE
    __use_no_semihosting_swi                 0x00000000   Number         0  useno.o ABSOLUTE
    __use_no_signal_handling                 0x00000000   Number         0  useno.o ABSOLUTE
    _printf_a                                0x00000000   Number         0  stubs.o ABSOLUTE
    _printf_c                                0x00000000   Number         0  stubs.o ABSOLUTE
    _printf_charcount                        0x00000000   Number         0  stubs.o ABSOLUTE
    _printf_d                                0x00000000   Number         0  stubs.o ABSOLUTE
    _printf_e                                0x00000000   Number         0  stubs.o ABSOLUTE
    _printf_f                                0x00000000   Number         0  stubs.o ABSOLUTE
    _printf_flags                            0x00000000   Number         0  stubs.o ABSOLUTE
    _printf_fp_dec                           0x00000000   Number         0  stubs.o ABSOLUTE
    _printf_fp_hex                           0x00000000   Number         0  stubs.o ABSOLUTE
    _printf_g                                0x00000000   Number         0  stubs.o ABSOLUTE
    _printf_i                                0x00000000   Number         0  stubs.o ABSOLUTE
    _printf_int_dec                          0x00000000   Number         0  stubs.o ABSOLUTE
    _printf_l                                0x00000000   Number         0  stubs.o ABSOLUTE
    _printf_lc                               0x00000000   Number         0  stubs.o ABSOLUTE
    _printf_ll                               0x00000000   Number         0  stubs.o ABSOLUTE
    _printf_lld                              0x00000000   Number         0  stubs.o ABSOLUTE
    _printf_lli                              0x00000000   Number         0  stubs.o ABSOLUTE
    _printf_llo                              0x00000000   Number         0  stubs.o ABSOLUTE
    _printf_llu                              0x00000000   Number         0  stubs.o ABSOLUTE
    _printf_llx                              0x00000000   Number         0  stubs.o ABSOLUTE
    _printf_longlong_dec                     0x00000000   Number         0  stubs.o ABSOLUTE
    _printf_longlong_hex                     0x00000000   Number         0  stubs.o ABSOLUTE
    _printf_longlong_oct                     0x00000000   Number         0  stubs.o ABSOLUTE
    _printf_ls                               0x00000000   Number         0  stubs.o ABSOLUTE
    _printf_mbtowc                           0x00000000   Number         0  stubs.o ABSOLUTE
    _printf_n                                0x00000000   Number         0  stubs.o ABSOLUTE
    _printf_o                                0x00000000   Number         0  stubs.o ABSOLUTE
    _printf_p                                0x00000000   Number         0  stubs.o ABSOLUTE
    _printf_percent                          0x00000000   Number         0  stubs.o ABSOLUTE
    _printf_pre_padding                      0x00000000   Number         0  stubs.o ABSOLUTE
    _printf_return_value                     0x00000000   Number         0  stubs.o ABSOLUTE
    _printf_s                                0x00000000   Number         0  stubs.o ABSOLUTE
    _printf_sizespec                         0x00000000   Number         0  stubs.o ABSOLUTE
    _printf_str                              0x00000000   Number         0  stubs.o ABSOLUTE
    _printf_truncate_signed                  0x00000000   Number         0  stubs.o ABSOLUTE
    _printf_truncate_unsigned                0x00000000   Number         0  stubs.o ABSOLUTE
    _printf_u                                0x00000000   Number         0  stubs.o ABSOLUTE
    _printf_wc                               0x00000000   Number         0  stubs.o ABSOLUTE
    _printf_wctomb                           0x00000000   Number         0  stubs.o ABSOLUTE
    _printf_widthprec                        0x00000000   Number         0  stubs.o ABSOLUTE
    _printf_x                                0x00000000   Number         0  stubs.o ABSOLUTE
    __cpp_initialize__aeabi_                  - Undefined Weak Reference
    __cxa_finalize                            - Undefined Weak Reference
    __decompress                              - Undefined Weak Reference
    _clock_init                               - Undefined Weak Reference
    _microlib_exit                            - Undefined Weak Reference
    __Vectors_Size                           0x00000130   Number         0  startup_stm32f10x_hd.o ABSOLUTE
    __Vectors                                0x08000000   Data           4  startup_stm32f10x_hd.o(RESET)
    __Vectors_End                            0x08000130   Data           0  startup_stm32f10x_hd.o(RESET)
    __main                                   0x08000131   Thumb Code     0  entry.o(.ARM.Collect$$$$00000000)
    _main_stk                                0x08000131   Thumb Code     0  entry2.o(.ARM.Collect$$$$00000001)
    _main_scatterload                        0x08000135   Thumb Code     0  entry5.o(.ARM.Collect$$$$00000004)
    __main_after_scatterload                 0x08000139   Thumb Code     0  entry5.o(.ARM.Collect$$$$00000004)
    _main_clock                              0x08000139   Thumb Code     0  entry7b.o(.ARM.Collect$$$$00000008)
    _main_cpp_init                           0x08000139   Thumb Code     0  entry8b.o(.ARM.Collect$$$$0000000A)
    _main_init                               0x08000139   Thumb Code     0  entry9a.o(.ARM.Collect$$$$0000000B)
    __rt_final_cpp                           0x08000141   Thumb Code     0  entry10a.o(.ARM.Collect$$$$0000000D)
    __rt_final_exit                          0x08000141   Thumb Code     0  entry11a.o(.ARM.Collect$$$$0000000F)
    Reset_Handler                            0x08000145   Thumb Code     8  startup_stm32f10x_hd.o(.text)
    ADC1_2_IRQHandler                        0x0800015f   Thumb Code     0  startup_stm32f10x_hd.o(.text)
    ADC3_IRQHandler                          0x0800015f   Thumb Code     0  startup_stm32f10x_hd.o(.text)
    CAN1_RX1_IRQHandler                      0x0800015f   Thumb Code     0  startup_stm32f10x_hd.o(.text)
    CAN1_SCE_IRQHandler                      0x0800015f   Thumb Code     0  startup_stm32f10x_hd.o(.text)
    DMA1_Channel1_IRQHandler                 0x0800015f   Thumb Code     0  startup_stm32f10x_hd.o(.text)
    DMA1_Channel2_IRQHandler                 0x0800015f   Thumb Code     0  startup_stm32f10x_hd.o(.text)
    DMA1_Channel3_IRQHandler                 0x0800015f   Thumb Code     0  startup_stm32f10x_hd.o(.text)
    DMA1_Channel4_IRQHandler                 0x0800015f   Thumb Code     0  startup_stm32f10x_hd.o(.text)
    DMA1_Channel5_IRQHandler                 0x0800015f   Thumb Code     0  startup_stm32f10x_hd.o(.text)
    DMA1_Channel6_IRQHandler                 0x0800015f   Thumb Code     0  startup_stm32f10x_hd.o(.text)
    DMA1_Channel7_IRQHandler                 0x0800015f   Thumb Code     0  startup_stm32f10x_hd.o(.text)
    DMA2_Channel1_IRQHandler                 0x0800015f   Thumb Code     0  startup_stm32f10x_hd.o(.text)
    DMA2_Channel2_IRQHandler                 0x0800015f   Thumb Code     0  startup_stm32f10x_hd.o(.text)
    DMA2_Channel3_IRQHandler                 0x0800015f   Thumb Code     0  startup_stm32f10x_hd.o(.text)
    DMA2_Channel4_5_IRQHandler               0x0800015f   Thumb Code     0  startup_stm32f10x_hd.o(.text)
    EXTI0_IRQHandler                         0x0800015f   Thumb Code     0  startup_stm32f10x_hd.o(.text)
    EXTI15_10_IRQHandler                     0x0800015f   Thumb Code     0  startup_stm32f10x_hd.o(.text)
    EXTI1_IRQHandler                         0x0800015f   Thumb Code     0  startup_stm32f10x_hd.o(.text)
    EXTI2_IRQHandler                         0x0800015f   Thumb Code     0  startup_stm32f10x_hd.o(.text)
    EXTI3_IRQHandler                         0x0800015f   Thumb Code     0  startup_stm32f10x_hd.o(.text)
    EXTI9_5_IRQHandler                       0x0800015f   Thumb Code     0  startup_stm32f10x_hd.o(.text)
    FLASH_IRQHandler                         0x0800015f   Thumb Code     0  startup_stm32f10x_hd.o(.text)
    FSMC_IRQHandler                          0x0800015f   Thumb Code     0  startup_stm32f10x_hd.o(.text)
    I2C1_ER_IRQHandler                       0x0800015f   Thumb Code     0  startup_stm32f10x_hd.o(.text)
    I2C1_EV_IRQHandler                       0x0800015f   Thumb Code     0  startup_stm32f10x_hd.o(.text)
    I2C2_ER_IRQHandler                       0x0800015f   Thumb Code     0  startup_stm32f10x_hd.o(.text)
    I2C2_EV_IRQHandler                       0x0800015f   Thumb Code     0  startup_stm32f10x_hd.o(.text)
    PVD_IRQHandler                           0x0800015f   Thumb Code     0  startup_stm32f10x_hd.o(.text)
    RCC_IRQHandler                           0x0800015f   Thumb Code     0  startup_stm32f10x_hd.o(.text)
    RTCAlarm_IRQHandler                      0x0800015f   Thumb Code     0  startup_stm32f10x_hd.o(.text)
    RTC_IRQHandler                           0x0800015f   Thumb Code     0  startup_stm32f10x_hd.o(.text)
    SDIO_IRQHandler                          0x0800015f   Thumb Code     0  startup_stm32f10x_hd.o(.text)
    SPI1_IRQHandler                          0x0800015f   Thumb Code     0  startup_stm32f10x_hd.o(.text)
    SPI2_IRQHandler                          0x0800015f   Thumb Code     0  startup_stm32f10x_hd.o(.text)
    SPI3_IRQHandler                          0x0800015f   Thumb Code     0  startup_stm32f10x_hd.o(.text)
    TAMPER_IRQHandler                        0x0800015f   Thumb Code     0  startup_stm32f10x_hd.o(.text)
    TIM1_BRK_IRQHandler                      0x0800015f   Thumb Code     0  startup_stm32f10x_hd.o(.text)
    TIM1_CC_IRQHandler                       0x0800015f   Thumb Code     0  startup_stm32f10x_hd.o(.text)
    TIM1_TRG_COM_IRQHandler                  0x0800015f   Thumb Code     0  startup_stm32f10x_hd.o(.text)
    TIM1_UP_IRQHandler                       0x0800015f   Thumb Code     0  startup_stm32f10x_hd.o(.text)
    TIM4_IRQHandler                          0x0800015f   Thumb Code     0  startup_stm32f10x_hd.o(.text)
    TIM5_IRQHandler                          0x0800015f   Thumb Code     0  startup_stm32f10x_hd.o(.text)
    TIM6_IRQHandler                          0x0800015f   Thumb Code     0  startup_stm32f10x_hd.o(.text)
    TIM7_IRQHandler                          0x0800015f   Thumb Code     0  startup_stm32f10x_hd.o(.text)
    TIM8_BRK_IRQHandler                      0x0800015f   Thumb Code     0  startup_stm32f10x_hd.o(.text)
    TIM8_CC_IRQHandler                       0x0800015f   Thumb Code     0  startup_stm32f10x_hd.o(.text)
    TIM8_TRG_COM_IRQHandler                  0x0800015f   Thumb Code     0  startup_stm32f10x_hd.o(.text)
    TIM8_UP_IRQHandler                       0x0800015f   Thumb Code     0  startup_stm32f10x_hd.o(.text)
    UART4_IRQHandler                         0x0800015f   Thumb Code     0  startup_stm32f10x_hd.o(.text)
    UART5_IRQHandler                         0x0800015f   Thumb Code     0  startup_stm32f10x_hd.o(.text)
    USBWakeUp_IRQHandler                     0x0800015f   Thumb Code     0  startup_stm32f10x_hd.o(.text)
    USB_HP_CAN1_TX_IRQHandler                0x0800015f   Thumb Code     0  startup_stm32f10x_hd.o(.text)
    USB_LP_CAN1_RX0_IRQHandler               0x0800015f   Thumb Code     0  startup_stm32f10x_hd.o(.text)
    WWDG_IRQHandler                          0x0800015f   Thumb Code     0  startup_stm32f10x_hd.o(.text)
    tolower                                  0x08000169   Thumb Code    12  tolower.o(.text)
    rand                                     0x08000175   Thumb Code    20  rand.o(.text)
    srand                                    0x08000189   Thumb Code     6  rand.o(.text)
    __aeabi_memcpy                           0x08000199   Thumb Code    36  memcpya.o(.text)
    __aeabi_memcpy4                          0x08000199   Thumb Code     0  memcpya.o(.text)
    __aeabi_memcpy8                          0x08000199   Thumb Code     0  memcpya.o(.text)
    __aeabi_memset                           0x080001bd   Thumb Code    14  memseta.o(.text)
    __aeabi_memset4                          0x080001bd   Thumb Code     0  memseta.o(.text)
    __aeabi_memset8                          0x080001bd   Thumb Code     0  memseta.o(.text)
    __aeabi_memclr                           0x080001cb   Thumb Code     4  memseta.o(.text)
    __aeabi_memclr4                          0x080001cb   Thumb Code     0  memseta.o(.text)
    __aeabi_memclr8                          0x080001cb   Thumb Code     0  memseta.o(.text)
    _memset$wrapper                          0x080001cf   Thumb Code    18  memseta.o(.text)
    strchr                                   0x080001e1   Thumb Code    20  strchr.o(.text)
    strlen                                   0x080001f5   Thumb Code    14  strlen.o(.text)
    strcpy                                   0x08000203   Thumb Code    18  strcpy.o(.text)
    strncmp                                  0x08000215   Thumb Code    30  strncmp.o(.text)
    strtok                                   0x08000235   Thumb Code    62  strtok.o(.text)
    __aeabi_fadd                             0x08000279   Thumb Code   164  fadd.o(.text)
    __aeabi_fsub                             0x0800031d   Thumb Code     6  fadd.o(.text)
    __aeabi_frsub                            0x08000323   Thumb Code     6  fadd.o(.text)
    __aeabi_fmul                             0x08000329   Thumb Code   108  fmul.o(.text)
    __aeabi_fdiv                             0x08000395   Thumb Code   128  fdiv.o(.text)
    __aeabi_dadd                             0x08000415   Thumb Code   322  dadd.o(.text)
    __aeabi_dsub                             0x08000557   Thumb Code     6  dadd.o(.text)
    __aeabi_drsub                            0x0800055d   Thumb Code     6  dadd.o(.text)
    __aeabi_dmul                             0x08000563   Thumb Code   228  dmul.o(.text)
    __aeabi_ddiv                             0x08000647   Thumb Code   222  ddiv.o(.text)
    __aeabi_ui2f                             0x08000725   Thumb Code    10  ffltui.o(.text)
    __aeabi_i2d                              0x0800072f   Thumb Code    34  dflti.o(.text)
    __aeabi_ui2d                             0x08000751   Thumb Code    26  dfltui.o(.text)
    __aeabi_f2iz                             0x0800076b   Thumb Code    50  ffixi.o(.text)
    __aeabi_d2iz                             0x0800079d   Thumb Code    62  dfixi.o(.text)
    __aeabi_f2d                              0x080007db   Thumb Code    38  f2d.o(.text)
    __aeabi_cdcmpeq                          0x08000801   Thumb Code     0  cdcmple.o(.text)
    __aeabi_cdcmple                          0x08000801   Thumb Code    38  cdcmple.o(.text)
    __aeabi_cdrcmple                         0x08000829   Thumb Code    38  cdrcmple.o(.text)
    __aeabi_d2f                              0x08000851   Thumb Code    56  d2f.o(.text)
    __aeabi_cfcmpeq                          0x08000889   Thumb Code     0  cfcmple.o(.text)
    __aeabi_cfcmple                          0x08000889   Thumb Code    20  cfcmple.o(.text)
    __aeabi_cfrcmple                         0x0800089d   Thumb Code    20  cfrcmple.o(.text)
    __aeabi_uidiv                            0x080008b1   Thumb Code     0  uidiv.o(.text)
    __aeabi_uidivmod                         0x080008b1   Thumb Code    44  uidiv.o(.text)
    __aeabi_uldivmod                         0x080008dd   Thumb Code    98  uldiv.o(.text)
    __aeabi_llsl                             0x0800093f   Thumb Code    30  llshl.o(.text)
    _ll_shift_l                              0x0800093f   Thumb Code     0  llshl.o(.text)
    __aeabi_llsr                             0x0800095d   Thumb Code    32  llushr.o(.text)
    _ll_ushift_r                             0x0800095d   Thumb Code     0  llushr.o(.text)
    __aeabi_lasr                             0x0800097d   Thumb Code    36  llsshr.o(.text)
    _ll_sshift_r                             0x0800097d   Thumb Code     0  llsshr.o(.text)
    __I$use$fp                               0x080009a1   Thumb Code     0  iusefp.o(.text)
    _float_round                             0x080009a1   Thumb Code    18  fepilogue.o(.text)
    _float_epilogue                          0x080009b3   Thumb Code    90  fepilogue.o(.text)
    _double_round                            0x08000a0d   Thumb Code    26  depilogue.o(.text)
    _double_epilogue                         0x08000a27   Thumb Code   164  depilogue.o(.text)
    __ARM_scalbn                             0x08000acb   Thumb Code    46  dscalb.o(.text)
    scalbn                                   0x08000acb   Thumb Code     0  dscalb.o(.text)
    __aeabi_d2ulz                            0x08000af9   Thumb Code    48  dfixul.o(.text)
    __scatterload                            0x08000b29   Thumb Code    28  init.o(.text)
    __scatterload_rt2                        0x08000b29   Thumb Code     0  init.o(.text)
    _dsqrt                                   0x08000b4d   Thumb Code   162  dsqrt.o(.text)
    ADC1_DMA1_Config                         0x08000bf1   Thumb Code    66  sensors_adc.o(i.ADC1_DMA1_Config)
    ADC1_GPIO_Config                         0x08000c41   Thumb Code    62  sensors_adc.o(i.ADC1_GPIO_Config)
    ADC1_Init_All                            0x08000c89   Thumb Code    32  sensors_adc.o(i.ADC1_Init_All)
    ADC1_Mode_Config                         0x08000cb1   Thumb Code   136  sensors_adc.o(i.ADC1_Mode_Config)
    ADC1_value_filter                        0x08000d3d   Thumb Code   604  sensors.o(i.ADC1_value_filter)
    ADC_Cmd                                  0x08000ff9   Thumb Code    22  stm32f10x_adc.o(i.ADC_Cmd)
    ADC_DMACmd                               0x0800100f   Thumb Code    22  stm32f10x_adc.o(i.ADC_DMACmd)
    ADC_DeInit                               0x08001025   Thumb Code    78  stm32f10x_adc.o(i.ADC_DeInit)
    ADC_GetCalibrationStatus                 0x08001081   Thumb Code    20  stm32f10x_adc.o(i.ADC_GetCalibrationStatus)
    ADC_GetResetCalibrationStatus            0x08001095   Thumb Code    20  stm32f10x_adc.o(i.ADC_GetResetCalibrationStatus)
    ADC_Init                                 0x080010a9   Thumb Code    70  stm32f10x_adc.o(i.ADC_Init)
    ADC_RegularChannelConfig                 0x080010f9   Thumb Code   184  stm32f10x_adc.o(i.ADC_RegularChannelConfig)
    ADC_ResetCalibration                     0x080011b1   Thumb Code    10  stm32f10x_adc.o(i.ADC_ResetCalibration)
    ADC_SoftwareStartConvCmd                 0x080011bb   Thumb Code    22  stm32f10x_adc.o(i.ADC_SoftwareStartConvCmd)
    ADC_StartCalibration                     0x080011d1   Thumb Code    10  stm32f10x_adc.o(i.ADC_StartCalibration)
    BusFault_Handler                         0x080011db   Thumb Code     4  stm32f10x_it.o(i.BusFault_Handler)
    CO2_NVIC_config                          0x080011df   Thumb Code    34  sensors_uart.o(i.CO2_NVIC_config)
    CO2_RCC_config                           0x08001201   Thumb Code    20  sensors_uart.o(i.CO2_RCC_config)
    CO2_atuo_config                          0x08001215   Thumb Code    20  sensors_uart.o(i.CO2_atuo_config)
    CO2_gpio_config                          0x0800122d   Thumb Code    54  sensors_uart.o(i.CO2_gpio_config)
    CO2_setr_config                          0x08001269   Thumb Code    14  sensors_uart.o(i.CO2_setr_config)
    CO2_usart3_checkSum                      0x0800127d   Thumb Code    32  sensors_uart.o(i.CO2_usart3_checkSum)
    CO2_usart3_cmd                           0x0800129d   Thumb Code   142  sensors_uart.o(i.CO2_usart3_cmd)
    CO2_usart3_config                        0x08001331   Thumb Code    68  sensors_uart.o(i.CO2_usart3_config)
    CO2_usart3_init                          0x08001379   Thumb Code    30  sensors_uart.o(i.CO2_usart3_init)
    CO2_usart3_send                          0x0800139d   Thumb Code   156  sensors_uart.o(i.CO2_usart3_send)
    Check_Sum                                0x08001441   Thumb Code    28  com1010.o(i.Check_Sum)
    DMA_Cmd                                  0x0800145d   Thumb Code    24  stm32f10x_dma.o(i.DMA_Cmd)
    DMA_DeInit                               0x08001475   Thumb Code   324  stm32f10x_dma.o(i.DMA_DeInit)
    DMA_GetCurrDataCounter                   0x080015c1   Thumb Code     8  stm32f10x_dma.o(i.DMA_GetCurrDataCounter)
    DMA_Init                                 0x080015c9   Thumb Code    60  stm32f10x_dma.o(i.DMA_Init)
    DMA_SetCurrDataCounter                   0x08001605   Thumb Code     4  stm32f10x_dma.o(i.DMA_SetCurrDataCounter)
    DebugMon_Handler                         0x08001609   Thumb Code     2  stm32f10x_it.o(i.DebugMon_Handler)
    DelayMicroSeconds                        0x0800160b   Thumb Code   138  sensors.o(i.DelayMicroSeconds)
    EXTI4_IRQHandler                         0x08001695   Thumb Code    10  sensors_gpio.o(i.EXTI4_IRQHandler)
    EXTI_ClearITPendingBit                   0x080016a1   Thumb Code     6  stm32f10x_exti.o(i.EXTI_ClearITPendingBit)
    GP2Y1023_NVIC_config                     0x080016ad   Thumb Code    34  sensors_timer.o(i.GP2Y1023_NVIC_config)
    GP2Y1023_gpio_config                     0x080016d1   Thumb Code    38  sensors_timer.o(i.GP2Y1023_gpio_config)
    GP2Y1023_pwm_init                        0x080016fd   Thumb Code    40  sensors_timer.o(i.GP2Y1023_pwm_init)
    GP2Y1023_timer_config                    0x08001729   Thumb Code   134  sensors_timer.o(i.GP2Y1023_timer_config)
    GPIO_Init                                0x080017b5   Thumb Code   274  stm32f10x_gpio.o(i.GPIO_Init)
    GPIO_ReadOutputDataBit                   0x080018c7   Thumb Code    18  stm32f10x_gpio.o(i.GPIO_ReadOutputDataBit)
    GPIO_ResetBits                           0x080018d9   Thumb Code     4  stm32f10x_gpio.o(i.GPIO_ResetBits)
    GPIO_SetBits                             0x080018dd   Thumb Code     4  stm32f10x_gpio.o(i.GPIO_SetBits)
    GPIO_WriteBit                            0x080018e1   Thumb Code    10  stm32f10x_gpio.o(i.GPIO_WriteBit)
    HardFault_Handler                        0x080018eb   Thumb Code     4  stm32f10x_it.o(i.HardFault_Handler)
    I2c_Init                                 0x080018f1   Thumb Code    50  sensors_i2c_hal.o(i.I2c_Init)
    I2c_ReadByte                             0x0800192d   Thumb Code   160  sensors_i2c_hal.o(i.I2c_ReadByte)
    I2c_StartCondition                       0x080019d1   Thumb Code    60  sensors_i2c_hal.o(i.I2c_StartCondition)
    I2c_StopCondition                        0x08001a11   Thumb Code    60  sensors_i2c_hal.o(i.I2c_StopCondition)
    I2c_WaitWhileClockStreching              0x08001a51   Thumb Code    44  sensors_i2c_hal.o(i.I2c_WaitWhileClockStreching)
    I2c_WriteByte                            0x08001a81   Thumb Code   122  sensors_i2c_hal.o(i.I2c_WriteByte)
    LED_Init                                 0x08001b01   Thumb Code   128  led.o(i.LED_Init)
    MYDMA_Enable                             0x08001b85   Thumb Code    32  usart.o(i.MYDMA_Enable)
    MemManage_Handler                        0x08001ba5   Thumb Code     4  stm32f10x_it.o(i.MemManage_Handler)
    NMI_Handler                              0x08001ba9   Thumb Code     2  stm32f10x_it.o(i.NMI_Handler)
    NVIC_Configuration                       0x08001bab   Thumb Code    12  sys.o(i.NVIC_Configuration)
    NVIC_Init                                0x08001bb9   Thumb Code   102  misc.o(i.NVIC_Init)
    NVIC_PriorityGroupConfig                 0x08001c2d   Thumb Code    10  misc.o(i.NVIC_PriorityGroupConfig)
    NVIC_SetVectorTable                      0x08001c41   Thumb Code    12  misc.o(i.NVIC_SetVectorTable)
    PYD1798_check                            0x08001c55   Thumb Code    32  sensors_gpio.o(i.PYD1798_check)
    PYD1798_gpio_init                        0x08001c79   Thumb Code    36  sensors_gpio.o(i.PYD1798_gpio_init)
    PYD1798_pin_in                           0x08001ca5   Thumb Code    24  sensors_gpio.o(i.PYD1798_pin_in)
    PYD1798_pin_out                          0x08001cc1   Thumb Code    24  sensors_gpio.o(i.PYD1798_pin_out)
    PYD1798_readdigipyro                     0x08001cdd   Thumb Code   154  sensors_gpio.o(i.PYD1798_readdigipyro)
    PendSV_Handler                           0x08001d7d   Thumb Code     2  stm32f10x_it.o(i.PendSV_Handler)
    RCC_ADCCLKConfig                         0x08001d81   Thumb Code    18  stm32f10x_rcc.o(i.RCC_ADCCLKConfig)
    RCC_AHBPeriphClockCmd                    0x08001d99   Thumb Code    26  stm32f10x_rcc.o(i.RCC_AHBPeriphClockCmd)
    RCC_APB1PeriphClockCmd                   0x08001db9   Thumb Code    26  stm32f10x_rcc.o(i.RCC_APB1PeriphClockCmd)
    RCC_APB1PeriphResetCmd                   0x08001dd9   Thumb Code    26  stm32f10x_rcc.o(i.RCC_APB1PeriphResetCmd)
    RCC_APB2PeriphClockCmd                   0x08001df9   Thumb Code    26  stm32f10x_rcc.o(i.RCC_APB2PeriphClockCmd)
    RCC_APB2PeriphResetCmd                   0x08001e19   Thumb Code    26  stm32f10x_rcc.o(i.RCC_APB2PeriphResetCmd)
    RCC_GetClocksFreq                        0x08001e39   Thumb Code   192  stm32f10x_rcc.o(i.RCC_GetClocksFreq)
    SHT3X_CalcCrc                            0x08001f0d   Thumb Code    58  sensors_sht3x.o(i.SHT3X_CalcCrc)
    SHT3X_CalcHumidity                       0x08001f49   Thumb Code    28  sensors_sht3x.o(i.SHT3X_CalcHumidity)
    SHT3X_CalcTemperature                    0x08001f6d   Thumb Code    40  sensors_sht3x.o(i.SHT3X_CalcTemperature)
    SHT3X_CheckCrc                           0x08001fa1   Thumb Code    30  sensors_sht3x.o(i.SHT3X_CheckCrc)
    SHT3X_Init                               0x08001fbf   Thumb Code    40  sensors_sht3x.o(i.SHT3X_Init)
    SHT3X_Read2BytesAndCrc                   0x08001fe7   Thumb Code    88  sensors_sht3x.o(i.SHT3X_Read2BytesAndCrc)
    SHT3X_ReadMeasurementBuffer              0x0800203f   Thumb Code    90  sensors_sht3x.o(i.SHT3X_ReadMeasurementBuffer)
    SHT3X_SetI2cAdr                          0x08002099   Thumb Code    22  sensors_sht3x.o(i.SHT3X_SetI2cAdr)
    SHT3X_SoftReset                          0x080020b9   Thumb Code    36  sensors_sht3x.o(i.SHT3X_SoftReset)
    SHT3X_StartPeriodicMeasurment            0x080020dd   Thumb Code   300  sensors_sht3x.o(i.SHT3X_StartPeriodicMeasurment)
    SHT3X_StartReadAccess                    0x08002209   Thumb Code    20  sensors_sht3x.o(i.SHT3X_StartReadAccess)
    SHT3X_StartWriteAccess                   0x08002221   Thumb Code    20  sensors_sht3x.o(i.SHT3X_StartWriteAccess)
    SHT3X_StopAccess                         0x08002239   Thumb Code     8  sensors_sht3x.o(i.SHT3X_StopAccess)
    SHT3X_WriteCommand                       0x08002241   Thumb Code    24  sensors_sht3x.o(i.SHT3X_WriteCommand)
    SHT3X_read                               0x08002259   Thumb Code    34  sensors.o(i.SHT3X_read)
    SVC_Handler                              0x08002281   Thumb Code     2  stm32f10x_it.o(i.SVC_Handler)
    SysTick_CLKSourceConfig                  0x08002369   Thumb Code    40  misc.o(i.SysTick_CLKSourceConfig)
    SysTick_Handler                          0x08002391   Thumb Code     2  stm32f10x_it.o(i.SysTick_Handler)
    SystemInit                               0x08002395   Thumb Code    78  system_stm32f10x.o(i.SystemInit)
    TIM2_IRQHandler                          0x0800250d   Thumb Code   186  timer.o(i.TIM2_IRQHandler)
    TIM2_Init                                0x080025d1   Thumb Code   110  timer.o(i.TIM2_Init)
    TIM3_IRQHandler                          0x08002641   Thumb Code   180  sensors_timer.o(i.TIM3_IRQHandler)
    TIM_ClearITPendingBit                    0x08002701   Thumb Code     6  stm32f10x_tim.o(i.TIM_ClearITPendingBit)
    TIM_Cmd                                  0x08002707   Thumb Code    24  stm32f10x_tim.o(i.TIM_Cmd)
    TIM_DeInit                               0x08002721   Thumb Code   424  stm32f10x_tim.o(i.TIM_DeInit)
    TIM_GetCapture1                          0x08002909   Thumb Code     6  stm32f10x_tim.o(i.TIM_GetCapture1)
    TIM_GetCapture2                          0x0800290f   Thumb Code     6  stm32f10x_tim.o(i.TIM_GetCapture2)
    TIM_GetITStatus                          0x08002915   Thumb Code    34  stm32f10x_tim.o(i.TIM_GetITStatus)
    TIM_ITConfig                             0x08002937   Thumb Code    18  stm32f10x_tim.o(i.TIM_ITConfig)
    TIM_PWMIConfig                           0x08002949   Thumb Code   124  stm32f10x_tim.o(i.TIM_PWMIConfig)
    TIM_SelectInputTrigger                   0x080029c5   Thumb Code    18  stm32f10x_tim.o(i.TIM_SelectInputTrigger)
    TIM_SelectMasterSlaveMode                0x080029d7   Thumb Code    18  stm32f10x_tim.o(i.TIM_SelectMasterSlaveMode)
    TIM_SelectSlaveMode                      0x080029e9   Thumb Code    18  stm32f10x_tim.o(i.TIM_SelectSlaveMode)
    TIM_SetIC1Prescaler                      0x080029fb   Thumb Code    18  stm32f10x_tim.o(i.TIM_SetIC1Prescaler)
    TIM_SetIC2Prescaler                      0x08002a0d   Thumb Code    26  stm32f10x_tim.o(i.TIM_SetIC2Prescaler)
    TIM_TimeBaseInit                         0x08002a29   Thumb Code   122  stm32f10x_tim.o(i.TIM_TimeBaseInit)
    Task100ms                                0x08002acd   Thumb Code   248  main.o(i.Task100ms)
    Task1s                                   0x08002be1   Thumb Code   260  main.o(i.Task1s)
    Task2ms                                  0x08002cf5   Thumb Code    42  main.o(i.Task2ms)
    Task2s                                   0x08002d25   Thumb Code    30  main.o(i.Task2s)
    Task300ms                                0x08002d49   Thumb Code    30  main.o(i.Task300ms)
    USART1_IRQHandler                        0x08002d6d   Thumb Code   176  usart.o(i.USART1_IRQHandler)
    USART2_IRQHandler                        0x08002e49   Thumb Code   114  usart.o(i.USART2_IRQHandler)
    USART3_IRQHandler                        0x08002ed9   Thumb Code   160  sensors_uart.o(i.USART3_IRQHandler)
    USART_ClearFlag                          0x08002f85   Thumb Code    18  stm32f10x_usart.o(i.USART_ClearFlag)
    USART_ClearITPendingBit                  0x08002f97   Thumb Code    30  stm32f10x_usart.o(i.USART_ClearITPendingBit)
    USART_Cmd                                0x08002fb5   Thumb Code    24  stm32f10x_usart.o(i.USART_Cmd)
    USART_DMACmd                             0x08002fcd   Thumb Code    18  stm32f10x_usart.o(i.USART_DMACmd)
    USART_DeInit                             0x08002fe1   Thumb Code   134  stm32f10x_usart.o(i.USART_DeInit)
    USART_GetITStatus                        0x0800307d   Thumb Code    84  stm32f10x_usart.o(i.USART_GetITStatus)
    USART_ITConfig                           0x080030d1   Thumb Code    74  stm32f10x_usart.o(i.USART_ITConfig)
    USART_Init                               0x0800311d   Thumb Code   210  stm32f10x_usart.o(i.USART_Init)
    USART_ReceiveData                        0x080031f5   Thumb Code    10  stm32f10x_usart.o(i.USART_ReceiveData)
    UsageFault_Handler                       0x080031ff   Thumb Code     4  stm32f10x_it.o(i.UsageFault_Handler)
    Usart1_Send                              0x08003205   Thumb Code    56  usart.o(i.Usart1_Send)
    Usart2_Send                              0x08003251   Thumb Code    50  usart.o(i.Usart2_Send)
    __0sprintf                               0x08003295   Thumb Code    34  printfa.o(i.__0sprintf)
    __1sprintf                               0x08003295   Thumb Code     0  printfa.o(i.__0sprintf)
    __2sprintf                               0x08003295   Thumb Code     0  printfa.o(i.__0sprintf)
    __c89sprintf                             0x08003295   Thumb Code     0  printfa.o(i.__0sprintf)
    sprintf                                  0x08003295   Thumb Code     0  printfa.o(i.__0sprintf)
    __ARM_fpclassify                         0x080032bd   Thumb Code    40  fpclassify.o(i.__ARM_fpclassify)
    __kernel_poly                            0x080032e5   Thumb Code   170  poly.o(i.__kernel_poly)
    __mathlib_dbl_underflow                  0x08003391   Thumb Code    10  dunder.o(i.__mathlib_dbl_underflow)
    __scatterload_copy                       0x080033a1   Thumb Code    14  handlers.o(i.__scatterload_copy)
    __scatterload_null                       0x080033af   Thumb Code     2  handlers.o(i.__scatterload_null)
    __scatterload_zeroinit                   0x080033b1   Thumb Code    14  handlers.o(i.__scatterload_zeroinit)
    __set_errno                              0x080033c1   Thumb Code     6  errno.o(i.__set_errno)
    addNodeToUart2TxSLLast                   0x08003c79   Thumb Code   136  list.o(i.addNodeToUart2TxSLLast)
    addNodeToUartTxSLLast                    0x08003d0d   Thumb Code   148  list.o(i.addNodeToUartTxSLLast)
    analyze                                  0x08003dad   Thumb Code   100  com4004.o(i.analyze)
    ascii2hex                                0x08003e29   Thumb Code    52  com1010.o(i.ascii2hex)
    cJSON_AddItemToArray                     0x08003e5d   Thumb Code    42  cjson.o(i.cJSON_AddItemToArray)
    cJSON_AddItemToObject                    0x08003e89   Thumb Code    44  cjson.o(i.cJSON_AddItemToObject)
    cJSON_CreateArray                        0x08003eb9   Thumb Code    18  cjson.o(i.cJSON_CreateArray)
    cJSON_CreateNumber                       0x08003ecb   Thumb Code    36  cjson.o(i.cJSON_CreateNumber)
    cJSON_CreateObject                       0x08003eef   Thumb Code    18  cjson.o(i.cJSON_CreateObject)
    cJSON_CreateString                       0x08003f01   Thumb Code    28  cjson.o(i.cJSON_CreateString)
    cJSON_Delete                             0x08003f1d   Thumb Code    74  cjson.o(i.cJSON_Delete)
    cJSON_GetArrayItem                       0x08003f6d   Thumb Code    18  cjson.o(i.cJSON_GetArrayItem)
    cJSON_GetArraySize                       0x08003f7f   Thumb Code    18  cjson.o(i.cJSON_GetArraySize)
    cJSON_GetObjectItem                      0x08003f91   Thumb Code    30  cjson.o(i.cJSON_GetObjectItem)
    cJSON_Parse                              0x08003fd1   Thumb Code    16  cjson.o(i.cJSON_Parse)
    cJSON_ParseWithOpts                      0x08003fe1   Thumb Code    96  cjson.o(i.cJSON_ParseWithOpts)
    cJSON_PrintUnformatted                   0x08004045   Thumb Code    16  cjson.o(i.cJSON_PrintUnformatted)
    calc_multi_action_qe                     0x080040cd   Thumb Code   128  com1010.o(i.calc_multi_action_qe)
    calc_send_r_length                       0x08004155   Thumb Code   196  com4004.o(i.calc_send_r_length)
    clear_sicp_buf                           0x08004219   Thumb Code    20  com1010.o(i.clear_sicp_buf)
    clear_tx_buf                             0x08004231   Thumb Code    94  com4004.o(i.clear_tx_buf)
    deal_action_backlight                    0x08004299   Thumb Code   314  com4004.o(i.deal_action_backlight)
    deal_action_perform                      0x0800442d   Thumb Code  1390  com4004.o(i.deal_action_perform)
    deal_action_refresh                      0x080049a5   Thumb Code   104  com4004.o(i.deal_action_refresh)
    deal_config_mesh                         0x08004a15   Thumb Code   378  com4004.o(i.deal_config_mesh)
    deal_config_ss                           0x08004b99   Thumb Code   672  com4004.o(i.deal_config_ss)
    deal_config_st                           0x08004f11   Thumb Code   498  com4004.o(i.deal_config_st)
    deal_config_stragy_hpst                  0x0800514d   Thumb Code  2216  com4004.o(i.deal_config_stragy_hpst)
    deal_config_strategy_htsp                0x080059f9   Thumb Code  2350  com4004.o(i.deal_config_strategy_htsp)
    deal_data_sync                           0x08006335   Thumb Code    40  com4004.o(i.deal_data_sync)
    deal_deepsyn_config_ss                   0x08006361   Thumb Code   732  com4004.o(i.deal_deepsyn_config_ss)
    deal_device_info                         0x08006701   Thumb Code  2286  com1010.o(i.deal_device_info)
    deal_device_list                         0x08006ffd   Thumb Code   966  com4004.o(i.deal_device_list)
    deal_device_status                       0x080073f5   Thumb Code  2774  com4004.o(i.deal_device_status)
    deal_mal_cmd                             0x08007ee1   Thumb Code   344  com1010.o(i.deal_mal_cmd)
    deal_qe                                  0x08008049   Thumb Code  2204  com4004.o(i.deal_qe)
    deal_rev_status                          0x080088e9   Thumb Code   524  com1010.o(i.deal_rev_status)
    deal_sc_data_cmd                         0x08008b05   Thumb Code   226  com1010.o(i.deal_sc_data_cmd)
    dela_alarm                               0x08008bf1   Thumb Code    46  com4004.o(i.dela_alarm)
    delay_1us                                0x08008c25   Thumb Code   112  sensors.o(i.delay_1us)
    delay_init                               0x08008c95   Thumb Code    50  delay.o(i.delay_init)
    deleteNodeFromUart2TxSLHead              0x08008cd9   Thumb Code   100  list.o(i.deleteNodeFromUart2TxSLHead)
    deleteNodeFromUartTxSLHead               0x08008d45   Thumb Code   100  list.o(i.deleteNodeFromUartTxSLHead)
    floor                                    0x08008db1   Thumb Code   204  floor.o(i.floor)
    get_sspbuf                               0x08008e8d   Thumb Code   100  usart.o(i.get_sspbuf)
    hex2ascii                                0x08008ef9   Thumb Code    30  com1010.o(i.hex2ascii)
    init_tx_message                          0x08008f19   Thumb Code   110  com4004.o(i.init_tx_message)
    main                                     0x08008f91   Thumb Code    94  main.o(i.main)
    mem_free                                 0x08008ffd   Thumb Code    66  malloc.o(i.mem_free)
    mem_init                                 0x08009045   Thumb Code    38  malloc.o(i.mem_init)
    mem_malloc                               0x08009071   Thumb Code   116  malloc.o(i.mem_malloc)
    mem_perused                              0x080090e9   Thumb Code    36  malloc.o(i.mem_perused)
    myfree                                   0x08009111   Thumb Code    24  malloc.o(i.myfree)
    mymalloc                                 0x0800912d   Thumb Code    26  malloc.o(i.mymalloc)
    mymemcpy                                 0x0800914d   Thumb Code    26  malloc.o(i.mymemcpy)
    mymemset                                 0x08009167   Thumb Code    20  malloc.o(i.mymemset)
    pm25_density_handler                     0x08009895   Thumb Code   152  sensors_timer.o(i.pm25_density_handler)
    pow                                      0x08009945   Thumb Code  2510  pow.o(i.pow)
    random                                   0x0800aa01   Thumb Code    38  com4004.o(i.random)
    remove_check                             0x0800aa29   Thumb Code   162  sensors_gpio.o(i.remove_check)
    rev_action_perform                       0x0800aae1   Thumb Code  2084  com4004.o(i.rev_action_perform)
    rev_analyze                              0x0800b319   Thumb Code   872  com4004.o(i.rev_analyze)
    rev_anaylze                              0x0800b7a9   Thumb Code  4852  com1010.o(i.rev_anaylze)
    rev_deal                                 0x0800cab5   Thumb Code   300  com1010.o(i.rev_deal)
    rev_heart_beat                           0x0800cbf5   Thumb Code    24  com4004.o(i.rev_heart_beat)
    rev_qe                                   0x0800cc0d   Thumb Code  2836  com4004.o(i.rev_qe)
    send_action_message                      0x0800d731   Thumb Code   300  com1010.o(i.send_action_message)
    send_data_sync                           0x0800d861   Thumb Code   860  com4004.o(i.send_data_sync)
    send_deepin_data_sync                    0x0800dc1d   Thumb Code  1328  com4004.o(i.send_deepin_data_sync)
    send_device_info_ss                      0x0800e165   Thumb Code   286  com4004.o(i.send_device_info_ss)
    send_device_info_sub                     0x0800e2d5   Thumb Code  2510  com4004.o(i.send_device_info_sub)
    send_message                             0x0800ecad   Thumb Code   220  com4004.o(i.send_message)
    send_message_without_payload             0x0800ed89   Thumb Code    60  com4004.o(i.send_message_without_payload)
    send_rt                                  0x0800edc5   Thumb Code  1188  com4004.o(i.send_rt)
    sensors_init_all                         0x0800f26d   Thumb Code    52  sensors.o(i.sensors_init_all)
    sicp_alert_cmd                           0x0800f2a5   Thumb Code   202  com1010.o(i.sicp_alert_cmd)
    sicp_ble_cmd                             0x0800f381   Thumb Code   122  com1010.o(i.sicp_ble_cmd)
    sicp_broadcast                           0x0800f401   Thumb Code    70  com1010.o(i.sicp_broadcast)
    sicp_cmd_data                            0x0800f44d   Thumb Code   140  com1010.o(i.sicp_cmd_data)
    sicp_cmd_refresh                         0x0800f4e1   Thumb Code   216  com1010.o(i.sicp_cmd_refresh)
    sicp_config_cmd                          0x0800f5c1   Thumb Code   876  com1010.o(i.sicp_config_cmd)
    sicp_led_cmd                             0x0800f941   Thumb Code  1110  com1010.o(i.sicp_led_cmd)
    sicp_qe_action_cmd                       0x0800fd9d   Thumb Code   826  com1010.o(i.sicp_qe_action_cmd)
    sicp_receipt                             0x080100ed   Thumb Code    60  com1010.o(i.sicp_receipt)
    sicp_send_heartbeart                     0x08010129   Thumb Code   524  com1010.o(i.sicp_send_heartbeart)
    sicp_send_message                        0x08010341   Thumb Code    72  com1010.o(i.sicp_send_message)
    smokeModule_check                        0x080103a1   Thumb Code    26  sensors_gpio.o(i.smokeModule_check)
    smokeModule_gpio_init                    0x080103c5   Thumb Code    36  sensors_gpio.o(i.smokeModule_gpio_init)
    sqrt                                     0x080103f1   Thumb Code    76  sqrt.o(i.sqrt)
    ssp_parse                                0x0801043d   Thumb Code   290  com4004.o(i.ssp_parse)
    success_receipt                          0x08010569   Thumb Code   104  com4004.o(i.success_receipt)
    system_init                              0x08010625   Thumb Code   742  main.o(i.system_init)
    test_gpio_config                         0x08010945   Thumb Code    46  main.o(i.test_gpio_config)
    uart1_init                               0x08010979   Thumb Code   262  usart.o(i.uart1_init)
    uart2_init                               0x08010a91   Thumb Code   162  usart.o(i.uart2_init)
    __mathlib_zero                           0x08010cc0   Data           8  qnan.o(.constdata)
    Region$$Table$$Base                      0x08010cc8   Number         0  anon$$obj.o(Region$$Table)
    Region$$Table$$Limit                     0x08010ce8   Number         0  anon$$obj.o(Region$$Table)
    sys_time                                 0x20000006   Data           2  main.o(.data)
    tick400ms                                0x20000008   Data           1  main.o(.data)
    mallco_dev                               0x20000018   Data          20  malloc.o(.data)
    Usart1_Rec_Cnt                           0x2000002c   Data           2  com4004.o(.data)
    Usart1_Send_Length                       0x2000002e   Data           2  com4004.o(.data)
    Usart1_Send_Cnt                          0x20000030   Data           2  com4004.o(.data)
    Usart1_Send_Done                         0x20000032   Data           1  com4004.o(.data)
    ss_ap_message_id_H                       0x20000033   Data           1  com4004.o(.data)
    ss_ap_message_id_L                       0x20000034   Data           1  com4004.o(.data)
    ss_ar                                    0x20000035   Data           3  com4004.o(.data)
    ss_ds                                    0x20000038   Data           3  com4004.o(.data)
    ss_cst_count                             0x2000003b   Data           1  com4004.o(.data)
    ss_des_message_id_H                      0x2000003c   Data           1  com4004.o(.data)
    ss_des_message_id_L                      0x2000003d   Data           1  com4004.o(.data)
    ss_qe_message_id_H                       0x2000003e   Data           1  com4004.o(.data)
    ss_qe_message_id_L                       0x2000003f   Data           1  com4004.o(.data)
    ss_csht_stid                             0x20000040   Data           1  com4004.o(.data)
    ss_di_message_id_H                       0x20000041   Data           1  com4004.o(.data)
    ss_di_message_id_L                       0x20000042   Data           1  com4004.o(.data)
    UART1Flag1_                              0x20000043   Data           1  com4004.o(.data)
    UART1Flag2_                              0x20000044   Data           1  com4004.o(.data)
    UART1Flag3_                              0x20000045   Data           1  com4004.o(.data)
    UART1Flag4_                              0x20000046   Data           1  com4004.o(.data)
    UART1Flag5_                              0x20000047   Data           1  com4004.o(.data)
    UART1Flag6_                              0x20000048   Data           1  com4004.o(.data)
    UART1Flag7_                              0x20000049   Data           1  com4004.o(.data)
    UART1Flag8_                              0x2000004a   Data           1  com4004.o(.data)
    ready_sc_post_meshid                     0x2000004c   Data           2  com4004.o(.data)
    ready_st_post_meshid                     0x2000004e   Data           2  com4004.o(.data)
    ready_slc_post_mdid                      0x20000050   Data           1  com4004.o(.data)
    ready_spc_post_mdid                      0x20000051   Data           1  com4004.o(.data)
    ssp_length                               0x20000052   Data           2  com4004.o(.data)
    SYSFlag1_                                0x20000054   Data           1  timer.o(.data)
    systime                                  0x20000056   Data           8  timer.o(.data)
    UART2Flag1_                              0x2000005e   Data           1  com1010.o(.data)
    UART2Flag2_                              0x2000005f   Data           1  com1010.o(.data)
    Usart2_Rec_Cnt                           0x20000060   Data           1  com1010.o(.data)
    Usart2_Send_Length                       0x20000062   Data           2  com1010.o(.data)
    Usart2_Send_Cnt                          0x20000064   Data           2  com1010.o(.data)
    Usart2_Send_Done                         0x20000066   Data           1  com1010.o(.data)
    heartbeat_cnt                            0x20000067   Data           1  com1010.o(.data)
    sicp_refr                                0x20000068   Data           1  com1010.o(.data)
    broadcast_cnt                            0x20000069   Data           1  com1010.o(.data)
    action_type                              0x2000006a   Data           1  com1010.o(.data)
    action_timecnt                           0x2000006b   Data           1  com1010.o(.data)
    action_sendcnt                           0x2000006c   Data           1  com1010.o(.data)
    rev_action_success_cnt                   0x2000006d   Data           1  com1010.o(.data)
    rev_action_fail_cnt                      0x2000006e   Data           1  com1010.o(.data)
    ns                                       0x2000006f   Data           5  com1010.o(.data)
    rev_mesh_id_H                            0x20000074   Data           1  com1010.o(.data)
    rev_mesh_id_L                            0x20000075   Data           1  com1010.o(.data)
    uartTxSLHead                             0x20000078   Data           4  list.o(.data)
    uartTxSLLast                             0x2000007c   Data           4  list.o(.data)
    uart2TxSLHead                            0x20000080   Data           4  list.o(.data)
    uart2TxSLLast                            0x20000084   Data           4  list.o(.data)
    uartRxSLHead                             0x20000088   Data           4  list.o(.data)
    uartRxSLLast                             0x2000008c   Data           4  list.o(.data)
    mutex                                    0x20000090   Data           1  list.o(.data)
    mutex2                                   0x20000091   Data           1  list.o(.data)
    ADC1_ConvertedValue                      0x20000098   Data           4  sensors_adc.o(.data)
    _i2cWriteHeader                          0x200000b0   Data           1  sensors_sht3x.o(.data)
    _i2cReadHeader                           0x200000b1   Data           1  sensors_sht3x.o(.data)
    SystemCoreClock                          0x200000d0   Data           4  system_stm32f10x.o(.data)
    AHBPrescTable                            0x200000d4   Data          16  system_stm32f10x.o(.data)
    membase                                  0x200000f0   Data       16384  malloc.o(.bss)
    memmapbase                               0x200040f0   Data        1024  malloc.o(.bss)
    DMA_Rece_Buf                             0x200044f0   Data        1024  com4004.o(.bss)
    USART1_Send_Buf                          0x200048f0   Data        1024  com4004.o(.bss)
    Txto4004                                 0x20004cf0   Data        1336  com4004.o(.bss)
    Rxfr4004                                 0x20005228   Data        1336  com4004.o(.bss)
    ss                                       0x20005760   Data       13836  com4004.o(.bss)
    ss_ap                                    0x20008d6c   Data         812  com4004.o(.bss)
    ss_ab                                    0x20009098   Data         108  com4004.o(.bss)
    ss_sensedata                             0x20009104   Data          20  com4004.o(.bss)
    ss_cs                                    0x20009118   Data         296  com4004.o(.bss)
    ss_cst                                   0x20009240   Data         880  com4004.o(.bss)
    ss_des                                   0x200095b0   Data          14  com4004.o(.bss)
    ss_qe                                    0x200095c0   Data         660  com4004.o(.bss)
    ss_rt                                    0x20009854   Data         108  com4004.o(.bss)
    ss_alarm                                 0x200098c0   Data          16  com4004.o(.bss)
    ss_cshp                                  0x200098d0   Data       18240  com4004.o(.bss)
    send_buf                                 0x2000e010   Data         100  com4004.o(.bss)
    rev_buf                                  0x2000e074   Data        1024  com4004.o(.bss)
    ssp_buf                                  0x2000e474   Data        1024  com4004.o(.bss)
    Usart2_Rece_Buf                          0x2000e874   Data         100  com1010.o(.bss)
    USART2_Send_Buf                          0x2000e8d8   Data         100  com1010.o(.bss)
    sicp_buf                                 0x2000e93c   Data         100  com1010.o(.bss)
    action                                   0x2000e9a0   Data         360  com1010.o(.bss)
    action_qe                                0x2000eb08   Data          36  com1010.o(.bss)
    sensors_value                            0x2000eb50   Data          56  sensors.o(.bss)
    ADC1_value                               0x2000eb88   Data          12  sensors.o(.bss)
    GP2Y1023_value                           0x2000ebd4   Data          20  sensors_timer.o(.bss)
    CO2_uart                                 0x2000ebe8   Data          42  sensors_uart.o(.bss)
    __initial_sp                             0x2000f018   Data           0  startup_stm32f10x_hd.o(STACK)



==============================================================================

Memory Map of the image

  Image Entry point : 0x08000131

  Load Region LR_IROM1 (Base: 0x08000000, Size: 0x00010dd8, Max: 0x00080000, ABSOLUTE)

    Execution Region ER_IROM1 (Base: 0x08000000, Size: 0x00010ce8, Max: 0x00080000, ABSOLUTE)

    Base Addr    Size         Type   Attr      Idx    E Section Name        Object

    0x08000000   0x00000130   Data   RO         4952    RESET               startup_stm32f10x_hd.o
    0x08000130   0x00000000   Code   RO         4971  * .ARM.Collect$$$$00000000  mc_w.l(entry.o)
    0x08000130   0x00000004   Code   RO         5339    .ARM.Collect$$$$00000001  mc_w.l(entry2.o)
    0x08000134   0x00000004   Code   RO         5342    .ARM.Collect$$$$00000004  mc_w.l(entry5.o)
    0x08000138   0x00000000   Code   RO         5344    .ARM.Collect$$$$00000008  mc_w.l(entry7b.o)
    0x08000138   0x00000000   Code   RO         5346    .ARM.Collect$$$$0000000A  mc_w.l(entry8b.o)
    0x08000138   0x00000008   Code   RO         5347    .ARM.Collect$$$$0000000B  mc_w.l(entry9a.o)
    0x08000140   0x00000000   Code   RO         5349    .ARM.Collect$$$$0000000D  mc_w.l(entry10a.o)
    0x08000140   0x00000000   Code   RO         5351    .ARM.Collect$$$$0000000F  mc_w.l(entry11a.o)
    0x08000140   0x00000004   Code   RO         5340    .ARM.Collect$$$$00002712  mc_w.l(entry2.o)
    0x08000144   0x00000024   Code   RO         4953    .text               startup_stm32f10x_hd.o
    0x08000168   0x0000000c   Code   RO         4974    .text               mc_w.l(tolower.o)
    0x08000174   0x00000024   Code   RO         4976    .text               mc_w.l(rand.o)
    0x08000198   0x00000024   Code   RO         4979    .text               mc_w.l(memcpya.o)
    0x080001bc   0x00000024   Code   RO         4981    .text               mc_w.l(memseta.o)
    0x080001e0   0x00000014   Code   RO         4983    .text               mc_w.l(strchr.o)
    0x080001f4   0x0000000e   Code   RO         4985    .text               mc_w.l(strlen.o)
    0x08000202   0x00000012   Code   RO         4987    .text               mc_w.l(strcpy.o)
    0x08000214   0x0000001e   Code   RO         4989    .text               mc_w.l(strncmp.o)
    0x08000232   0x00000002   PAD
    0x08000234   0x00000044   Code   RO         4991    .text               mc_w.l(strtok.o)
    0x08000278   0x000000b0   Code   RO         5288    .text               mf_w.l(fadd.o)
    0x08000328   0x0000006c   Code   RO         5290    .text               mf_w.l(fmul.o)
    0x08000394   0x00000080   Code   RO         5292    .text               mf_w.l(fdiv.o)
    0x08000414   0x0000014e   Code   RO         5294    .text               mf_w.l(dadd.o)
    0x08000562   0x000000e4   Code   RO         5296    .text               mf_w.l(dmul.o)
    0x08000646   0x000000de   Code   RO         5298    .text               mf_w.l(ddiv.o)
    0x08000724   0x0000000a   Code   RO         5300    .text               mf_w.l(ffltui.o)
    0x0800072e   0x00000022   Code   RO         5302    .text               mf_w.l(dflti.o)
    0x08000750   0x0000001a   Code   RO         5304    .text               mf_w.l(dfltui.o)
    0x0800076a   0x00000032   Code   RO         5306    .text               mf_w.l(ffixi.o)
    0x0800079c   0x0000003e   Code   RO         5310    .text               mf_w.l(dfixi.o)
    0x080007da   0x00000026   Code   RO         5312    .text               mf_w.l(f2d.o)
    0x08000800   0x00000028   Code   RO         5314    .text               mf_w.l(cdcmple.o)
    0x08000828   0x00000028   Code   RO         5316    .text               mf_w.l(cdrcmple.o)
    0x08000850   0x00000038   Code   RO         5318    .text               mf_w.l(d2f.o)
    0x08000888   0x00000014   Code   RO         5320    .text               mf_w.l(cfcmple.o)
    0x0800089c   0x00000014   Code   RO         5322    .text               mf_w.l(cfrcmple.o)
    0x080008b0   0x0000002c   Code   RO         5353    .text               mc_w.l(uidiv.o)
    0x080008dc   0x00000062   Code   RO         5355    .text               mc_w.l(uldiv.o)
    0x0800093e   0x0000001e   Code   RO         5357    .text               mc_w.l(llshl.o)
    0x0800095c   0x00000020   Code   RO         5359    .text               mc_w.l(llushr.o)
    0x0800097c   0x00000024   Code   RO         5361    .text               mc_w.l(llsshr.o)
    0x080009a0   0x00000000   Code   RO         5372    .text               mc_w.l(iusefp.o)
    0x080009a0   0x0000006c   Code   RO         5373    .text               mf_w.l(fepilogue.o)
    0x08000a0c   0x000000be   Code   RO         5375    .text               mf_w.l(depilogue.o)
    0x08000aca   0x0000002e   Code   RO         5377    .text               mf_w.l(dscalb.o)
    0x08000af8   0x00000030   Code   RO         5379    .text               mf_w.l(dfixul.o)
    0x08000b28   0x00000024   Code   RO         5381    .text               mc_w.l(init.o)
    0x08000b4c   0x000000a2   Code   RO         5383    .text               mf_w.l(dsqrt.o)
    0x08000bee   0x00000002   PAD
    0x08000bf0   0x00000050   Code   RO         1375    i.ADC1_DMA1_Config  sensors_adc.o
    0x08000c40   0x00000048   Code   RO         1376    i.ADC1_GPIO_Config  sensors_adc.o
    0x08000c88   0x00000028   Code   RO         1377    i.ADC1_Init_All     sensors_adc.o
    0x08000cb0   0x0000008c   Code   RO         1378    i.ADC1_Mode_Config  sensors_adc.o
    0x08000d3c   0x000002bc   Code   RO         1329    i.ADC1_value_filter  sensors.o
    0x08000ff8   0x00000016   Code   RO         1919    i.ADC_Cmd           stm32f10x_adc.o
    0x0800100e   0x00000016   Code   RO         1920    i.ADC_DMACmd        stm32f10x_adc.o
    0x08001024   0x0000005c   Code   RO         1921    i.ADC_DeInit        stm32f10x_adc.o
    0x08001080   0x00000014   Code   RO         1927    i.ADC_GetCalibrationStatus  stm32f10x_adc.o
    0x08001094   0x00000014   Code   RO         1933    i.ADC_GetResetCalibrationStatus  stm32f10x_adc.o
    0x080010a8   0x00000050   Code   RO         1937    i.ADC_Init          stm32f10x_adc.o
    0x080010f8   0x000000b8   Code   RO         1941    i.ADC_RegularChannelConfig  stm32f10x_adc.o
    0x080011b0   0x0000000a   Code   RO         1942    i.ADC_ResetCalibration  stm32f10x_adc.o
    0x080011ba   0x00000016   Code   RO         1944    i.ADC_SoftwareStartConvCmd  stm32f10x_adc.o
    0x080011d0   0x0000000a   Code   RO         1946    i.ADC_StartCalibration  stm32f10x_adc.o
    0x080011da   0x00000004   Code   RO          255    i.BusFault_Handler  stm32f10x_it.o
    0x080011de   0x00000022   Code   RO         1776    i.CO2_NVIC_config   sensors_uart.o
    0x08001200   0x00000014   Code   RO         1777    i.CO2_RCC_config    sensors_uart.o
    0x08001214   0x00000018   Code   RO         1779    i.CO2_atuo_config   sensors_uart.o
    0x0800122c   0x0000003c   Code   RO         1780    i.CO2_gpio_config   sensors_uart.o
    0x08001268   0x00000014   Code   RO         1781    i.CO2_setr_config   sensors_uart.o
    0x0800127c   0x00000020   Code   RO         1782    i.CO2_usart3_checkSum  sensors_uart.o
    0x0800129c   0x00000094   Code   RO         1783    i.CO2_usart3_cmd    sensors_uart.o
    0x08001330   0x00000048   Code   RO         1784    i.CO2_usart3_config  sensors_uart.o
    0x08001378   0x00000024   Code   RO         1785    i.CO2_usart3_init   sensors_uart.o
    0x0800139c   0x000000a4   Code   RO         1786    i.CO2_usart3_send   sensors_uart.o
    0x08001440   0x0000001c   Code   RO         1105    i.Check_Sum         com1010.o
    0x0800145c   0x00000018   Code   RO         2625    i.DMA_Cmd           stm32f10x_dma.o
    0x08001474   0x0000014c   Code   RO         2626    i.DMA_DeInit        stm32f10x_dma.o
    0x080015c0   0x00000008   Code   RO         2627    i.DMA_GetCurrDataCounter  stm32f10x_dma.o
    0x080015c8   0x0000003c   Code   RO         2631    i.DMA_Init          stm32f10x_dma.o
    0x08001604   0x00000004   Code   RO         2632    i.DMA_SetCurrDataCounter  stm32f10x_dma.o
    0x08001608   0x00000002   Code   RO          256    i.DebugMon_Handler  stm32f10x_it.o
    0x0800160a   0x0000008a   Code   RO         1330    i.DelayMicroSeconds  sensors.o
    0x08001694   0x0000000a   Code   RO         1411    i.EXTI4_IRQHandler  sensors_gpio.o
    0x0800169e   0x00000002   PAD
    0x080016a0   0x0000000c   Code   RO         2696    i.EXTI_ClearITPendingBit  stm32f10x_exti.o
    0x080016ac   0x00000022   Code   RO         1727    i.GP2Y1023_NVIC_config  sensors_timer.o
    0x080016ce   0x00000002   PAD
    0x080016d0   0x0000002c   Code   RO         1728    i.GP2Y1023_gpio_config  sensors_timer.o
    0x080016fc   0x0000002c   Code   RO         1729    i.GP2Y1023_pwm_init  sensors_timer.o
    0x08001728   0x0000008c   Code   RO         1730    i.GP2Y1023_timer_config  sensors_timer.o
    0x080017b4   0x00000112   Code   RO         3058    i.GPIO_Init         stm32f10x_gpio.o
    0x080018c6   0x00000012   Code   RO         3064    i.GPIO_ReadOutputDataBit  stm32f10x_gpio.o
    0x080018d8   0x00000004   Code   RO         3065    i.GPIO_ResetBits    stm32f10x_gpio.o
    0x080018dc   0x00000004   Code   RO         3066    i.GPIO_SetBits      stm32f10x_gpio.o
    0x080018e0   0x0000000a   Code   RO         3069    i.GPIO_WriteBit     stm32f10x_gpio.o
    0x080018ea   0x00000004   Code   RO          257    i.HardFault_Handler  stm32f10x_it.o
    0x080018ee   0x00000002   PAD
    0x080018f0   0x0000003c   Code   RO         1509    i.I2c_Init          sensors_i2c_hal.o
    0x0800192c   0x000000a4   Code   RO         1510    i.I2c_ReadByte      sensors_i2c_hal.o
    0x080019d0   0x00000040   Code   RO         1511    i.I2c_StartCondition  sensors_i2c_hal.o
    0x08001a10   0x00000040   Code   RO         1512    i.I2c_StopCondition  sensors_i2c_hal.o
    0x08001a50   0x00000030   Code   RO         1513    i.I2c_WaitWhileClockStreching  sensors_i2c_hal.o
    0x08001a80   0x00000080   Code   RO         1514    i.I2c_WriteByte     sensors_i2c_hal.o
    0x08001b00   0x00000084   Code   RO          143    i.LED_Init          led.o
    0x08001b84   0x00000020   Code   RO          330    i.MYDMA_Enable      usart.o
    0x08001ba4   0x00000004   Code   RO          258    i.MemManage_Handler  stm32f10x_it.o
    0x08001ba8   0x00000002   Code   RO          259    i.NMI_Handler       stm32f10x_it.o
    0x08001baa   0x0000000c   Code   RO          318    i.NVIC_Configuration  sys.o
    0x08001bb6   0x00000002   PAD
    0x08001bb8   0x00000074   Code   RO         1877    i.NVIC_Init         misc.o
    0x08001c2c   0x00000014   Code   RO         1878    i.NVIC_PriorityGroupConfig  misc.o
    0x08001c40   0x00000014   Code   RO         1879    i.NVIC_SetVectorTable  misc.o
    0x08001c54   0x00000024   Code   RO         1417    i.PYD1798_check     sensors_gpio.o
    0x08001c78   0x0000002c   Code   RO         1418    i.PYD1798_gpio_init  sensors_gpio.o
    0x08001ca4   0x0000001c   Code   RO         1419    i.PYD1798_pin_in    sensors_gpio.o
    0x08001cc0   0x0000001c   Code   RO         1420    i.PYD1798_pin_out   sensors_gpio.o
    0x08001cdc   0x000000a0   Code   RO         1421    i.PYD1798_readdigipyro  sensors_gpio.o
    0x08001d7c   0x00000002   Code   RO          260    i.PendSV_Handler    stm32f10x_it.o
    0x08001d7e   0x00000002   PAD
    0x08001d80   0x00000018   Code   RO         3481    i.RCC_ADCCLKConfig  stm32f10x_rcc.o
    0x08001d98   0x00000020   Code   RO         3482    i.RCC_AHBPeriphClockCmd  stm32f10x_rcc.o
    0x08001db8   0x00000020   Code   RO         3483    i.RCC_APB1PeriphClockCmd  stm32f10x_rcc.o
    0x08001dd8   0x00000020   Code   RO         3484    i.RCC_APB1PeriphResetCmd  stm32f10x_rcc.o
    0x08001df8   0x00000020   Code   RO         3485    i.RCC_APB2PeriphClockCmd  stm32f10x_rcc.o
    0x08001e18   0x00000020   Code   RO         3486    i.RCC_APB2PeriphResetCmd  stm32f10x_rcc.o
    0x08001e38   0x000000d4   Code   RO         3493    i.RCC_GetClocksFreq  stm32f10x_rcc.o
    0x08001f0c   0x0000003a   Code   RO         1556    i.SHT3X_CalcCrc     sensors_sht3x.o
    0x08001f46   0x00000002   PAD
    0x08001f48   0x00000024   Code   RO         1557    i.SHT3X_CalcHumidity  sensors_sht3x.o
    0x08001f6c   0x00000034   Code   RO         1560    i.SHT3X_CalcTemperature  sensors_sht3x.o
    0x08001fa0   0x0000001e   Code   RO         1561    i.SHT3X_CheckCrc    sensors_sht3x.o
    0x08001fbe   0x00000028   Code   RO         1569    i.SHT3X_Init        sensors_sht3x.o
    0x08001fe6   0x00000058   Code   RO         1570    i.SHT3X_Read2BytesAndCrc  sensors_sht3x.o
    0x0800203e   0x0000005a   Code   RO         1572    i.SHT3X_ReadMeasurementBuffer  sensors_sht3x.o
    0x08002098   0x00000020   Code   RO         1574    i.SHT3X_SetI2cAdr   sensors_sht3x.o
    0x080020b8   0x00000024   Code   RO         1575    i.SHT3X_SoftReset   sensors_sht3x.o
    0x080020dc   0x0000012c   Code   RO         1576    i.SHT3X_StartPeriodicMeasurment  sensors_sht3x.o
    0x08002208   0x00000018   Code   RO         1577    i.SHT3X_StartReadAccess  sensors_sht3x.o
    0x08002220   0x00000018   Code   RO         1578    i.SHT3X_StartWriteAccess  sensors_sht3x.o
    0x08002238   0x00000008   Code   RO         1579    i.SHT3X_StopAccess  sensors_sht3x.o
    0x08002240   0x00000018   Code   RO         1581    i.SHT3X_WriteCommand  sensors_sht3x.o
    0x08002258   0x00000028   Code   RO         1331    i.SHT3X_read        sensors.o
    0x08002280   0x00000002   Code   RO          261    i.SVC_Handler       stm32f10x_it.o
    0x08002282   0x00000008   Code   RO         4906    i.SetSysClock       system_stm32f10x.o
    0x0800228a   0x00000002   PAD
    0x0800228c   0x000000dc   Code   RO         4907    i.SetSysClockTo72   system_stm32f10x.o
    0x08002368   0x00000028   Code   RO         1881    i.SysTick_CLKSourceConfig  misc.o
    0x08002390   0x00000002   Code   RO          262    i.SysTick_Handler   stm32f10x_it.o
    0x08002392   0x00000002   PAD
    0x08002394   0x00000060   Code   RO         4909    i.SystemInit        system_stm32f10x.o
    0x080023f4   0x00000080   Code   RO         4110    i.TI1_Config        stm32f10x_tim.o
    0x08002474   0x00000098   Code   RO         4111    i.TI2_Config        stm32f10x_tim.o
    0x0800250c   0x000000c4   Code   RO         1081    i.TIM2_IRQHandler   timer.o
    0x080025d0   0x0000006e   Code   RO         1082    i.TIM2_Init         timer.o
    0x0800263e   0x00000002   PAD
    0x08002640   0x000000c0   Code   RO         1731    i.TIM3_IRQHandler   sensors_timer.o
    0x08002700   0x00000006   Code   RO         4121    i.TIM_ClearITPendingBit  stm32f10x_tim.o
    0x08002706   0x00000018   Code   RO         4126    i.TIM_Cmd           stm32f10x_tim.o
    0x0800271e   0x00000002   PAD
    0x08002720   0x000001e8   Code   RO         4131    i.TIM_DeInit        stm32f10x_tim.o
    0x08002908   0x00000006   Code   RO         4141    i.TIM_GetCapture1   stm32f10x_tim.o
    0x0800290e   0x00000006   Code   RO         4142    i.TIM_GetCapture2   stm32f10x_tim.o
    0x08002914   0x00000022   Code   RO         4147    i.TIM_GetITStatus   stm32f10x_tim.o
    0x08002936   0x00000012   Code   RO         4151    i.TIM_ITConfig      stm32f10x_tim.o
    0x08002948   0x0000007c   Code   RO         4174    i.TIM_PWMIConfig    stm32f10x_tim.o
    0x080029c4   0x00000012   Code   RO         4179    i.TIM_SelectInputTrigger  stm32f10x_tim.o
    0x080029d6   0x00000012   Code   RO         4180    i.TIM_SelectMasterSlaveMode  stm32f10x_tim.o
    0x080029e8   0x00000012   Code   RO         4184    i.TIM_SelectSlaveMode  stm32f10x_tim.o
    0x080029fa   0x00000012   Code   RO         4192    i.TIM_SetIC1Prescaler  stm32f10x_tim.o
    0x08002a0c   0x0000001a   Code   RO         4193    i.TIM_SetIC2Prescaler  stm32f10x_tim.o
    0x08002a26   0x00000002   PAD
    0x08002a28   0x000000a4   Code   RO         4197    i.TIM_TimeBaseInit  stm32f10x_tim.o
    0x08002acc   0x00000114   Code   RO          158    i.Task100ms         main.o
    0x08002be0   0x00000114   Code   RO          159    i.Task1s            main.o
    0x08002cf4   0x00000030   Code   RO          160    i.Task2ms           main.o
    0x08002d24   0x00000024   Code   RO          161    i.Task2s            main.o
    0x08002d48   0x00000024   Code   RO          162    i.Task300ms         main.o
    0x08002d6c   0x000000dc   Code   RO          331    i.USART1_IRQHandler  usart.o
    0x08002e48   0x00000090   Code   RO          332    i.USART2_IRQHandler  usart.o
    0x08002ed8   0x000000ac   Code   RO         1789    i.USART3_IRQHandler  sensors_uart.o
    0x08002f84   0x00000012   Code   RO         4658    i.USART_ClearFlag   stm32f10x_usart.o
    0x08002f96   0x0000001e   Code   RO         4659    i.USART_ClearITPendingBit  stm32f10x_usart.o
    0x08002fb4   0x00000018   Code   RO         4662    i.USART_Cmd         stm32f10x_usart.o
    0x08002fcc   0x00000012   Code   RO         4663    i.USART_DMACmd      stm32f10x_usart.o
    0x08002fde   0x00000002   PAD
    0x08002fe0   0x0000009c   Code   RO         4664    i.USART_DeInit      stm32f10x_usart.o
    0x0800307c   0x00000054   Code   RO         4666    i.USART_GetITStatus  stm32f10x_usart.o
    0x080030d0   0x0000004a   Code   RO         4668    i.USART_ITConfig    stm32f10x_usart.o
    0x0800311a   0x00000002   PAD
    0x0800311c   0x000000d8   Code   RO         4669    i.USART_Init        stm32f10x_usart.o
    0x080031f4   0x0000000a   Code   RO         4676    i.USART_ReceiveData  stm32f10x_usart.o
    0x080031fe   0x00000004   Code   RO          263    i.UsageFault_Handler  stm32f10x_it.o
    0x08003202   0x00000002   PAD
    0x08003204   0x0000004c   Code   RO          333    i.Usart1_Send       usart.o
    0x08003250   0x00000044   Code   RO          334    i.Usart2_Send       usart.o
    0x08003294   0x00000028   Code   RO         5234    i.__0sprintf        mc_w.l(printfa.o)
    0x080032bc   0x00000028   Code   RO         5326    i.__ARM_fpclassify  m_ws.l(fpclassify.o)
    0x080032e4   0x000000aa   Code   RO         5328    i.__kernel_poly     m_ws.l(poly.o)
    0x0800338e   0x00000002   PAD
    0x08003390   0x00000010   Code   RO         5324    i.__mathlib_dbl_underflow  m_ws.l(dunder.o)
    0x080033a0   0x0000000e   Code   RO         5387    i.__scatterload_copy  mc_w.l(handlers.o)
    0x080033ae   0x00000002   Code   RO         5388    i.__scatterload_null  mc_w.l(handlers.o)
    0x080033b0   0x0000000e   Code   RO         5389    i.__scatterload_zeroinit  mc_w.l(handlers.o)
    0x080033be   0x00000002   PAD
    0x080033c0   0x0000000c   Code   RO         5367    i.__set_errno       mc_w.l(errno.o)
    0x080033cc   0x0000015c   Code   RO         5239    i._fp_digits        mc_w.l(printfa.o)
    0x08003528   0x000006f0   Code   RO         5240    i._printf_core      mc_w.l(printfa.o)
    0x08003c18   0x00000026   Code   RO         5241    i._printf_post_padding  mc_w.l(printfa.o)
    0x08003c3e   0x00000030   Code   RO         5242    i._printf_pre_padding  mc_w.l(printfa.o)
    0x08003c6e   0x0000000a   Code   RO         5244    i._sputc            mc_w.l(printfa.o)
    0x08003c78   0x00000094   Code   RO         1269    i.addNodeToUart2TxSLLast  list.o
    0x08003d0c   0x000000a0   Code   RO         1271    i.addNodeToUartTxSLLast  list.o
    0x08003dac   0x0000007c   Code   RO          831    i.analyze           com4004.o
    0x08003e28   0x00000034   Code   RO         1106    i.ascii2hex         com1010.o
    0x08003e5c   0x0000002a   Code   RO          420    i.cJSON_AddItemToArray  cjson.o
    0x08003e86   0x00000002   PAD
    0x08003e88   0x00000030   Code   RO          421    i.cJSON_AddItemToObject  cjson.o
    0x08003eb8   0x00000012   Code   RO          422    i.cJSON_CreateArray  cjson.o
    0x08003eca   0x00000024   Code   RO          429    i.cJSON_CreateNumber  cjson.o
    0x08003eee   0x00000012   Code   RO          430    i.cJSON_CreateObject  cjson.o
    0x08003f00   0x0000001c   Code   RO          431    i.cJSON_CreateString  cjson.o
    0x08003f1c   0x00000050   Code   RO          434    i.cJSON_Delete      cjson.o
    0x08003f6c   0x00000012   Code   RO          440    i.cJSON_GetArrayItem  cjson.o
    0x08003f7e   0x00000012   Code   RO          441    i.cJSON_GetArraySize  cjson.o
    0x08003f90   0x0000001e   Code   RO          443    i.cJSON_GetObjectItem  cjson.o
    0x08003fae   0x00000002   PAD
    0x08003fb0   0x00000020   Code   RO          446    i.cJSON_New_Item    cjson.o
    0x08003fd0   0x00000010   Code   RO          447    i.cJSON_Parse       cjson.o
    0x08003fe0   0x00000064   Code   RO          448    i.cJSON_ParseWithOpts  cjson.o
    0x08004044   0x00000010   Code   RO          450    i.cJSON_PrintUnformatted  cjson.o
    0x08004054   0x0000004c   Code   RO          453    i.cJSON_strcasecmp  cjson.o
    0x080040a0   0x0000002c   Code   RO          454    i.cJSON_strdup      cjson.o
    0x080040cc   0x00000088   Code   RO         1107    i.calc_multi_action_qe  com1010.o
    0x08004154   0x000000c4   Code   RO          832    i.calc_send_r_length  com4004.o
    0x08004218   0x00000018   Code   RO         1108    i.clear_sicp_buf    com1010.o
    0x08004230   0x00000068   Code   RO          833    i.clear_tx_buf      com4004.o
    0x08004298   0x00000194   Code   RO          834    i.deal_action_backlight  com4004.o
    0x0800442c   0x00000578   Code   RO          835    i.deal_action_perform  com4004.o
    0x080049a4   0x00000070   Code   RO          836    i.deal_action_refresh  com4004.o
    0x08004a14   0x00000184   Code   RO          837    i.deal_config_mesh  com4004.o
    0x08004b98   0x00000378   Code   RO          838    i.deal_config_ss    com4004.o
    0x08004f10   0x0000023c   Code   RO          839    i.deal_config_st    com4004.o
    0x0800514c   0x000008ac   Code   RO          840    i.deal_config_stragy_hpst  com4004.o
    0x080059f8   0x0000093c   Code   RO          841    i.deal_config_strategy_htsp  com4004.o
    0x08006334   0x0000002c   Code   RO          842    i.deal_data_sync    com4004.o
    0x08006360   0x000003a0   Code   RO          843    i.deal_deepsyn_config_ss  com4004.o
    0x08006700   0x000008fc   Code   RO         1109    i.deal_device_info  com1010.o
    0x08006ffc   0x000003f8   Code   RO          844    i.deal_device_list  com4004.o
    0x080073f4   0x00000aec   Code   RO          845    i.deal_device_status  com4004.o
    0x08007ee0   0x00000168   Code   RO         1110    i.deal_mal_cmd      com1010.o
    0x08008048   0x000008a0   Code   RO          846    i.deal_qe           com4004.o
    0x080088e8   0x0000021c   Code   RO         1111    i.deal_rev_status   com1010.o
    0x08008b04   0x000000ec   Code   RO         1112    i.deal_sc_data_cmd  com1010.o
    0x08008bf0   0x00000034   Code   RO          847    i.dela_alarm        com4004.o
    0x08008c24   0x00000070   Code   RO         1332    i.delay_1us         sensors.o
    0x08008c94   0x00000044   Code   RO            1    i.delay_init        delay.o
    0x08008cd8   0x0000006c   Code   RO         1274    i.deleteNodeFromUart2TxSLHead  list.o
    0x08008d44   0x0000006c   Code   RO         1276    i.deleteNodeFromUartTxSLHead  list.o
    0x08008db0   0x000000dc   Code   RO         4958    i.floor             m_ws.l(floor.o)
    0x08008e8c   0x0000006c   Code   RO          338    i.get_sspbuf        usart.o
    0x08008ef8   0x0000001e   Code   RO         1114    i.hex2ascii         com1010.o
    0x08008f16   0x00000002   PAD
    0x08008f18   0x00000078   Code   RO          850    i.init_tx_message   com4004.o
    0x08008f90   0x0000006c   Code   RO          163    i.main              main.o
    0x08008ffc   0x00000048   Code   RO          750    i.mem_free          malloc.o
    0x08009044   0x0000002c   Code   RO          751    i.mem_init          malloc.o
    0x08009070   0x00000078   Code   RO          752    i.mem_malloc        malloc.o
    0x080090e8   0x00000028   Code   RO          753    i.mem_perused       malloc.o
    0x08009110   0x0000001c   Code   RO          754    i.myfree            malloc.o
    0x0800912c   0x00000020   Code   RO          755    i.mymalloc          malloc.o
    0x0800914c   0x0000001a   Code   RO          756    i.mymemcpy          malloc.o
    0x08009166   0x00000014   Code   RO          757    i.mymemset          malloc.o
    0x0800917a   0x00000002   PAD
    0x0800917c   0x000000ac   Code   RO          456    i.parse_array       cjson.o
    0x08009228   0x00000114   Code   RO          457    i.parse_hex4        cjson.o
    0x0800933c   0x000001bc   Code   RO          458    i.parse_number      cjson.o
    0x080094f8   0x00000114   Code   RO          459    i.parse_object      cjson.o
    0x0800960c   0x000001cc   Code   RO          460    i.parse_string      cjson.o
    0x080097d8   0x000000bc   Code   RO          461    i.parse_value       cjson.o
    0x08009894   0x000000b0   Code   RO         1732    i.pm25_density_handler  sensors_timer.o
    0x08009944   0x000009e0   Code   RO         4962    i.pow               m_ws.l(pow.o)
    0x0800a324   0x0000016c   Code   RO          462    i.print_array       cjson.o
    0x0800a490   0x00000134   Code   RO          463    i.print_number      cjson.o
    0x0800a5c4   0x00000274   Code   RO          464    i.print_object      cjson.o
    0x0800a838   0x0000000c   Code   RO          465    i.print_string      cjson.o
    0x0800a844   0x00000128   Code   RO          466    i.print_string_ptr  cjson.o
    0x0800a96c   0x00000094   Code   RO          467    i.print_value       cjson.o
    0x0800aa00   0x00000026   Code   RO          853    i.random            com4004.o
    0x0800aa26   0x00000002   PAD
    0x0800aa28   0x000000b8   Code   RO         1422    i.remove_check      sensors_gpio.o
    0x0800aae0   0x00000838   Code   RO          854    i.rev_action_perform  com4004.o
    0x0800b318   0x00000490   Code   RO          855    i.rev_analyze       com4004.o
    0x0800b7a8   0x0000130c   Code   RO         1115    i.rev_anaylze       com1010.o
    0x0800cab4   0x00000140   Code   RO         1116    i.rev_deal          com1010.o
    0x0800cbf4   0x00000018   Code   RO          857    i.rev_heart_beat    com4004.o
    0x0800cc0c   0x00000b24   Code   RO          858    i.rev_qe            com4004.o
    0x0800d730   0x00000130   Code   RO         1117    i.send_action_message  com1010.o
    0x0800d860   0x000003bc   Code   RO          860    i.send_data_sync    com4004.o
    0x0800dc1c   0x00000548   Code   RO          861    i.send_deepin_data_sync  com4004.o
    0x0800e164   0x00000170   Code   RO          862    i.send_device_info_ss  com4004.o
    0x0800e2d4   0x000009d8   Code   RO          863    i.send_device_info_sub  com4004.o
    0x0800ecac   0x000000dc   Code   RO          865    i.send_message      com4004.o
    0x0800ed88   0x0000003c   Code   RO          866    i.send_message_without_payload  com4004.o
    0x0800edc4   0x000004a8   Code   RO          867    i.send_rt           com4004.o
    0x0800f26c   0x00000038   Code   RO         1333    i.sensors_init_all  sensors.o
    0x0800f2a4   0x000000dc   Code   RO         1119    i.sicp_alert_cmd    com1010.o
    0x0800f380   0x00000080   Code   RO         1120    i.sicp_ble_cmd      com1010.o
    0x0800f400   0x0000004c   Code   RO         1121    i.sicp_broadcast    com1010.o
    0x0800f44c   0x00000094   Code   RO         1122    i.sicp_cmd_data     com1010.o
    0x0800f4e0   0x000000e0   Code   RO         1123    i.sicp_cmd_refresh  com1010.o
    0x0800f5c0   0x00000380   Code   RO         1124    i.sicp_config_cmd   com1010.o
    0x0800f940   0x0000045c   Code   RO         1125    i.sicp_led_cmd      com1010.o
    0x0800fd9c   0x00000350   Code   RO         1126    i.sicp_qe_action_cmd  com1010.o
    0x080100ec   0x0000003c   Code   RO         1127    i.sicp_receipt      com1010.o
    0x08010128   0x00000218   Code   RO         1128    i.sicp_send_heartbeart  com1010.o
    0x08010340   0x0000004c   Code   RO         1129    i.sicp_send_message  com1010.o
    0x0801038c   0x00000012   Code   RO          468    i.skip              cjson.o
    0x0801039e   0x00000002   PAD
    0x080103a0   0x00000024   Code   RO         1423    i.smokeModule_check  sensors_gpio.o
    0x080103c4   0x0000002c   Code   RO         1424    i.smokeModule_gpio_init  sensors_gpio.o
    0x080103f0   0x0000004c   Code   RO         5332    i.sqrt              m_ws.l(sqrt.o)
    0x0801043c   0x0000012c   Code   RO          868    i.ssp_parse         com4004.o
    0x08010568   0x000000b4   Code   RO          869    i.success_receipt   com4004.o
    0x0801061c   0x00000006   Code   RO          469    i.suffix_object     cjson.o
    0x08010622   0x00000002   PAD
    0x08010624   0x00000320   Code   RO          165    i.system_init       main.o
    0x08010944   0x00000034   Code   RO          166    i.test_gpio_config  main.o
    0x08010978   0x00000118   Code   RO          339    i.uart1_init        usart.o
    0x08010a90   0x000000ac   Code   RO          340    i.uart2_init        usart.o
    0x08010b3c   0x00000007   Data   RO          470    .constdata          cjson.o
    0x08010b43   0x00000001   PAD
    0x08010b44   0x000000f0   Data   RO         1131    .constdata          com1010.o
    0x08010c34   0x00000004   PAD
    0x08010c38   0x00000088   Data   RO         4963    .constdata          m_ws.l(pow.o)
    0x08010cc0   0x00000008   Data   RO         5330    .constdata          m_ws.l(qnan.o)
    0x08010cc8   0x00000020   Data   RO         5385    Region$$Table       anon$$obj.o


    Execution Region RW_IRAM1 (Base: 0x20000000, Size: 0x0000f018, Max: 0x00010000, ABSOLUTE)

    Base Addr    Size         Type   Attr      Idx    E Section Name        Object

    0x20000000   0x00000004   Data   RW            4    .data               delay.o
    0x20000004   0x00000005   Data   RW          168    .data               main.o
    0x20000009   0x00000003   PAD
    0x2000000c   0x0000000c   Data   RW          471    .data               cjson.o
    0x20000018   0x00000014   Data   RW          761    .data               malloc.o
    0x2000002c   0x00000028   Data   RW          871    .data               com4004.o
    0x20000054   0x0000000a   Data   RW         1083    .data               timer.o
    0x2000005e   0x00000018   Data   RW         1132    .data               com1010.o
    0x20000076   0x00000002   PAD
    0x20000078   0x0000001a   Data   RW         1277    .data               list.o
    0x20000092   0x00000002   PAD
    0x20000094   0x00000004   Data   RW         1335    .data               sensors.o
    0x20000098   0x00000004   Data   RW         1379    .data               sensors_adc.o
    0x2000009c   0x00000014   Data   RW         1425    .data               sensors_gpio.o
    0x200000b0   0x00000002   Data   RW         1583    .data               sensors_sht3x.o
    0x200000b2   0x00000002   PAD
    0x200000b4   0x00000008   Data   RW         1734    .data               sensors_timer.o
    0x200000bc   0x00000014   Data   RW         3513    .data               stm32f10x_rcc.o
    0x200000d0   0x00000014   Data   RW         4910    .data               system_stm32f10x.o
    0x200000e4   0x00000004   Data   RW         4977    .data               mc_w.l(rand.o)
    0x200000e8   0x00000004   Data   RW         4992    .data               mc_w.l(strtok.o)
    0x200000ec   0x00000004   Data   RW         5368    .data               mc_w.l(errno.o)
    0x200000f0   0x00004400   Zero   RW          759    .bss                malloc.o
    0x200044f0   0x0000a384   Zero   RW          870    .bss                com4004.o
    0x2000e874   0x000002b8   Zero   RW         1130    .bss                com1010.o
    0x2000eb2c   0x00000068   Zero   RW         1334    .bss                sensors.o
    0x2000eb94   0x00000054   Zero   RW         1733    .bss                sensors_timer.o
    0x2000ebe8   0x0000002a   Zero   RW         1790    .bss                sensors_uart.o
    0x2000ec12   0x00000006   PAD
    0x2000ec18   0x00000400   Zero   RW         4950    STACK               startup_stm32f10x_hd.o


==============================================================================

Image component sizes


      Code (inc. data)   RO Data    RW Data    ZI Data      Debug   Object Name

      4216        232          7         12          0      20754   cjson.o
     13534        430        240         24        696      19559   com1010.o
     29270       2496          0         40      41860      39093   com4004.o
         0          0          0          0          0         32   core_cm3.o
        68         18          0          4          0     264949   delay.o
       132          4          0          0          0        439   led.o
       524         40          0         26          0       3459   list.o
      1632        140          0          5          0       8516   main.o
       382         30          0         20      17408     209821   malloc.o
       196         32          0          0          0       2067   misc.o
      1046        106          0          4        104      13015   sensors.o
       332         36          0          4          0       2399   sensors_adc.o
       570         66          0         20          0       3816   sensors_gpio.o
       528         32          0          0          0       3525   sensors_i2c_hal.o
       842         56          0          2          0       7812   sensors_sht3x.o
       630         52          0          8         84       3608   sensors_timer.o
       782         58          0          0         42       6111   sensors_uart.o
        36          8        304          0       1024        736   startup_stm32f10x_hd.o
       482         24          0          0          0      15722   stm32f10x_adc.o
       428          8          0          0          0       3904   stm32f10x_dma.o
        12          6          0          0          0        421   stm32f10x_exti.o
       310          0          0          0          0       3589   stm32f10x_gpio.o
        26          0          0          0          0       3210   stm32f10x_it.o
       396         56          0         20          0       5755   stm32f10x_rcc.o
      1248        148          0          0          0       8663   stm32f10x_tim.o
       630         28          0          0          0       6288   stm32f10x_usart.o
        12          0          0          0          0        369   sys.o
       324         26          0         20          0       1821   system_stm32f10x.o
       306         10          0         10          0       1542   timer.o
      1100        148          0          0          0       4586   usart.o

    ----------------------------------------------------------------------
     60036       4290        588        228      61224     665581   Object Totals
         0          0         32          0          0          0   (incl. Generated)
        42          0          5          9          6          0   (incl. Padding)

    ----------------------------------------------------------------------

      Code (inc. data)   RO Data    RW Data    ZI Data      Debug   Library Member Name

        16          6          0          0          0         68   dunder.o
       220         16          0          0          0         84   floor.o
        40          0          0          0          0         68   fpclassify.o
       170          0          0          0          0         96   poly.o
      2528        190        136          0          0        332   pow.o
         0          0          8          0          0          0   qnan.o
        76          0          0          0          0         84   sqrt.o
         0          0          0          0          0          0   entry.o
         0          0          0          0          0          0   entry10a.o
         0          0          0          0          0          0   entry11a.o
         8          4          0          0          0          0   entry2.o
         4          0          0          0          0          0   entry5.o
         0          0          0          0          0          0   entry7b.o
         0          0          0          0          0          0   entry8b.o
         8          4          0          0          0          0   entry9a.o
        12          6          0          4          0         68   errno.o
        30          0          0          0          0          0   handlers.o
        36          8          0          0          0         68   init.o
         0          0          0          0          0          0   iusefp.o
        30          0          0          0          0         68   llshl.o
        36          0          0          0          0         68   llsshr.o
        32          0          0          0          0         68   llushr.o
        36          0          0          0          0         68   memcpya.o
        36          0          0          0          0        108   memseta.o
      2260         86          0          0          0        512   printfa.o
        36         10          0          4          0        136   rand.o
        20          0          0          0          0         68   strchr.o
        18          0          0          0          0         68   strcpy.o
        14          0          0          0          0         68   strlen.o
        30          0          0          0          0         80   strncmp.o
        68          6          0          4          0         80   strtok.o
        12          0          0          0          0         68   tolower.o
        44          0          0          0          0         80   uidiv.o
        98          0          0          0          0         92   uldiv.o
        40          2          0          0          0         68   cdcmple.o
        40          2          0          0          0         68   cdrcmple.o
        20          0          0          0          0         68   cfcmple.o
        20          0          0          0          0         68   cfrcmple.o
        56          0          0          0          0         88   d2f.o
       334          0          0          0          0        148   dadd.o
       222          0          0          0          0        100   ddiv.o
       190          0          0          0          0        176   depilogue.o
        62          0          0          0          0         80   dfixi.o
        48          0          0          0          0         68   dfixul.o
        34          0          0          0          0         76   dflti.o
        26          0          0          0          0         76   dfltui.o
       228          0          0          0          0         96   dmul.o
        46          0          0          0          0         80   dscalb.o
       162          0          0          0          0        100   dsqrt.o
        38          0          0          0          0         68   f2d.o
       176          0          0          0          0        140   fadd.o
       128          0          0          0          0         88   fdiv.o
       108          0          0          0          0        168   fepilogue.o
        50          0          0          0          0         68   ffixi.o
        10          0          0          0          0         68   ffltui.o
       108          0          0          0          0         76   fmul.o

    ----------------------------------------------------------------------
      8072        340        144         12          0       4536   Library Totals
         8          0          0          0          0          0   (incl. Padding)

    ----------------------------------------------------------------------

      Code (inc. data)   RO Data    RW Data    ZI Data      Debug   Library Name

      3050        212        144          0          0        732   m_ws.l
      2868        124          0         12          0       1768   mc_w.l
      2146          4          0          0          0       2036   mf_w.l

    ----------------------------------------------------------------------
      8072        340        144         12          0       4536   Library Totals

    ----------------------------------------------------------------------

==============================================================================


      Code (inc. data)   RO Data    RW Data    ZI Data      Debug   

     68108       4630        732        240      61224     655141   Grand Totals
     68108       4630        732        240      61224     655141   ELF Image Totals
     68108       4630        732        240          0          0   ROM Totals

==============================================================================

    Total RO  Size (Code + RO Data)                68840 (  67.23kB)
    Total RW  Size (RW Data + ZI Data)             61464 (  60.02kB)
    Total ROM Size (Code + RO Data + RW Data)      69080 (  67.46kB)

==============================================================================

