<html>
<body>
<pre>
<h1>µVision Build Log</h1>
<h2>Project:</h2>
D:\fyl\wp\SSP32\MDK\ssp32.uvproj
Project File Date:  10/31/2017

<h2>Output:</h2>
Build target 'Target 1'
compiling sensors_gpio.c...
linking...
Program Size: Code=47944 RO-data=624 RW-data=424 ZI-data=46728  
"..\OBJ\ssp32.axf" - 0 Error(s), 0 Warning(s).
</pre>
</body>
</html>
e = 0;
..\User\src\main.c: 1 warning, 0 errors
compiling usart.c...
..\User\src\usart.c(121): warning:  #1293-D: assignment in condition
        while( *tmp++ = *src++ ) ;
..\User\src\usart.c: 1 warning, 0 errors
compiling Com4004.c...
..\User\src\Com4004.c(24): warning:  #1293-D: assignment in condition
        while(!(ret=(*(unsigned char *)str2 - *(unsigned char *)str1)&&*str2))
..\User\src\Com4004.c(86): warning:  #177-D: variable "len" was declared but never referenced
        u8 len = 0, cnt = 0;
..\User\src\Com4004.c(86): warning:  #177-D: variable "cnt" was declared but never referenced
        u8 len = 0, cnt = 0;
..\User\src\Com4004.c(107): warning:  #177-D: variable "onejson" was declared but never referenced
        cJSON *root, *tmp, *devjson, *onejson, *newjson;
..\User\src\Com4004.c(107): warning:  #177-D: variable "newjson" was declared but never referenced
        cJSON *root, *tmp, *devjson, *onejson, *newjson;
..\User\src\Com4004.c(108): warning:  #177-D: variable "i" was declared but never referenced
        int i, devsize, ret = RECEIPT_CODE_FAILED;
..\User\src\Com4004.c(108): warning:  #177-D: variable "devsize" was declared but never referenced
        int i, devsize, ret = RECEIPT_CODE_FAILED;
..\User\src\Com4004.c: 7 warnings, 0 errors
compiling timer.c...
compiling Com1010.c...
..\User\src\Com1010.c(1164): warning:  #177-D: variable "i" was declared but never referenced
        u8 i, num, ret = 3;
..\User\src\Com1010.c(1420): warning:  #167-D: argument of type "u8 *" is incompatible with parameter of type "const char *restrict"
                                strcpy(ss.sc[num].deviceid, rev_deviceid);
..\User\src\Com1010.c(1466): warning:  #167-D: argument of type "u8 *" is incompatible with parameter of type "const char *restrict"
                                strcpy(ss.st[num].deviceid, rev_deviceid);
..\User\src\Com1010.c: 3 warnings, 0 errors
compiling list.c...
compiling sensors.c...
compiling sensors_adc.c...
compiling sensors_gpio.c...
compiling sensors_i2c_hal.c...
compiling sensors_sht3x.c...
compiling sensors_timer.c...
compiling sensors_uart.c...
compiling ir.c...
linking...
Program Size: Code=47944 RO-data=624 RW-data=424 ZI-data=46728  
"..\OBJ\ssp32.axf" - 0 Error(s), 12 Warning(s).
