<html>
<body>
<pre>
<h1>µVision Build Log</h1>
<h2>Project:</h2>
E:\ÏîÄ¿ÎÄµµ\Seraph\STM32 Project\SSP3220170601\SSP32\MDK\ssp32.uvproj
Project File Date:  05/31/2017

<h2>Output:</h2>
Rebuild target 'Target 1'
compiling delay.c...
compiling key.c...
compiling led.c...
compiling main.c...
..\User\src\main.c(74): warning:  #223-D: function "sicp_led_cmd" declared implicitly
compiling stm32f10x_it.c...
compiling sys.c...
compiling usart.c...
..\User\src\usart.c(112): warning:  #1293-D: assignment in condition
compiling cJSON.c...
..\User\src\cJSON.c(56): warning:  #1293-D: assignment in condition
..\User\src\cJSON.c(221): warning:  #1293-D: assignment in condition
..\User\src\cJSON.c(338): warning:  #1293-D: assignment in condition
..\User\src\cJSON.c(428): warning:  #1293-D: assignment in condition
compiling malloc.c...
compiling Com4004.c...
..\User\src\Com4004.c(12): warning:  #1293-D: assignment in condition
..\User\src\Com4004.c(63): warning:  #167-D: argument of type "char *" is incompatible with parameter of type "u8 *"
..\User\src\Com4004.c(156): warning:  #167-D: argument of type "u8 *" is incompatible with parameter of type "const char *"
..\User\src\Com4004.c(164): warning:  #167-D: argument of type "u8 *" is incompatible with parameter of type "const char *"
..\User\src\Com4004.c(168): warning:  #167-D: argument of type "u8 *" is incompatible with parameter of type "const char *"
..\User\src\Com4004.c(173): warning:  #167-D: argument of type "u8 *" is incompatible with parameter of type "const char *"
..\User\src\Com4004.c(179): warning:  #167-D: argument of type "u8 *" is incompatible with parameter of type "const char *"
..\User\src\Com4004.c(184): warning:  #167-D: argument of type "u8 *" is incompatible with parameter of type "const char *"
..\User\src\Com4004.c(188): warning:  #167-D: argument of type "u8 *" is incompatible with parameter of type "const char *"
..\User\src\Com4004.c(195): warning:  #167-D: argument of type "u8 *" is incompatible with parameter of type "const char *"
..\User\src\Com4004.c(202): warning:  #167-D: argument of type "u8 *" is incompatible with parameter of type "const char *"
..\User\src\Com4004.c(207): warning:  #167-D: argument of type "u8 *" is incompatible with parameter of type "const char *"
..\User\src\Com4004.c(212): warning:  #167-D: argument of type "u8 *" is incompatible with parameter of type "const char *"
..\User\src\Com4004.c(217): warning:  #167-D: argument of type "u8 *" is incompatible with parameter of type "const char *"
..\User\src\Com4004.c(223): warning:  #167-D: argument of type "u8 *" is incompatible with parameter of type "const char *"
..\User\src\Com4004.c(229): warning:  #167-D: argument of type "u8 *" is incompatible with parameter of type "const char *"
..\User\src\Com4004.c(237): warning:  #167-D: argument of type "u8 *" is incompatible with parameter of type "const char *"
..\User\src\Com4004.c(241): warning:  #167-D: argument of type "u8 *" is incompatible with parameter of type "const char *"
..\User\src\Com4004.c(246): warning:  #167-D: argument of type "u8 *" is incompatible with parameter of type "const char *"
..\User\src\Com4004.c(251): warning:  #167-D: argument of type "u8 *" is incompatible with parameter of type "const char *"
..\User\src\Com4004.c(264): warning:  #167-D: argument of type "u8 *" is incompatible with parameter of type "const char *"
..\User\src\Com4004.c(269): warning:  #167-D: argument of type "u8 *" is incompatible with parameter of type "const char *"
..\User\src\Com4004.c(1161): warning:  #167-D: argument of type "u8 *" is incompatible with parameter of type "const char *"
..\User\src\Com4004.c(1255): warning:  #167-D: argument of type "u8 *" is incompatible with parameter of type "const char *"
..\User\src\Com4004.c(1458): warning:  #167-D: argument of type "u8 *" is incompatible with parameter of type "char *"
..\User\src\Com4004.c(1461): warning:  #167-D: argument of type "u8 *" is incompatible with parameter of type "char *"
..\User\src\Com4004.c(1486): warning:  #167-D: argument of type "u8 *" is incompatible with parameter of type "char *"
..\User\src\Com4004.c(1489): warning:  #167-D: argument of type "u8 *" is incompatible with parameter of type "char *"
..\User\src\Com4004.c(1498): warning:  #167-D: argument of type "u8 *" is incompatible with parameter of type "const char *"
..\User\src\Com4004.c(1506): warning:  #167-D: argument of type "u8 *" is incompatible with parameter of type "const char *"
..\User\src\Com4004.c(1583): warning:  #167-D: argument of type "char *" is incompatible with parameter of type "u8 *"
..\User\src\Com4004.c(1648): warning:  #167-D: argument of type "u8 *" is incompatible with parameter of type "char *"
..\User\src\Com4004.c(1671): warning:  #167-D: argument of type "u8 *" is incompatible with parameter of type "char *"
..\User\src\Com4004.c(1682): warning:  #167-D: argument of type "u8 *" is incompatible with parameter of type "char *"
compiling timer.c...
compiling Com1010.c...
..\User\src\Com1010.c(350): warning:  #167-D: argument of type "u8 *" is incompatible with parameter of type "const char *"
..\User\src\Com1010.c(390): warning:  #167-D: argument of type "u8 *" is incompatible with parameter of type "const char *"
..\User\src\Com1010.c(431): warning:  #167-D: argument of type "u8 *" is incompatible with parameter of type "const char *"
..\User\src\Com1010.c(470): warning:  #167-D: argument of type "u8 *" is incompatible with parameter of type "const char *"
..\User\src\Com1010.c(609): warning:  #167-D: argument of type "u8 *" is incompatible with parameter of type "const char *"
..\User\src\Com1010.c(1333): warning:  #1-D: last line of file ends without a newline
compiling list.c...
compiling misc.c...
compiling stm32f10x_adc.c...
compiling stm32f10x_bkp.c...
compiling stm32f10x_can.c...
compiling stm32f10x_cec.c...
compiling stm32f10x_crc.c...
compiling stm32f10x_dac.c...
compiling stm32f10x_dbgmcu.c...
compiling stm32f10x_dma.c...
compiling stm32f10x_exti.c...
compiling stm32f10x_flash.c...
compiling stm32f10x_fsmc.c...
compiling stm32f10x_gpio.c...
compiling stm32f10x_i2c.c...
compiling stm32f10x_iwdg.c...
compiling stm32f10x_pwr.c...
compiling stm32f10x_rcc.c...
compiling stm32f10x_rtc.c...
compiling stm32f10x_sdio.c...
compiling stm32f10x_spi.c...
compiling stm32f10x_tim.c...
compiling stm32f10x_usart.c...
compiling stm32f10x_wwdg.c...
compiling core_cm3.c...
compiling system_stm32f10x.c...
assembling startup_stm32f10x_hd.s...
linking...
Program Size: Code=52684 RO-data=492 RW-data=164 ZI-data=61124  
"..\OBJ\ssp32.axf" - 0 Errors, 46 Warning(s).
