<html>
<body>
<pre>
<h1>礦ision Build Log</h1>
<h2>Project:</h2>
D:\20170625\SSP32\MDK\ssp32.uvproj
Project File Date:  06/25/2017

<h2>Output:</h2>
Build target 'Target 1'
compiling main.c...
compiling Com1010.c...
..\User\src\Com1010.c(330): warning:  #223-D: function "system_init" declared implicitly
                                system_init();
..\User\src\Com1010.c(371): warning:  #167-D: argument of type "u8 *" is incompatible with parameter of type "const char *"
                                if(strncmp(ss.sc[i].deviceid,rev_deviceid,8)==0){//找到对应device id的sc，说明device info合法
..\User\src\Com1010.c(412): warning:  #167-D: argument of type "u8 *" is incompatible with parameter of type "const char *"
                                        if(strncmp(ss.sc[i].slc[j].deviceid,rev_deviceid,8)==0){//找到对应device id的slc，说明device info合法
..\User\src\Com1010.c(453): warning:  #167-D: argument of type "u8 *" is incompatible with parameter of type "const char *"
                                        if(strncmp(ss.sc[i].spc[j].deviceid,rev_deviceid,8)==0){//找到对应device id的slc，说明device info合法
..\User\src\Com1010.c(492): warning:  #167-D: argument of type "u8 *" is incompatible with parameter of type "const char *"
                                if(strncmp(ss.st[i].deviceid,rev_deviceid,8)==0){//找到对应device id的sc，说明device info合法
..\User\src\Com1010.c: 5 warnings, 0 errors
linking...
Program Size: Code=58984 RO-data=488 RW-data=204 ZI-data=61308  
"..\OBJ\ssp32.axf" - 0 Error(s), 5 Warning(s).
Load "..\\OBJ\\ssp32.axf" 
Set JLink Project File to "D:\20170625\SSP32\MDK\JLinkSettings.ini"
* JLink Info: Device "STM32F103ZE" selected (512 KB flash, 64 KB RAM).
 
JLink info:
------------
DLL: V4.80g, compiled Feb 13 2014 20:50:02
Firmware: J-Link ARM V7 compiled Jun 20 2012 19:45:53
Hardware: V7.00
S/N : 19087980 
Feature(s) : RDI, FlashDL, FlashBP, JFlash, GDBFull 
 
* JLink Info: STM32F1xxx: Can not attach to CPU. Trying connect under reset.
**JLink Warning: RESET (pin 15) high, but should be low. Please check target hardware.
***JLink Error: Supply voltage too low (1 Volt is required, Measured: 0.2 Volt).
Please check target power.
Error: Flash Download failed  -  Target DLL has been cancelled
Load "..\\OBJ\\ssp32.axf" 
Set JLink Project File to "D:\20170625\SSP32\MDK\JLinkSettings.ini"
* JLink Info: Device "STM32F103ZE" selected (512 KB flash, 64 KB RAM).
 
JLink info:
------------
DLL: V4.80g, compiled Feb 13 2014 20:50:02
Firmware: J-Link ARM V7 compiled Jun 20 2012 19:45:53
Hardware: V7.00
S/N : 19087980 
Feature(s) : RDI, FlashDL, FlashBP, JFlash, GDBFull 
 
* JLink Info: TotalIRLen = 9, IRPrint = 0x0011
* JLink Info: TotalIRLen = 9, IRPrint = 0x0011
* JLink Info: Found Cortex-M3 r1p1, Little endian.
* JLink Info: FPUnit: 6 code (BP) slots and 2 literal slots
* JLink Info: TPIU fitted.
* JLink Info: ETM fitted.
ROMTableAddr = 0xE00FF003
 
Target info:
------------
Device: STM32F103ZE
VTarget = 3.339V
State of Pins: 
TCK: 1, TDI: 0, TDO: 1, TMS: 0, TRES: 1, TRST: 1
Hardware-Breakpoints: 6
Software-Breakpoints: 8192
Watchpoints:          4
JTAG speed: 2000 kHz
 
Erase Done.
Programming Done.
Verify OK.
Application running ...
</pre>
</body>
</html>
arameter of type "const char *"
                else if(strncmp(temp_topicbuf,"/data/ir",Rxfr4004.rx_var_header.topic_lengthL) == 0)
..\User\src\Com4004.c(202): warning:  #167-D: argument of type "u8 *" is incompatible with parameter of type "const char *"
                else if(strncmp(temp_topicbuf,"/device/list",Rxfr4004.rx_var_header.topic_lengthL) == 0)
..\User\src\Com4004.c(207): warning:  #167-D: argument of type "u8 *" is incompatible with parameter of type "const char *"
                else if(strncmp(temp_topicbuf,"/config/mesh",Rxfr4004.rx_var_header.topic_lengthL) == 0)
..\User\src\Com4004.c(212): warning:  #167-D: argument of type "u8 *" is incompatible with parameter of type "const char *"
                else if(strncmp(temp_topicbuf,"/config/st",Rxfr4004.rx_var_header.topic_lengthL) == 0)
..\User\src\Com4004.c(217): warning:  #167-D: argument of type "u8 *" is incompatible with parameter of type "const char *"
                else if(strncmp(temp_topicbuf,"/device/status",Rxfr4004.rx_var_header.topic_lengthL) == 0)
..\User\src\Com4004.c(223): warning:  #167-D: argument of type "u8 *" is incompatible with parameter of type "const char *"
                else if(strncmp(temp_topicbuf,"/device/info/ss",Rxfr4004.rx_var_header.topic_lengthL) == 0)
..\User\src\Com4004.c(229): warning:  #167-D: argument of type "u8 *" is incompatible with parameter of type "const char *"
                else if(strncmp(temp_topicbuf,"/config/strategy/hpst",Rxfr4004.rx_var_header.topic_lengthL) == 0)
..\User\src\Com4004.c(237): warning:  #167-D: argument of type "u8 *" is incompatible with parameter of type "const char *"
                if(strncmp(temp_topicbuf,"/actions/refresh",15) == 0)
..\User\src\Com4004.c(241): warning:  #167-D: argument of type "u8 *" is incompatible with parameter of type "const char *"
                else if(strncmp(temp_topicbuf,"/data/sync",10) == 0)
..\User\src\Com4004.c(246): warning:  #167-D: argument of type "u8 *" is incompatible with parameter of type "const char *"
                else if(strncmp(temp_topicbuf,"/config/ss",10) == 0)
..\User\src\Com4004.c(251): warning:  #167-D: argument of type "u8 *" is incompatible with parameter of type "const char *"
                else if(strncmp(temp_topicbuf,"/device/status",14) == 0)
..\User\src\Com4004.c(264): warning:  #167-D: argument of type "u8 *" is incompatible with parameter of type "const char *"
                else if(strncmp(temp_topicbuf,"/alarm",6) == 0)//alarm指令
..\User\src\Com4004.c(269): warning:  #167-D: argument of type "u8 *" is incompatible with parameter of type "const char *"
                else if(strncmp(temp_topicbuf,"/config/strategy/htsp",21) == 0)
..\User\src\Com4004.c(1161): warning:  #167-D: argument of type "u8 *" is incompatible with parameter of type "const char *"
        u8 len = (u8)strlen(buf);
..\User\src\Com4004.c(1256): warning:  #167-D: argument of type "u8 *" is incompatible with parameter of type "const char *"
        buflen = strlen(buf);
..\User\src\Com4004.c(1527): warning:  #167-D: argument of type "u8 *" is incompatible with parameter of type "const char *"
        padload_len = strlen(buf);
..\User\src\Com4004.c(1535): warning:  #167-D: argument of type "u8 *" is incompatible with parameter of type "const char *"
                padload_len += strlen(tx->tx_var_header.topic);
..\User\src\Com4004.c(1612): warning:  #167-D: argument of type "char *" is incompatible with parameter of type "u8 *"
        calc_send_r_length(payload,&Txto4004);
..\User\src\Com4004.c(1677): warning:  #167-D: argument of type "u8 *" is incompatible with parameter of type "char *"
        addNodeToUartTxSLLast(temp_send_buf,txlen);
..\User\src\Com4004.c(1700): warning:  #167-D: argument of type "u8 *" is incompatible with parameter of type "char *"
        addNodeToUartTxSLLast(send_buf,(r_length + 2));
..\User\src\Com4004.c(1711): warning:  #167-D: argument of type "u8 *" is incompatible with parameter of type "char *"
        addNodeToUartTxSLLast(send_buf,2);
..\User\src\Com4004.c: 30 warnings, 0 errors
compiling timer.c...
compiling Com1010.c...
..\User\src\Com1010.c(329): error:  #53: expected a ":"
                        case 0x02;
..\User\src\Com1010.c(333): warning:  #12-D: parsing restarts here after previous syntax error
                        case 0x03:
..\User\src\Com1010.c(334): warning:  #223-D: function "system_init" declared implicitly
                                system_init();
..\User\src\Com1010.c(371): warning:  #167-D: argument of type "u8 *" is incompatible with parameter of type "const char *"
                                if(strncmp(ss.sc[i].deviceid,rev_deviceid,8)==0){//找到对应device id的sc，说明device info合法
..\User\src\Com1010.c(412): warning:  #167-D: argument of type "u8 *" is incompatible with parameter of type "const char *"
                                        if(strncmp(ss.sc[i].slc[j].deviceid,rev_deviceid,8)==0){//找到对应device id的slc，说明device info合法
..\User\src\Com1010.c(453): warning:  #167-D: argument of type "u8 *" is incompatible with parameter of type "const char *"
                                        if(strncmp(ss.sc[i].spc[j].deviceid,rev_deviceid,8)==0){//找到对应device id的slc，说明device info合法
..\User\src\Com1010.c(492): warning:  #167-D: argument of type "u8 *" is incompatible with parameter of type "const char *"
                                if(strncmp(ss.st[i].deviceid,rev_deviceid,8)==0){//找到对应device id的sc，说明device info合法
..\User\src\Com1010.c: 6 warnings, 1 error
compiling list.c...
compiling sensors.c...
compiling sensors_adc.c...
compiling sensors_gpio.c...
compiling sensors_i2c_hal.c...
compiling sensors_sht3x.c...
compiling sensors_timer.c...
compiling sensors_uart.c...
compiling misc.c...
compiling stm32f10x_adc.c...
compiling stm32f10x_bkp.c...
compiling stm32f10x_can.c...
compiling stm32f10x_cec.c...
compiling stm32f10x_crc.c...
compiling stm32f10x_dac.c...
compiling stm32f10x_dbgmcu.c...
compiling stm32f10x_dma.c...
compiling stm32f10x_exti.c...
compiling stm32f10x_flash.c...
compiling stm32f10x_fsmc.c...
compiling stm32f10x_gpio.c...
compiling stm32f10x_i2c.c...
compiling stm32f10x_iwdg.c...
compiling stm32f10x_pwr.c...
compiling stm32f10x_rcc.c...
compiling stm32f10x_rtc.c...
compiling stm32f10x_sdio.c...
compiling stm32f10x_spi.c...
compiling stm32f10x_tim.c...
compiling stm32f10x_usart.c...
compiling stm32f10x_wwdg.c...
compiling core_cm3.c...
compiling system_stm32f10x.c...
assembling startup_stm32f10x_hd.s...
"..\OBJ\ssp32.axf" - 1 Error(s), 41 Warning(s).
Target not created
